
=== [1/12] KdV_HighNonlinear_Steady1D on cuda ===
KdV_HighNonlinear_Steady1D/FNO epoch 0001/1200 train=5.290e-01 val=6.185e-01 rel=9.642e-01
KdV_HighNonlinear_Steady1D/FNO epoch 0100/1200 train=1.263e-01 val=1.147e-01 rel=4.211e-01
KdV_HighNonlinear_Steady1D/FNO epoch 0200/1200 train=6.683e-02 val=1.024e-01 rel=3.984e-01
KdV_HighNonlinear_Steady1D/FNO epoch 0300/1200 train=3.914e-02 val=1.176e-01 rel=4.149e-01
KdV_HighNonlinear_Steady1D/FNO epoch 0400/1200 train=2.660e-02 val=1.277e-01 rel=4.293e-01
KdV_HighNonlinear_Steady1D/FNO epoch 0500/1200 train=2.081e-02 val=1.360e-01 rel=4.424e-01
KdV_HighNonlinear_Steady1D/FNO epoch 0600/1200 train=1.805e-02 val=1.446e-01 rel=4.562e-01
KdV_HighNonlinear_Steady1D/FNO epoch 0700/1200 train=1.591e-02 val=1.494e-01 rel=4.620e-01
KdV_HighNonlinear_Steady1D/FNO epoch 0800/1200 train=1.482e-02 val=1.541e-01 rel=4.690e-01
KdV_HighNonlinear_Steady1D/FNO epoch 0900/1200 train=1.402e-02 val=1.558e-01 rel=4.709e-01
KdV_HighNonlinear_Steady1D/FNO epoch 1000/1200 train=1.356e-02 val=1.566e-01 rel=4.716e-01
KdV_HighNonlinear_Steady1D/FNO epoch 1100/1200 train=1.330e-02 val=1.573e-01 rel=4.723e-01
KdV_HighNonlinear_Steady1D/FNO epoch 1200/1200 train=1.313e-02 val=1.579e-01 rel=4.730e-01
KdV_HighNonlinear_Steady1D/CFNO epoch 0001/1200 train=5.306e-01 val=6.230e-01 rel=9.674e-01
KdV_HighNonlinear_Steady1D/CFNO epoch 0100/1200 train=7.109e-02 val=1.165e-01 rel=4.168e-01
KdV_HighNonlinear_Steady1D/CFNO epoch 0200/1200 train=2.471e-02 val=1.694e-01 rel=4.623e-01
KdV_HighNonlinear_Steady1D/CFNO epoch 0300/1200 train=1.379e-02 val=2.217e-01 rel=5.215e-01
KdV_HighNonlinear_Steady1D/CFNO epoch 0400/1200 train=8.469e-03 val=2.531e-01 rel=5.609e-01
KdV_HighNonlinear_Steady1D/CFNO epoch 0500/1200 train=5.872e-03 val=2.734e-01 rel=5.866e-01
KdV_HighNonlinear_Steady1D/CFNO epoch 0600/1200 train=4.761e-03 val=2.847e-01 rel=6.033e-01
KdV_HighNonlinear_Steady1D/CFNO epoch 0700/1200 train=3.629e-03 val=2.950e-01 rel=6.153e-01
KdV_HighNonlinear_Steady1D/CFNO epoch 0800/1200 train=3.160e-03 val=3.013e-01 rel=6.220e-01
KdV_HighNonlinear_Steady1D/CFNO epoch 0900/1200 train=2.811e-03 val=3.074e-01 rel=6.280e-01
KdV_HighNonlinear_Steady1D/CFNO epoch 1000/1200 train=2.626e-03 val=3.098e-01 rel=6.311e-01
KdV_HighNonlinear_Steady1D/CFNO epoch 1100/1200 train=2.516e-03 val=3.129e-01 rel=6.340e-01
KdV_HighNonlinear_Steady1D/CFNO epoch 1200/1200 train=2.448e-03 val=3.140e-01 rel=6.353e-01
KdV_HighNonlinear_Steady1D/HF_FNO epoch 0001/1200 train=5.423e-01 val=6.322e-01 rel=9.752e-01
KdV_HighNonlinear_Steady1D/HF_FNO epoch 0100/1200 train=1.602e-01 val=1.427e-01 rel=4.732e-01
KdV_HighNonlinear_Steady1D/HF_FNO epoch 0200/1200 train=7.630e-02 val=1.383e-01 rel=4.678e-01
KdV_HighNonlinear_Steady1D/HF_FNO epoch 0300/1200 train=3.355e-02 val=1.455e-01 rel=4.644e-01
KdV_HighNonlinear_Steady1D/HF_FNO epoch 0400/1200 train=1.699e-02 val=1.601e-01 rel=4.729e-01
KdV_HighNonlinear_Steady1D/HF_FNO epoch 0500/1200 train=1.058e-02 val=1.754e-01 rel=4.911e-01
KdV_HighNonlinear_Steady1D/HF_FNO epoch 0600/1200 train=7.584e-03 val=1.818e-01 rel=4.992e-01
KdV_HighNonlinear_Steady1D/HF_FNO epoch 0700/1200 train=6.069e-03 val=1.844e-01 rel=5.021e-01
KdV_HighNonlinear_Steady1D/HF_FNO epoch 0800/1200 train=5.201e-03 val=1.872e-01 rel=5.055e-01
KdV_HighNonlinear_Steady1D/HF_FNO epoch 0900/1200 train=4.680e-03 val=1.881e-01 rel=5.060e-01
KdV_HighNonlinear_Steady1D/HF_FNO epoch 1000/1200 train=4.385e-03 val=1.889e-01 rel=5.067e-01
KdV_HighNonlinear_Steady1D/HF_FNO epoch 1100/1200 train=4.216e-03 val=1.895e-01 rel=5.074e-01
KdV_HighNonlinear_Steady1D/HF_FNO epoch 1200/1200 train=4.112e-03 val=1.897e-01 rel=5.076e-01
KdV_HighNonlinear_Steady1D/HF_CFNO epoch 0001/1200 train=5.348e-01 val=6.264e-01 rel=9.703e-01
KdV_HighNonlinear_Steady1D/HF_CFNO epoch 0100/1200 train=1.291e-01 val=1.215e-01 rel=4.392e-01
KdV_HighNonlinear_Steady1D/HF_CFNO epoch 0200/1200 train=6.330e-02 val=9.084e-02 rel=3.792e-01
KdV_HighNonlinear_Steady1D/HF_CFNO epoch 0300/1200 train=2.635e-02 val=1.366e-01 rel=4.320e-01
KdV_HighNonlinear_Steady1D/HF_CFNO epoch 0400/1200 train=1.740e-02 val=1.766e-01 rel=4.819e-01
KdV_HighNonlinear_Steady1D/HF_CFNO epoch 0500/1200 train=6.225e-03 val=1.905e-01 rel=5.057e-01
KdV_HighNonlinear_Steady1D/HF_CFNO epoch 0600/1200 train=4.048e-03 val=1.938e-01 rel=5.131e-01
KdV_HighNonlinear_Steady1D/HF_CFNO epoch 0700/1200 train=2.505e-03 val=1.994e-01 rel=5.242e-01
KdV_HighNonlinear_Steady1D/HF_CFNO epoch 0800/1200 train=1.885e-03 val=1.993e-01 rel=5.251e-01
KdV_HighNonlinear_Steady1D/HF_CFNO epoch 0900/1200 train=1.536e-03 val=2.018e-01 rel=5.294e-01
KdV_HighNonlinear_Steady1D/HF_CFNO epoch 1000/1200 train=1.363e-03 val=2.030e-01 rel=5.313e-01
KdV_HighNonlinear_Steady1D/HF_CFNO epoch 1100/1200 train=1.274e-03 val=2.036e-01 rel=5.322e-01
KdV_HighNonlinear_Steady1D/HF_CFNO epoch 1200/1200 train=1.218e-03 val=2.042e-01 rel=5.332e-01

=== [2/12] KdV_HighNonlinear_Steady2D on cuda ===
KdV_HighNonlinear_Steady2D/FNO epoch 0001/1200 train=2.318e-01 val=1.793e-01 rel=8.884e-01
KdV_HighNonlinear_Steady2D/FNO epoch 0100/1200 train=5.261e-02 val=7.039e-02 rel=5.556e-01
KdV_HighNonlinear_Steady2D/FNO epoch 0200/1200 train=3.359e-02 val=7.807e-02 rel=5.840e-01
KdV_HighNonlinear_Steady2D/FNO epoch 0300/1200 train=2.736e-02 val=8.116e-02 rel=5.969e-01
KdV_HighNonlinear_Steady2D/FNO epoch 0400/1200 train=2.478e-02 val=8.190e-02 rel=6.007e-01
KdV_HighNonlinear_Steady2D/FNO epoch 0500/1200 train=2.294e-02 val=8.275e-02 rel=6.042e-01
KdV_HighNonlinear_Steady2D/FNO epoch 0600/1200 train=2.176e-02 val=8.386e-02 rel=6.089e-01
KdV_HighNonlinear_Steady2D/FNO epoch 0700/1200 train=2.101e-02 val=8.475e-02 rel=6.124e-01
KdV_HighNonlinear_Steady2D/FNO epoch 0800/1200 train=2.048e-02 val=8.573e-02 rel=6.160e-01
KdV_HighNonlinear_Steady2D/FNO epoch 0900/1200 train=2.013e-02 val=8.624e-02 rel=6.177e-01
KdV_HighNonlinear_Steady2D/FNO epoch 1000/1200 train=1.989e-02 val=8.653e-02 rel=6.186e-01
KdV_HighNonlinear_Steady2D/FNO epoch 1100/1200 train=1.977e-02 val=8.672e-02 rel=6.192e-01
KdV_HighNonlinear_Steady2D/FNO epoch 1200/1200 train=1.969e-02 val=8.677e-02 rel=6.193e-01
KdV_HighNonlinear_Steady2D/CFNO epoch 0001/1200 train=2.317e-01 val=1.799e-01 rel=8.898e-01
KdV_HighNonlinear_Steady2D/CFNO epoch 0100/1200 train=1.953e-02 val=5.926e-02 rel=5.090e-01
KdV_HighNonlinear_Steady2D/CFNO epoch 0200/1200 train=3.847e-03 val=3.388e-02 rel=3.777e-01
KdV_HighNonlinear_Steady2D/CFNO epoch 0300/1200 train=1.860e-03 val=3.140e-02 rel=3.623e-01
KdV_HighNonlinear_Steady2D/CFNO epoch 0400/1200 train=1.097e-03 val=3.092e-02 rel=3.576e-01
KdV_HighNonlinear_Steady2D/CFNO epoch 0500/1200 train=7.955e-04 val=3.098e-02 rel=3.571e-01
KdV_HighNonlinear_Steady2D/CFNO epoch 0600/1200 train=6.016e-04 val=3.114e-02 rel=3.571e-01
KdV_HighNonlinear_Steady2D/CFNO epoch 0700/1200 train=4.901e-04 val=3.125e-02 rel=3.574e-01
KdV_HighNonlinear_Steady2D/CFNO epoch 0800/1200 train=4.277e-04 val=3.128e-02 rel=3.574e-01
KdV_HighNonlinear_Steady2D/CFNO epoch 0900/1200 train=3.890e-04 val=3.136e-02 rel=3.577e-01
KdV_HighNonlinear_Steady2D/CFNO epoch 1000/1200 train=3.654e-04 val=3.140e-02 rel=3.579e-01
KdV_HighNonlinear_Steady2D/CFNO epoch 1100/1200 train=3.517e-04 val=3.143e-02 rel=3.580e-01
KdV_HighNonlinear_Steady2D/CFNO epoch 1200/1200 train=3.428e-04 val=3.144e-02 rel=3.580e-01
KdV_HighNonlinear_Steady2D/HF_FNO epoch 0001/1200 train=2.346e-01 val=1.819e-01 rel=8.952e-01
KdV_HighNonlinear_Steady2D/HF_FNO epoch 0100/1200 train=3.608e-02 val=4.005e-02 rel=4.113e-01
KdV_HighNonlinear_Steady2D/HF_FNO epoch 0200/1200 train=1.181e-02 val=2.552e-02 rel=3.214e-01
KdV_HighNonlinear_Steady2D/HF_FNO epoch 0300/1200 train=6.410e-03 val=2.452e-02 rel=3.150e-01
KdV_HighNonlinear_Steady2D/HF_FNO epoch 0400/1200 train=4.269e-03 val=2.428e-02 rel=3.121e-01
KdV_HighNonlinear_Steady2D/HF_FNO epoch 0500/1200 train=3.195e-03 val=2.435e-02 rel=3.119e-01
KdV_HighNonlinear_Steady2D/HF_FNO epoch 0600/1200 train=2.579e-03 val=2.464e-02 rel=3.137e-01
KdV_HighNonlinear_Steady2D/HF_FNO epoch 0700/1200 train=2.200e-03 val=2.490e-02 rel=3.154e-01
KdV_HighNonlinear_Steady2D/HF_FNO epoch 0800/1200 train=1.962e-03 val=2.509e-02 rel=3.167e-01
KdV_HighNonlinear_Steady2D/HF_FNO epoch 0900/1200 train=1.812e-03 val=2.521e-02 rel=3.175e-01
KdV_HighNonlinear_Steady2D/HF_FNO epoch 1000/1200 train=1.719e-03 val=2.529e-02 rel=3.181e-01
KdV_HighNonlinear_Steady2D/HF_FNO epoch 1100/1200 train=1.665e-03 val=2.534e-02 rel=3.183e-01
KdV_HighNonlinear_Steady2D/HF_FNO epoch 1200/1200 train=1.629e-03 val=2.536e-02 rel=3.185e-01
KdV_HighNonlinear_Steady2D/HF_CFNO epoch 0001/1200 train=2.403e-01 val=1.858e-01 rel=9.057e-01
KdV_HighNonlinear_Steady2D/HF_CFNO epoch 0100/1200 train=3.445e-02 val=4.193e-02 rel=4.237e-01
KdV_HighNonlinear_Steady2D/HF_CFNO epoch 0200/1200 train=1.043e-02 val=2.815e-02 rel=3.418e-01
KdV_HighNonlinear_Steady2D/HF_CFNO epoch 0300/1200 train=5.274e-03 val=2.579e-02 rel=3.249e-01
KdV_HighNonlinear_Steady2D/HF_CFNO epoch 0400/1200 train=3.405e-03 val=2.489e-02 rel=3.193e-01
KdV_HighNonlinear_Steady2D/HF_CFNO epoch 0500/1200 train=2.534e-03 val=2.465e-02 rel=3.185e-01
KdV_HighNonlinear_Steady2D/HF_CFNO epoch 0600/1200 train=2.033e-03 val=2.455e-02 rel=3.185e-01
KdV_HighNonlinear_Steady2D/HF_CFNO epoch 0700/1200 train=1.727e-03 val=2.451e-02 rel=3.187e-01
KdV_HighNonlinear_Steady2D/HF_CFNO epoch 0800/1200 train=1.543e-03 val=2.448e-02 rel=3.190e-01
KdV_HighNonlinear_Steady2D/HF_CFNO epoch 0900/1200 train=1.418e-03 val=2.446e-02 rel=3.191e-01
KdV_HighNonlinear_Steady2D/HF_CFNO epoch 1000/1200 train=1.344e-03 val=2.444e-02 rel=3.191e-01
KdV_HighNonlinear_Steady2D/HF_CFNO epoch 1100/1200 train=1.300e-03 val=2.443e-02 rel=3.192e-01
KdV_HighNonlinear_Steady2D/HF_CFNO epoch 1200/1200 train=1.271e-03 val=2.443e-02 rel=3.192e-01

=== [3/12] KdV_HighNonlinear_Transient1D on cuda ===
KdV_HighNonlinear_Transient1D/FNO epoch 0001/1200 train=3.158e-01 val=2.865e-01 rel=1.164e+00
KdV_HighNonlinear_Transient1D/FNO epoch 0100/1200 train=5.788e-02 val=5.921e-02 rel=5.216e-01
KdV_HighNonlinear_Transient1D/FNO epoch 0200/1200 train=2.171e-02 val=2.611e-02 rel=3.461e-01
KdV_HighNonlinear_Transient1D/FNO epoch 0300/1200 train=1.326e-02 val=1.857e-02 rel=2.900e-01
KdV_HighNonlinear_Transient1D/FNO epoch 0400/1200 train=1.140e-02 val=1.774e-02 rel=2.841e-01
KdV_HighNonlinear_Transient1D/FNO epoch 0500/1200 train=8.816e-03 val=1.475e-02 rel=2.582e-01
KdV_HighNonlinear_Transient1D/FNO epoch 0600/1200 train=7.706e-03 val=1.369e-02 rel=2.493e-01
KdV_HighNonlinear_Transient1D/FNO epoch 0700/1200 train=7.011e-03 val=1.300e-02 rel=2.432e-01
KdV_HighNonlinear_Transient1D/FNO epoch 0800/1200 train=6.570e-03 val=1.258e-02 rel=2.396e-01
KdV_HighNonlinear_Transient1D/FNO epoch 0900/1200 train=6.305e-03 val=1.223e-02 rel=2.364e-01
KdV_HighNonlinear_Transient1D/FNO epoch 1000/1200 train=6.142e-03 val=1.207e-02 rel=2.350e-01
KdV_HighNonlinear_Transient1D/FNO epoch 1100/1200 train=6.042e-03 val=1.196e-02 rel=2.340e-01
KdV_HighNonlinear_Transient1D/FNO epoch 1200/1200 train=5.982e-03 val=1.187e-02 rel=2.332e-01
KdV_HighNonlinear_Transient1D/CFNO epoch 0001/1200 train=3.162e-01 val=2.874e-01 rel=1.166e+00
KdV_HighNonlinear_Transient1D/CFNO epoch 0100/1200 train=3.036e-02 val=3.985e-02 rel=4.180e-01
KdV_HighNonlinear_Transient1D/CFNO epoch 0200/1200 train=1.143e-02 val=2.642e-02 rel=3.349e-01
KdV_HighNonlinear_Transient1D/CFNO epoch 0300/1200 train=6.081e-03 val=2.211e-02 rel=3.098e-01
KdV_HighNonlinear_Transient1D/CFNO epoch 0400/1200 train=3.895e-03 val=2.068e-02 rel=3.007e-01
KdV_HighNonlinear_Transient1D/CFNO epoch 0500/1200 train=2.954e-03 val=1.987e-02 rel=2.940e-01
KdV_HighNonlinear_Transient1D/CFNO epoch 0600/1200 train=2.299e-03 val=1.962e-02 rel=2.919e-01
KdV_HighNonlinear_Transient1D/CFNO epoch 0700/1200 train=1.948e-03 val=1.942e-02 rel=2.903e-01
KdV_HighNonlinear_Transient1D/CFNO epoch 0800/1200 train=1.739e-03 val=1.936e-02 rel=2.896e-01
KdV_HighNonlinear_Transient1D/CFNO epoch 0900/1200 train=1.604e-03 val=1.934e-02 rel=2.894e-01
KdV_HighNonlinear_Transient1D/CFNO epoch 1000/1200 train=1.526e-03 val=1.933e-02 rel=2.893e-01
KdV_HighNonlinear_Transient1D/CFNO epoch 1100/1200 train=1.479e-03 val=1.936e-02 rel=2.895e-01
KdV_HighNonlinear_Transient1D/CFNO epoch 1200/1200 train=1.450e-03 val=1.935e-02 rel=2.895e-01
KdV_HighNonlinear_Transient1D/HF_FNO epoch 0001/1200 train=3.173e-01 val=2.890e-01 rel=1.169e+00
KdV_HighNonlinear_Transient1D/HF_FNO epoch 0100/1200 train=2.778e-02 val=2.323e-02 rel=3.303e-01
KdV_HighNonlinear_Transient1D/HF_FNO epoch 0200/1200 train=7.437e-03 val=8.143e-03 rel=1.974e-01
KdV_HighNonlinear_Transient1D/HF_FNO epoch 0300/1200 train=3.174e-03 val=4.622e-03 rel=1.487e-01
KdV_HighNonlinear_Transient1D/HF_FNO epoch 0400/1200 train=1.809e-03 val=3.448e-03 rel=1.275e-01
KdV_HighNonlinear_Transient1D/HF_FNO epoch 0500/1200 train=1.259e-03 val=2.942e-03 rel=1.170e-01
KdV_HighNonlinear_Transient1D/HF_FNO epoch 0600/1200 train=9.477e-04 val=2.634e-03 rel=1.104e-01
KdV_HighNonlinear_Transient1D/HF_FNO epoch 0700/1200 train=7.877e-04 val=2.432e-03 rel=1.060e-01
KdV_HighNonlinear_Transient1D/HF_FNO epoch 0800/1200 train=6.808e-04 val=2.298e-03 rel=1.030e-01
KdV_HighNonlinear_Transient1D/HF_FNO epoch 0900/1200 train=6.184e-04 val=2.197e-03 rel=1.006e-01
KdV_HighNonlinear_Transient1D/HF_FNO epoch 1000/1200 train=5.807e-04 val=2.141e-03 rel=9.922e-02
KdV_HighNonlinear_Transient1D/HF_FNO epoch 1100/1200 train=5.592e-04 val=2.108e-03 rel=9.849e-02
KdV_HighNonlinear_Transient1D/HF_FNO epoch 1200/1200 train=5.459e-04 val=2.086e-03 rel=9.797e-02
KdV_HighNonlinear_Transient1D/HF_CFNO epoch 0001/1200 train=3.190e-01 val=2.903e-01 rel=1.172e+00
KdV_HighNonlinear_Transient1D/HF_CFNO epoch 0100/1200 train=2.527e-02 val=2.459e-02 rel=3.407e-01
KdV_HighNonlinear_Transient1D/HF_CFNO epoch 0200/1200 train=9.099e-03 val=1.157e-02 rel=2.335e-01
KdV_HighNonlinear_Transient1D/HF_CFNO epoch 0300/1200 train=5.013e-03 val=9.340e-03 rel=2.119e-01
KdV_HighNonlinear_Transient1D/HF_CFNO epoch 0400/1200 train=3.444e-03 val=7.096e-03 rel=1.842e-01
KdV_HighNonlinear_Transient1D/HF_CFNO epoch 0500/1200 train=2.658e-03 val=6.439e-03 rel=1.755e-01
KdV_HighNonlinear_Transient1D/HF_CFNO epoch 0600/1200 train=2.034e-03 val=5.821e-03 rel=1.664e-01
KdV_HighNonlinear_Transient1D/HF_CFNO epoch 0700/1200 train=1.773e-03 val=5.490e-03 rel=1.611e-01
KdV_HighNonlinear_Transient1D/HF_CFNO epoch 0800/1200 train=1.534e-03 val=5.316e-03 rel=1.582e-01
KdV_HighNonlinear_Transient1D/HF_CFNO epoch 0900/1200 train=1.398e-03 val=5.164e-03 rel=1.558e-01
KdV_HighNonlinear_Transient1D/HF_CFNO epoch 1000/1200 train=1.315e-03 val=5.068e-03 rel=1.541e-01
KdV_HighNonlinear_Transient1D/HF_CFNO epoch 1100/1200 train=1.269e-03 val=5.017e-03 rel=1.533e-01
KdV_HighNonlinear_Transient1D/HF_CFNO epoch 1200/1200 train=1.239e-03 val=4.981e-03 rel=1.527e-01

=== [4/12] AllenCahn_HighNonlinear_Steady1D on cuda ===
AllenCahn_HighNonlinear_Steady1D/FNO epoch 0001/1200 train=5.842e-01 val=5.156e-01 rel=9.920e-01
AllenCahn_HighNonlinear_Steady1D/FNO epoch 0100/1200 train=2.665e-01 val=3.112e-01 rel=7.897e-01
AllenCahn_HighNonlinear_Steady1D/FNO epoch 0200/1200 train=1.599e-01 val=2.488e-01 rel=7.006e-01
AllenCahn_HighNonlinear_Steady1D/FNO epoch 0300/1200 train=1.294e-01 val=2.593e-01 rel=7.138e-01
AllenCahn_HighNonlinear_Steady1D/FNO epoch 0400/1200 train=1.142e-01 val=2.699e-01 rel=7.252e-01
AllenCahn_HighNonlinear_Steady1D/FNO epoch 0500/1200 train=1.019e-01 val=2.863e-01 rel=7.478e-01
AllenCahn_HighNonlinear_Steady1D/FNO epoch 0600/1200 train=9.400e-02 val=2.991e-01 rel=7.641e-01
AllenCahn_HighNonlinear_Steady1D/FNO epoch 0700/1200 train=8.735e-02 val=3.092e-01 rel=7.759e-01
AllenCahn_HighNonlinear_Steady1D/FNO epoch 0800/1200 train=8.378e-02 val=3.139e-01 rel=7.815e-01
AllenCahn_HighNonlinear_Steady1D/FNO epoch 0900/1200 train=7.946e-02 val=3.211e-01 rel=7.897e-01
AllenCahn_HighNonlinear_Steady1D/FNO epoch 1000/1200 train=7.688e-02 val=3.256e-01 rel=7.943e-01
AllenCahn_HighNonlinear_Steady1D/FNO epoch 1100/1200 train=7.560e-02 val=3.285e-01 rel=7.976e-01
AllenCahn_HighNonlinear_Steady1D/FNO epoch 1200/1200 train=7.474e-02 val=3.305e-01 rel=7.996e-01
AllenCahn_HighNonlinear_Steady1D/CFNO epoch 0001/1200 train=5.901e-01 val=5.210e-01 rel=9.963e-01
AllenCahn_HighNonlinear_Steady1D/CFNO epoch 0100/1200 train=2.233e-01 val=3.526e-01 rel=8.344e-01
AllenCahn_HighNonlinear_Steady1D/CFNO epoch 0200/1200 train=1.150e-01 val=4.654e-01 rel=9.254e-01
AllenCahn_HighNonlinear_Steady1D/CFNO epoch 0300/1200 train=7.832e-02 val=6.192e-01 rel=1.047e+00
AllenCahn_HighNonlinear_Steady1D/CFNO epoch 0400/1200 train=6.070e-02 val=7.641e-01 rel=1.154e+00
AllenCahn_HighNonlinear_Steady1D/CFNO epoch 0500/1200 train=4.689e-02 val=8.594e-01 rel=1.219e+00
AllenCahn_HighNonlinear_Steady1D/CFNO epoch 0600/1200 train=3.847e-02 val=9.660e-01 rel=1.291e+00
AllenCahn_HighNonlinear_Steady1D/CFNO epoch 0700/1200 train=2.963e-02 val=1.058e+00 rel=1.349e+00
AllenCahn_HighNonlinear_Steady1D/CFNO epoch 0800/1200 train=2.553e-02 val=1.137e+00 rel=1.395e+00
AllenCahn_HighNonlinear_Steady1D/CFNO epoch 0900/1200 train=2.289e-02 val=1.192e+00 rel=1.426e+00
AllenCahn_HighNonlinear_Steady1D/CFNO epoch 1000/1200 train=2.124e-02 val=1.230e+00 rel=1.448e+00
AllenCahn_HighNonlinear_Steady1D/CFNO epoch 1100/1200 train=2.027e-02 val=1.255e+00 rel=1.462e+00
AllenCahn_HighNonlinear_Steady1D/CFNO epoch 1200/1200 train=1.967e-02 val=1.269e+00 rel=1.470e+00
AllenCahn_HighNonlinear_Steady1D/HF_FNO epoch 0001/1200 train=5.952e-01 val=5.262e-01 rel=1.001e+00
AllenCahn_HighNonlinear_Steady1D/HF_FNO epoch 0100/1200 train=3.216e-01 val=3.539e-01 rel=8.412e-01
AllenCahn_HighNonlinear_Steady1D/HF_FNO epoch 0200/1200 train=2.611e-01 val=4.021e-01 rel=8.921e-01
AllenCahn_HighNonlinear_Steady1D/HF_FNO epoch 0300/1200 train=1.707e-01 val=5.696e-01 rel=1.043e+00
AllenCahn_HighNonlinear_Steady1D/HF_FNO epoch 0400/1200 train=9.964e-02 val=7.803e-01 rel=1.186e+00
AllenCahn_HighNonlinear_Steady1D/HF_FNO epoch 0500/1200 train=5.776e-02 val=1.021e+00 rel=1.324e+00
AllenCahn_HighNonlinear_Steady1D/HF_FNO epoch 0600/1200 train=3.672e-02 val=1.116e+00 rel=1.382e+00
AllenCahn_HighNonlinear_Steady1D/HF_FNO epoch 0700/1200 train=2.614e-02 val=1.183e+00 rel=1.424e+00
AllenCahn_HighNonlinear_Steady1D/HF_FNO epoch 0800/1200 train=1.997e-02 val=1.212e+00 rel=1.444e+00
AllenCahn_HighNonlinear_Steady1D/HF_FNO epoch 0900/1200 train=1.676e-02 val=1.236e+00 rel=1.458e+00
AllenCahn_HighNonlinear_Steady1D/HF_FNO epoch 1000/1200 train=1.502e-02 val=1.252e+00 rel=1.468e+00
AllenCahn_HighNonlinear_Steady1D/HF_FNO epoch 1100/1200 train=1.406e-02 val=1.261e+00 rel=1.473e+00
AllenCahn_HighNonlinear_Steady1D/HF_FNO epoch 1200/1200 train=1.348e-02 val=1.267e+00 rel=1.476e+00
AllenCahn_HighNonlinear_Steady1D/HF_CFNO epoch 0001/1200 train=5.885e-01 val=5.220e-01 rel=9.970e-01
AllenCahn_HighNonlinear_Steady1D/HF_CFNO epoch 0100/1200 train=2.839e-01 val=3.720e-01 rel=8.661e-01
AllenCahn_HighNonlinear_Steady1D/HF_CFNO epoch 0200/1200 train=1.614e-01 val=5.245e-01 rel=1.004e+00
AllenCahn_HighNonlinear_Steady1D/HF_CFNO epoch 0300/1200 train=4.774e-02 val=8.930e-01 rel=1.259e+00
AllenCahn_HighNonlinear_Steady1D/HF_CFNO epoch 0400/1200 train=2.139e-02 val=1.038e+00 rel=1.368e+00
AllenCahn_HighNonlinear_Steady1D/HF_CFNO epoch 0500/1200 train=1.347e-02 val=1.095e+00 rel=1.411e+00
AllenCahn_HighNonlinear_Steady1D/HF_CFNO epoch 0600/1200 train=8.695e-03 val=1.145e+00 rel=1.445e+00
AllenCahn_HighNonlinear_Steady1D/HF_CFNO epoch 0700/1200 train=6.627e-03 val=1.165e+00 rel=1.459e+00
AllenCahn_HighNonlinear_Steady1D/HF_CFNO epoch 0800/1200 train=5.388e-03 val=1.174e+00 rel=1.466e+00
AllenCahn_HighNonlinear_Steady1D/HF_CFNO epoch 0900/1200 train=4.693e-03 val=1.177e+00 rel=1.470e+00
AllenCahn_HighNonlinear_Steady1D/HF_CFNO epoch 1000/1200 train=4.287e-03 val=1.180e+00 rel=1.472e+00
AllenCahn_HighNonlinear_Steady1D/HF_CFNO epoch 1100/1200 train=4.062e-03 val=1.180e+00 rel=1.473e+00
AllenCahn_HighNonlinear_Steady1D/HF_CFNO epoch 1200/1200 train=3.934e-03 val=1.181e+00 rel=1.474e+00

=== [5/12] AllenCahn_HighNonlinear_Steady2D on cuda ===
AllenCahn_HighNonlinear_Steady2D/FNO epoch 0001/1200 train=1.980e-01 val=1.907e-01 rel=9.257e-01
AllenCahn_HighNonlinear_Steady2D/FNO epoch 0100/1200 train=7.664e-02 val=1.374e-01 rel=7.489e-01
AllenCahn_HighNonlinear_Steady2D/FNO epoch 0200/1200 train=5.129e-02 val=1.483e-01 rel=7.698e-01
AllenCahn_HighNonlinear_Steady2D/FNO epoch 0300/1200 train=4.498e-02 val=1.650e-01 rel=8.032e-01
AllenCahn_HighNonlinear_Steady2D/FNO epoch 0400/1200 train=4.097e-02 val=1.854e-01 rel=8.438e-01
AllenCahn_HighNonlinear_Steady2D/FNO epoch 0500/1200 train=3.880e-02 val=2.009e-01 rel=8.703e-01
AllenCahn_HighNonlinear_Steady2D/FNO epoch 0600/1200 train=3.771e-02 val=2.109e-01 rel=8.871e-01
AllenCahn_HighNonlinear_Steady2D/FNO epoch 0700/1200 train=3.671e-02 val=2.149e-01 rel=8.945e-01
AllenCahn_HighNonlinear_Steady2D/FNO epoch 0800/1200 train=3.607e-02 val=2.236e-01 rel=9.093e-01
AllenCahn_HighNonlinear_Steady2D/FNO epoch 0900/1200 train=3.566e-02 val=2.271e-01 rel=9.151e-01
AllenCahn_HighNonlinear_Steady2D/FNO epoch 1000/1200 train=3.540e-02 val=2.304e-01 rel=9.202e-01
AllenCahn_HighNonlinear_Steady2D/FNO epoch 1100/1200 train=3.526e-02 val=2.320e-01 rel=9.227e-01
AllenCahn_HighNonlinear_Steady2D/FNO epoch 1200/1200 train=3.517e-02 val=2.333e-01 rel=9.245e-01
AllenCahn_HighNonlinear_Steady2D/CFNO epoch 0001/1200 train=2.012e-01 val=1.924e-01 rel=9.305e-01
AllenCahn_HighNonlinear_Steady2D/CFNO epoch 0100/1200 train=2.987e-02 val=2.895e-01 rel=1.051e+00
AllenCahn_HighNonlinear_Steady2D/CFNO epoch 0200/1200 train=1.061e-02 val=5.152e-01 rel=1.368e+00
AllenCahn_HighNonlinear_Steady2D/CFNO epoch 0300/1200 train=5.243e-03 val=6.060e-01 rel=1.460e+00
AllenCahn_HighNonlinear_Steady2D/CFNO epoch 0400/1200 train=2.899e-03 val=7.206e-01 rel=1.569e+00
AllenCahn_HighNonlinear_Steady2D/CFNO epoch 0500/1200 train=2.221e-03 val=7.330e-01 rel=1.574e+00
AllenCahn_HighNonlinear_Steady2D/CFNO epoch 0600/1200 train=1.494e-03 val=7.868e-01 rel=1.620e+00
AllenCahn_HighNonlinear_Steady2D/CFNO epoch 0700/1200 train=1.238e-03 val=8.080e-01 rel=1.636e+00
AllenCahn_HighNonlinear_Steady2D/CFNO epoch 0800/1200 train=1.072e-03 val=8.210e-01 rel=1.645e+00
AllenCahn_HighNonlinear_Steady2D/CFNO epoch 0900/1200 train=9.698e-04 val=8.319e-01 rel=1.653e+00
AllenCahn_HighNonlinear_Steady2D/CFNO epoch 1000/1200 train=9.088e-04 val=8.383e-01 rel=1.658e+00
AllenCahn_HighNonlinear_Steady2D/CFNO epoch 1100/1200 train=8.725e-04 val=8.416e-01 rel=1.660e+00
AllenCahn_HighNonlinear_Steady2D/CFNO epoch 1200/1200 train=8.487e-04 val=8.440e-01 rel=1.662e+00
AllenCahn_HighNonlinear_Steady2D/HF_FNO epoch 0001/1200 train=2.011e-01 val=1.940e-01 rel=9.345e-01
AllenCahn_HighNonlinear_Steady2D/HF_FNO epoch 0100/1200 train=3.780e-02 val=7.954e-02 rel=5.756e-01
AllenCahn_HighNonlinear_Steady2D/HF_FNO epoch 0200/1200 train=7.432e-03 val=7.231e-02 rel=5.313e-01
AllenCahn_HighNonlinear_Steady2D/HF_FNO epoch 0300/1200 train=3.283e-03 val=7.360e-02 rel=5.333e-01
AllenCahn_HighNonlinear_Steady2D/HF_FNO epoch 0400/1200 train=1.920e-03 val=7.471e-02 rel=5.358e-01
AllenCahn_HighNonlinear_Steady2D/HF_FNO epoch 0500/1200 train=1.266e-03 val=7.518e-02 rel=5.380e-01
AllenCahn_HighNonlinear_Steady2D/HF_FNO epoch 0600/1200 train=9.307e-04 val=7.560e-02 rel=5.402e-01
AllenCahn_HighNonlinear_Steady2D/HF_FNO epoch 0700/1200 train=7.233e-04 val=7.618e-02 rel=5.425e-01
AllenCahn_HighNonlinear_Steady2D/HF_FNO epoch 0800/1200 train=6.061e-04 val=7.674e-02 rel=5.445e-01
AllenCahn_HighNonlinear_Steady2D/HF_FNO epoch 0900/1200 train=5.376e-04 val=7.707e-02 rel=5.457e-01
AllenCahn_HighNonlinear_Steady2D/HF_FNO epoch 1000/1200 train=4.975e-04 val=7.732e-02 rel=5.466e-01
AllenCahn_HighNonlinear_Steady2D/HF_FNO epoch 1100/1200 train=4.743e-04 val=7.747e-02 rel=5.471e-01
AllenCahn_HighNonlinear_Steady2D/HF_FNO epoch 1200/1200 train=4.596e-04 val=7.754e-02 rel=5.473e-01
AllenCahn_HighNonlinear_Steady2D/HF_CFNO epoch 0001/1200 train=2.030e-01 val=1.956e-01 rel=9.386e-01
AllenCahn_HighNonlinear_Steady2D/HF_CFNO epoch 0100/1200 train=3.380e-02 val=1.072e-01 rel=6.694e-01
AllenCahn_HighNonlinear_Steady2D/HF_CFNO epoch 0200/1200 train=6.556e-03 val=7.441e-02 rel=5.569e-01
AllenCahn_HighNonlinear_Steady2D/HF_CFNO epoch 0300/1200 train=2.698e-03 val=7.253e-02 rel=5.485e-01
AllenCahn_HighNonlinear_Steady2D/HF_CFNO epoch 0400/1200 train=1.461e-03 val=7.494e-02 rel=5.576e-01
AllenCahn_HighNonlinear_Steady2D/HF_CFNO epoch 0500/1200 train=9.308e-04 val=7.769e-02 rel=5.681e-01
AllenCahn_HighNonlinear_Steady2D/HF_CFNO epoch 0600/1200 train=6.674e-04 val=7.986e-02 rel=5.761e-01
AllenCahn_HighNonlinear_Steady2D/HF_CFNO epoch 0700/1200 train=5.232e-04 val=8.136e-02 rel=5.815e-01
AllenCahn_HighNonlinear_Steady2D/HF_CFNO epoch 0800/1200 train=4.395e-04 val=8.246e-02 rel=5.855e-01
AllenCahn_HighNonlinear_Steady2D/HF_CFNO epoch 0900/1200 train=3.893e-04 val=8.323e-02 rel=5.883e-01
AllenCahn_HighNonlinear_Steady2D/HF_CFNO epoch 1000/1200 train=3.601e-04 val=8.370e-02 rel=5.899e-01
AllenCahn_HighNonlinear_Steady2D/HF_CFNO epoch 1100/1200 train=3.432e-04 val=8.400e-02 rel=5.910e-01
AllenCahn_HighNonlinear_Steady2D/HF_CFNO epoch 1200/1200 train=3.322e-04 val=8.419e-02 rel=5.917e-01

=== [6/12] AllenCahn_HighNonlinear_Transient1D on cuda ===
AllenCahn_HighNonlinear_Transient1D/FNO epoch 0001/1200 train=5.592e-02 val=6.024e-02 rel=5.501e-01
AllenCahn_HighNonlinear_Transient1D/FNO epoch 0100/1200 train=6.240e-03 val=6.943e-03 rel=1.920e-01
AllenCahn_HighNonlinear_Transient1D/FNO epoch 0200/1200 train=2.502e-03 val=4.424e-03 rel=1.532e-01
AllenCahn_HighNonlinear_Transient1D/FNO epoch 0300/1200 train=1.755e-03 val=3.498e-03 rel=1.370e-01
AllenCahn_HighNonlinear_Transient1D/FNO epoch 0400/1200 train=1.296e-03 val=3.219e-03 rel=1.330e-01
AllenCahn_HighNonlinear_Transient1D/FNO epoch 0500/1200 train=1.087e-03 val=2.848e-03 rel=1.248e-01
AllenCahn_HighNonlinear_Transient1D/FNO epoch 0600/1200 train=9.375e-04 val=2.798e-03 rel=1.233e-01
AllenCahn_HighNonlinear_Transient1D/FNO epoch 0700/1200 train=8.666e-04 val=2.811e-03 rel=1.234e-01
AllenCahn_HighNonlinear_Transient1D/FNO epoch 0800/1200 train=8.241e-04 val=2.791e-03 rel=1.229e-01
AllenCahn_HighNonlinear_Transient1D/FNO epoch 0900/1200 train=7.911e-04 val=2.813e-03 rel=1.230e-01
AllenCahn_HighNonlinear_Transient1D/FNO epoch 1000/1200 train=7.726e-04 val=2.807e-03 rel=1.229e-01
AllenCahn_HighNonlinear_Transient1D/FNO epoch 1100/1200 train=7.624e-04 val=2.808e-03 rel=1.228e-01
AllenCahn_HighNonlinear_Transient1D/FNO epoch 1200/1200 train=7.565e-04 val=2.814e-03 rel=1.229e-01
AllenCahn_HighNonlinear_Transient1D/CFNO epoch 0001/1200 train=5.457e-02 val=5.924e-02 rel=5.426e-01
AllenCahn_HighNonlinear_Transient1D/CFNO epoch 0100/1200 train=2.743e-03 val=4.442e-03 rel=1.596e-01
AllenCahn_HighNonlinear_Transient1D/CFNO epoch 0200/1200 train=1.155e-03 val=2.959e-03 rel=1.293e-01
AllenCahn_HighNonlinear_Transient1D/CFNO epoch 0300/1200 train=6.052e-04 val=3.006e-03 rel=1.256e-01
AllenCahn_HighNonlinear_Transient1D/CFNO epoch 0400/1200 train=4.098e-04 val=3.175e-03 rel=1.272e-01
AllenCahn_HighNonlinear_Transient1D/CFNO epoch 0500/1200 train=3.050e-04 val=3.201e-03 rel=1.254e-01
AllenCahn_HighNonlinear_Transient1D/CFNO epoch 0600/1200 train=2.433e-04 val=3.174e-03 rel=1.244e-01
AllenCahn_HighNonlinear_Transient1D/CFNO epoch 0700/1200 train=2.046e-04 val=3.144e-03 rel=1.236e-01
AllenCahn_HighNonlinear_Transient1D/CFNO epoch 0800/1200 train=1.845e-04 val=3.131e-03 rel=1.232e-01
AllenCahn_HighNonlinear_Transient1D/CFNO epoch 0900/1200 train=1.694e-04 val=3.120e-03 rel=1.230e-01
AllenCahn_HighNonlinear_Transient1D/CFNO epoch 1000/1200 train=1.614e-04 val=3.109e-03 rel=1.227e-01
AllenCahn_HighNonlinear_Transient1D/CFNO epoch 1100/1200 train=1.567e-04 val=3.104e-03 rel=1.226e-01
AllenCahn_HighNonlinear_Transient1D/CFNO epoch 1200/1200 train=1.535e-04 val=3.097e-03 rel=1.224e-01
AllenCahn_HighNonlinear_Transient1D/HF_FNO epoch 0001/1200 train=5.457e-02 val=6.125e-02 rel=5.523e-01
AllenCahn_HighNonlinear_Transient1D/HF_FNO epoch 0100/1200 train=7.628e-03 val=9.710e-03 rel=2.145e-01
AllenCahn_HighNonlinear_Transient1D/HF_FNO epoch 0200/1200 train=2.644e-03 val=4.434e-03 rel=1.451e-01
AllenCahn_HighNonlinear_Transient1D/HF_FNO epoch 0300/1200 train=1.237e-03 val=2.632e-03 rel=1.160e-01
AllenCahn_HighNonlinear_Transient1D/HF_FNO epoch 0400/1200 train=7.820e-04 val=2.261e-03 rel=1.062e-01
AllenCahn_HighNonlinear_Transient1D/HF_FNO epoch 0500/1200 train=5.618e-04 val=2.156e-03 rel=1.025e-01
AllenCahn_HighNonlinear_Transient1D/HF_FNO epoch 0600/1200 train=4.370e-04 val=2.084e-03 rel=9.962e-02
AllenCahn_HighNonlinear_Transient1D/HF_FNO epoch 0700/1200 train=3.636e-04 val=2.058e-03 rel=9.817e-02
AllenCahn_HighNonlinear_Transient1D/HF_FNO epoch 0800/1200 train=3.189e-04 val=2.045e-03 rel=9.737e-02
AllenCahn_HighNonlinear_Transient1D/HF_FNO epoch 0900/1200 train=2.885e-04 val=2.045e-03 rel=9.698e-02
AllenCahn_HighNonlinear_Transient1D/HF_FNO epoch 1000/1200 train=2.716e-04 val=2.037e-03 rel=9.637e-02
AllenCahn_HighNonlinear_Transient1D/HF_FNO epoch 1100/1200 train=2.617e-04 val=2.043e-03 rel=9.651e-02
AllenCahn_HighNonlinear_Transient1D/HF_FNO epoch 1200/1200 train=2.551e-04 val=2.038e-03 rel=9.617e-02
AllenCahn_HighNonlinear_Transient1D/HF_CFNO epoch 0001/1200 train=5.656e-02 val=6.262e-02 rel=5.619e-01
AllenCahn_HighNonlinear_Transient1D/HF_CFNO epoch 0100/1200 train=5.578e-03 val=7.697e-03 rel=1.895e-01
AllenCahn_HighNonlinear_Transient1D/HF_CFNO epoch 0200/1200 train=1.812e-03 val=4.068e-03 rel=1.449e-01
AllenCahn_HighNonlinear_Transient1D/HF_CFNO epoch 0300/1200 train=1.095e-03 val=3.491e-03 rel=1.378e-01
AllenCahn_HighNonlinear_Transient1D/HF_CFNO epoch 0400/1200 train=7.462e-04 val=3.313e-03 rel=1.368e-01
AllenCahn_HighNonlinear_Transient1D/HF_CFNO epoch 0500/1200 train=5.599e-04 val=3.289e-03 rel=1.374e-01
AllenCahn_HighNonlinear_Transient1D/HF_CFNO epoch 0600/1200 train=4.214e-04 val=3.353e-03 rel=1.389e-01
AllenCahn_HighNonlinear_Transient1D/HF_CFNO epoch 0700/1200 train=3.474e-04 val=3.414e-03 rel=1.402e-01
AllenCahn_HighNonlinear_Transient1D/HF_CFNO epoch 0800/1200 train=2.994e-04 val=3.435e-03 rel=1.406e-01
AllenCahn_HighNonlinear_Transient1D/HF_CFNO epoch 0900/1200 train=2.714e-04 val=3.473e-03 rel=1.413e-01
AllenCahn_HighNonlinear_Transient1D/HF_CFNO epoch 1000/1200 train=2.546e-04 val=3.492e-03 rel=1.415e-01
AllenCahn_HighNonlinear_Transient1D/HF_CFNO epoch 1100/1200 train=2.450e-04 val=3.504e-03 rel=1.417e-01
AllenCahn_HighNonlinear_Transient1D/HF_CFNO epoch 1200/1200 train=2.390e-04 val=3.514e-03 rel=1.419e-01

=== [7/12] Burgers_HighNonlinear_Steady1D on cuda ===
Burgers_HighNonlinear_Steady1D/FNO epoch 0001/1200 train=5.011e-01 val=5.850e-01 rel=9.964e-01
Burgers_HighNonlinear_Steady1D/FNO epoch 0100/1200 train=2.318e-01 val=9.250e-01 rel=1.246e+00
Burgers_HighNonlinear_Steady1D/FNO epoch 0200/1200 train=1.424e-01 val=1.154e+00 rel=1.386e+00
Burgers_HighNonlinear_Steady1D/FNO epoch 0300/1200 train=1.048e-01 val=1.354e+00 rel=1.499e+00
Burgers_HighNonlinear_Steady1D/FNO epoch 0400/1200 train=8.351e-02 val=1.498e+00 rel=1.576e+00
Burgers_HighNonlinear_Steady1D/FNO epoch 0500/1200 train=6.929e-02 val=1.571e+00 rel=1.619e+00
Burgers_HighNonlinear_Steady1D/FNO epoch 0600/1200 train=6.122e-02 val=1.619e+00 rel=1.647e+00
Burgers_HighNonlinear_Steady1D/FNO epoch 0700/1200 train=5.654e-02 val=1.656e+00 rel=1.663e+00
Burgers_HighNonlinear_Steady1D/FNO epoch 0800/1200 train=5.330e-02 val=1.657e+00 rel=1.663e+00
Burgers_HighNonlinear_Steady1D/FNO epoch 0900/1200 train=5.089e-02 val=1.657e+00 rel=1.664e+00
Burgers_HighNonlinear_Steady1D/FNO epoch 1000/1200 train=4.943e-02 val=1.658e+00 rel=1.664e+00
Burgers_HighNonlinear_Steady1D/FNO epoch 1100/1200 train=4.853e-02 val=1.662e+00 rel=1.667e+00
Burgers_HighNonlinear_Steady1D/FNO epoch 1200/1200 train=4.793e-02 val=1.665e+00 rel=1.668e+00
Burgers_HighNonlinear_Steady1D/CFNO epoch 0001/1200 train=5.079e-01 val=5.880e-01 rel=9.994e-01
Burgers_HighNonlinear_Steady1D/CFNO epoch 0100/1200 train=1.723e-01 val=1.067e+00 rel=1.307e+00
Burgers_HighNonlinear_Steady1D/CFNO epoch 0200/1200 train=6.148e-02 val=1.508e+00 rel=1.546e+00
Burgers_HighNonlinear_Steady1D/CFNO epoch 0300/1200 train=3.521e-02 val=1.596e+00 rel=1.586e+00
Burgers_HighNonlinear_Steady1D/CFNO epoch 0400/1200 train=2.360e-02 val=1.647e+00 rel=1.600e+00
Burgers_HighNonlinear_Steady1D/CFNO epoch 0500/1200 train=1.646e-02 val=1.667e+00 rel=1.604e+00
Burgers_HighNonlinear_Steady1D/CFNO epoch 0600/1200 train=1.225e-02 val=1.729e+00 rel=1.629e+00
Burgers_HighNonlinear_Steady1D/CFNO epoch 0700/1200 train=1.000e-02 val=1.747e+00 rel=1.636e+00
Burgers_HighNonlinear_Steady1D/CFNO epoch 0800/1200 train=8.563e-03 val=1.762e+00 rel=1.644e+00
Burgers_HighNonlinear_Steady1D/CFNO epoch 0900/1200 train=7.672e-03 val=1.769e+00 rel=1.646e+00
Burgers_HighNonlinear_Steady1D/CFNO epoch 1000/1200 train=7.165e-03 val=1.774e+00 rel=1.649e+00
Burgers_HighNonlinear_Steady1D/CFNO epoch 1100/1200 train=6.865e-03 val=1.777e+00 rel=1.650e+00
Burgers_HighNonlinear_Steady1D/CFNO epoch 1200/1200 train=6.670e-03 val=1.779e+00 rel=1.651e+00
Burgers_HighNonlinear_Steady1D/HF_FNO epoch 0001/1200 train=5.039e-01 val=5.868e-01 rel=9.982e-01
Burgers_HighNonlinear_Steady1D/HF_FNO epoch 0100/1200 train=3.038e-01 val=8.840e-01 rel=1.206e+00
Burgers_HighNonlinear_Steady1D/HF_FNO epoch 0200/1200 train=5.978e-02 val=1.288e+00 rel=1.438e+00
Burgers_HighNonlinear_Steady1D/HF_FNO epoch 0300/1200 train=2.055e-02 val=1.660e+00 rel=1.600e+00
Burgers_HighNonlinear_Steady1D/HF_FNO epoch 0400/1200 train=8.474e-03 val=2.128e+00 rel=1.779e+00
Burgers_HighNonlinear_Steady1D/HF_FNO epoch 0500/1200 train=4.490e-03 val=2.522e+00 rel=1.920e+00
Burgers_HighNonlinear_Steady1D/HF_FNO epoch 0600/1200 train=2.864e-03 val=2.748e+00 rel=1.995e+00
Burgers_HighNonlinear_Steady1D/HF_FNO epoch 0700/1200 train=2.234e-03 val=2.895e+00 rel=2.043e+00
Burgers_HighNonlinear_Steady1D/HF_FNO epoch 0800/1200 train=1.918e-03 val=2.982e+00 rel=2.070e+00
Burgers_HighNonlinear_Steady1D/HF_FNO epoch 0900/1200 train=1.741e-03 val=3.039e+00 rel=2.087e+00
Burgers_HighNonlinear_Steady1D/HF_FNO epoch 1000/1200 train=1.639e-03 val=3.073e+00 rel=2.098e+00
Burgers_HighNonlinear_Steady1D/HF_FNO epoch 1100/1200 train=1.581e-03 val=3.093e+00 rel=2.104e+00
Burgers_HighNonlinear_Steady1D/HF_FNO epoch 1200/1200 train=1.544e-03 val=3.106e+00 rel=2.108e+00
Burgers_HighNonlinear_Steady1D/HF_CFNO epoch 0001/1200 train=5.031e-01 val=5.863e-01 rel=9.977e-01
Burgers_HighNonlinear_Steady1D/HF_CFNO epoch 0100/1200 train=2.327e-01 val=7.382e-01 rel=1.097e+00
Burgers_HighNonlinear_Steady1D/HF_CFNO epoch 0200/1200 train=4.158e-02 val=8.806e-01 rel=1.224e+00
Burgers_HighNonlinear_Steady1D/HF_CFNO epoch 0300/1200 train=1.053e-02 val=1.135e+00 rel=1.377e+00
Burgers_HighNonlinear_Steady1D/HF_CFNO epoch 0400/1200 train=4.547e-03 val=1.273e+00 rel=1.455e+00
Burgers_HighNonlinear_Steady1D/HF_CFNO epoch 0500/1200 train=2.402e-03 val=1.351e+00 rel=1.497e+00
Burgers_HighNonlinear_Steady1D/HF_CFNO epoch 0600/1200 train=1.597e-03 val=1.390e+00 rel=1.516e+00
Burgers_HighNonlinear_Steady1D/HF_CFNO epoch 0700/1200 train=1.263e-03 val=1.427e+00 rel=1.536e+00
Burgers_HighNonlinear_Steady1D/HF_CFNO epoch 0800/1200 train=1.075e-03 val=1.451e+00 rel=1.548e+00
Burgers_HighNonlinear_Steady1D/HF_CFNO epoch 0900/1200 train=9.654e-04 val=1.468e+00 rel=1.556e+00
Burgers_HighNonlinear_Steady1D/HF_CFNO epoch 1000/1200 train=9.016e-04 val=1.479e+00 rel=1.562e+00
Burgers_HighNonlinear_Steady1D/HF_CFNO epoch 1100/1200 train=8.645e-04 val=1.485e+00 rel=1.565e+00
Burgers_HighNonlinear_Steady1D/HF_CFNO epoch 1200/1200 train=8.406e-04 val=1.490e+00 rel=1.567e+00

=== [8/12] Burgers_HighNonlinear_Steady2D on cuda ===
Burgers_HighNonlinear_Steady2D/FNO epoch 0001/1200 train=1.973e-01 val=2.097e-01 rel=9.175e-01
Burgers_HighNonlinear_Steady2D/FNO epoch 0100/1200 train=8.077e-02 val=2.680e-01 rel=9.814e-01
Burgers_HighNonlinear_Steady2D/FNO epoch 0200/1200 train=5.891e-02 val=3.982e-01 rel=1.127e+00
Burgers_HighNonlinear_Steady2D/FNO epoch 0300/1200 train=5.047e-02 val=5.106e-01 rel=1.215e+00
Burgers_HighNonlinear_Steady2D/FNO epoch 0400/1200 train=4.669e-02 val=5.915e-01 rel=1.266e+00
Burgers_HighNonlinear_Steady2D/FNO epoch 0500/1200 train=4.395e-02 val=6.317e-01 rel=1.290e+00
Burgers_HighNonlinear_Steady2D/FNO epoch 0600/1200 train=4.239e-02 val=6.649e-01 rel=1.313e+00
Burgers_HighNonlinear_Steady2D/FNO epoch 0700/1200 train=4.120e-02 val=6.964e-01 rel=1.337e+00
Burgers_HighNonlinear_Steady2D/FNO epoch 0800/1200 train=4.052e-02 val=7.076e-01 rel=1.345e+00
Burgers_HighNonlinear_Steady2D/FNO epoch 0900/1200 train=4.004e-02 val=7.282e-01 rel=1.359e+00
Burgers_HighNonlinear_Steady2D/FNO epoch 1000/1200 train=3.976e-02 val=7.314e-01 rel=1.361e+00
Burgers_HighNonlinear_Steady2D/FNO epoch 1100/1200 train=3.958e-02 val=7.359e-01 rel=1.364e+00
Burgers_HighNonlinear_Steady2D/FNO epoch 1200/1200 train=3.947e-02 val=7.389e-01 rel=1.366e+00
Burgers_HighNonlinear_Steady2D/CFNO epoch 0001/1200 train=1.959e-01 val=2.093e-01 rel=9.167e-01
Burgers_HighNonlinear_Steady2D/CFNO epoch 0100/1200 train=2.756e-02 val=4.248e-01 rel=1.235e+00
Burgers_HighNonlinear_Steady2D/CFNO epoch 0200/1200 train=8.328e-03 val=5.017e-01 rel=1.325e+00
Burgers_HighNonlinear_Steady2D/CFNO epoch 0300/1200 train=4.902e-03 val=5.556e-01 rel=1.385e+00
Burgers_HighNonlinear_Steady2D/CFNO epoch 0400/1200 train=2.685e-03 val=5.891e-01 rel=1.421e+00
Burgers_HighNonlinear_Steady2D/CFNO epoch 0500/1200 train=1.951e-03 val=6.214e-01 rel=1.455e+00
Burgers_HighNonlinear_Steady2D/CFNO epoch 0600/1200 train=1.392e-03 val=6.525e-01 rel=1.484e+00
Burgers_HighNonlinear_Steady2D/CFNO epoch 0700/1200 train=1.123e-03 val=6.725e-01 rel=1.503e+00
Burgers_HighNonlinear_Steady2D/CFNO epoch 0800/1200 train=9.696e-04 val=6.860e-01 rel=1.516e+00
Burgers_HighNonlinear_Steady2D/CFNO epoch 0900/1200 train=8.758e-04 val=6.959e-01 rel=1.525e+00
Burgers_HighNonlinear_Steady2D/CFNO epoch 1000/1200 train=8.195e-04 val=7.020e-01 rel=1.531e+00
Burgers_HighNonlinear_Steady2D/CFNO epoch 1100/1200 train=7.862e-04 val=7.062e-01 rel=1.535e+00
Burgers_HighNonlinear_Steady2D/CFNO epoch 1200/1200 train=7.644e-04 val=7.089e-01 rel=1.537e+00
Burgers_HighNonlinear_Steady2D/HF_FNO epoch 0001/1200 train=2.061e-01 val=2.178e-01 rel=9.368e-01
Burgers_HighNonlinear_Steady2D/HF_FNO epoch 0100/1200 train=1.080e-01 val=2.673e-01 rel=1.024e+00
Burgers_HighNonlinear_Steady2D/HF_FNO epoch 0200/1200 train=1.206e-02 val=3.346e-01 rel=1.105e+00
Burgers_HighNonlinear_Steady2D/HF_FNO epoch 0300/1200 train=3.828e-03 val=3.924e-01 rel=1.181e+00
Burgers_HighNonlinear_Steady2D/HF_FNO epoch 0400/1200 train=2.007e-03 val=4.125e-01 rel=1.208e+00
Burgers_HighNonlinear_Steady2D/HF_FNO epoch 0500/1200 train=1.295e-03 val=4.191e-01 rel=1.220e+00
Burgers_HighNonlinear_Steady2D/HF_FNO epoch 0600/1200 train=9.477e-04 val=4.228e-01 rel=1.227e+00
Burgers_HighNonlinear_Steady2D/HF_FNO epoch 0700/1200 train=7.613e-04 val=4.266e-01 rel=1.233e+00
Burgers_HighNonlinear_Steady2D/HF_FNO epoch 0800/1200 train=6.549e-04 val=4.291e-01 rel=1.237e+00
Burgers_HighNonlinear_Steady2D/HF_FNO epoch 0900/1200 train=5.917e-04 val=4.311e-01 rel=1.240e+00
Burgers_HighNonlinear_Steady2D/HF_FNO epoch 1000/1200 train=5.545e-04 val=4.323e-01 rel=1.241e+00
Burgers_HighNonlinear_Steady2D/HF_FNO epoch 1100/1200 train=5.329e-04 val=4.331e-01 rel=1.242e+00
Burgers_HighNonlinear_Steady2D/HF_FNO epoch 1200/1200 train=5.188e-04 val=4.336e-01 rel=1.243e+00
Burgers_HighNonlinear_Steady2D/HF_CFNO epoch 0001/1200 train=2.153e-01 val=2.260e-01 rel=9.559e-01
Burgers_HighNonlinear_Steady2D/HF_CFNO epoch 0100/1200 train=7.840e-02 val=3.023e-01 rel=1.080e+00
Burgers_HighNonlinear_Steady2D/HF_CFNO epoch 0200/1200 train=8.111e-03 val=3.871e-01 rel=1.194e+00
Burgers_HighNonlinear_Steady2D/HF_CFNO epoch 0300/1200 train=2.638e-03 val=4.492e-01 rel=1.281e+00
Burgers_HighNonlinear_Steady2D/HF_CFNO epoch 0400/1200 train=1.307e-03 val=4.795e-01 rel=1.319e+00
Burgers_HighNonlinear_Steady2D/HF_CFNO epoch 0500/1200 train=7.964e-04 val=4.931e-01 rel=1.335e+00
Burgers_HighNonlinear_Steady2D/HF_CFNO epoch 0600/1200 train=5.387e-04 val=5.086e-01 rel=1.355e+00
Burgers_HighNonlinear_Steady2D/HF_CFNO epoch 0700/1200 train=4.088e-04 val=5.195e-01 rel=1.368e+00
Burgers_HighNonlinear_Steady2D/HF_CFNO epoch 0800/1200 train=3.387e-04 val=5.274e-01 rel=1.378e+00
Burgers_HighNonlinear_Steady2D/HF_CFNO epoch 0900/1200 train=2.967e-04 val=5.330e-01 rel=1.385e+00
Burgers_HighNonlinear_Steady2D/HF_CFNO epoch 1000/1200 train=2.729e-04 val=5.365e-01 rel=1.390e+00
Burgers_HighNonlinear_Steady2D/HF_CFNO epoch 1100/1200 train=2.592e-04 val=5.388e-01 rel=1.392e+00
Burgers_HighNonlinear_Steady2D/HF_CFNO epoch 1200/1200 train=2.503e-04 val=5.403e-01 rel=1.394e+00

=== [9/12] Burgers_HighNonlinear_Transient1D on cuda ===
Burgers_HighNonlinear_Transient1D/FNO epoch 0001/1200 train=2.697e-02 val=2.606e-02 rel=3.075e-01
Burgers_HighNonlinear_Transient1D/FNO epoch 0100/1200 train=5.016e-03 val=9.860e-03 rel=1.946e-01
Burgers_HighNonlinear_Transient1D/FNO epoch 0200/1200 train=2.780e-03 val=9.437e-03 rel=1.915e-01
Burgers_HighNonlinear_Transient1D/FNO epoch 0300/1200 train=1.693e-03 val=9.341e-03 rel=1.897e-01
Burgers_HighNonlinear_Transient1D/FNO epoch 0400/1200 train=1.204e-03 val=9.331e-03 rel=1.895e-01
Burgers_HighNonlinear_Transient1D/FNO epoch 0500/1200 train=9.464e-04 val=9.254e-03 rel=1.898e-01
Burgers_HighNonlinear_Transient1D/FNO epoch 0600/1200 train=8.072e-04 val=9.316e-03 rel=1.901e-01
Burgers_HighNonlinear_Transient1D/FNO epoch 0700/1200 train=6.994e-04 val=9.362e-03 rel=1.909e-01
Burgers_HighNonlinear_Transient1D/FNO epoch 0800/1200 train=6.392e-04 val=9.368e-03 rel=1.909e-01
Burgers_HighNonlinear_Transient1D/FNO epoch 0900/1200 train=5.996e-04 val=9.418e-03 rel=1.914e-01
Burgers_HighNonlinear_Transient1D/FNO epoch 1000/1200 train=5.765e-04 val=9.438e-03 rel=1.917e-01
Burgers_HighNonlinear_Transient1D/FNO epoch 1100/1200 train=5.635e-04 val=9.462e-03 rel=1.920e-01
Burgers_HighNonlinear_Transient1D/FNO epoch 1200/1200 train=5.551e-04 val=9.470e-03 rel=1.921e-01
Burgers_HighNonlinear_Transient1D/CFNO epoch 0001/1200 train=2.868e-02 val=2.657e-02 rel=3.123e-01
Burgers_HighNonlinear_Transient1D/CFNO epoch 0100/1200 train=3.089e-03 val=1.110e-02 rel=2.083e-01
Burgers_HighNonlinear_Transient1D/CFNO epoch 0200/1200 train=8.286e-04 val=1.146e-02 rel=2.131e-01
Burgers_HighNonlinear_Transient1D/CFNO epoch 0300/1200 train=4.365e-04 val=1.105e-02 rel=2.092e-01
Burgers_HighNonlinear_Transient1D/CFNO epoch 0400/1200 train=2.648e-04 val=1.072e-02 rel=2.051e-01
Burgers_HighNonlinear_Transient1D/CFNO epoch 0500/1200 train=1.881e-04 val=1.059e-02 rel=2.036e-01
Burgers_HighNonlinear_Transient1D/CFNO epoch 0600/1200 train=1.469e-04 val=1.062e-02 rel=2.037e-01
Burgers_HighNonlinear_Transient1D/CFNO epoch 0700/1200 train=1.225e-04 val=1.063e-02 rel=2.038e-01
Burgers_HighNonlinear_Transient1D/CFNO epoch 0800/1200 train=1.071e-04 val=1.064e-02 rel=2.039e-01
Burgers_HighNonlinear_Transient1D/CFNO epoch 0900/1200 train=9.781e-05 val=1.066e-02 rel=2.041e-01
Burgers_HighNonlinear_Transient1D/CFNO epoch 1000/1200 train=9.203e-05 val=1.068e-02 rel=2.043e-01
Burgers_HighNonlinear_Transient1D/CFNO epoch 1100/1200 train=8.865e-05 val=1.069e-02 rel=2.044e-01
Burgers_HighNonlinear_Transient1D/CFNO epoch 1200/1200 train=8.646e-05 val=1.070e-02 rel=2.045e-01
Burgers_HighNonlinear_Transient1D/HF_FNO epoch 0001/1200 train=2.619e-02 val=2.607e-02 rel=3.071e-01
Burgers_HighNonlinear_Transient1D/HF_FNO epoch 0100/1200 train=7.986e-03 val=1.100e-02 rel=2.023e-01
Burgers_HighNonlinear_Transient1D/HF_FNO epoch 0200/1200 train=4.063e-03 val=9.841e-03 rel=1.910e-01
Burgers_HighNonlinear_Transient1D/HF_FNO epoch 0300/1200 train=2.257e-03 val=9.197e-03 rel=1.860e-01
Burgers_HighNonlinear_Transient1D/HF_FNO epoch 0400/1200 train=1.382e-03 val=9.207e-03 rel=1.857e-01
Burgers_HighNonlinear_Transient1D/HF_FNO epoch 0500/1200 train=9.411e-04 val=9.464e-03 rel=1.873e-01
Burgers_HighNonlinear_Transient1D/HF_FNO epoch 0600/1200 train=6.862e-04 val=9.687e-03 rel=1.887e-01
Burgers_HighNonlinear_Transient1D/HF_FNO epoch 0700/1200 train=5.457e-04 val=9.798e-03 rel=1.893e-01
Burgers_HighNonlinear_Transient1D/HF_FNO epoch 0800/1200 train=4.594e-04 val=9.883e-03 rel=1.898e-01
Burgers_HighNonlinear_Transient1D/HF_FNO epoch 0900/1200 train=4.081e-04 val=9.929e-03 rel=1.900e-01
Burgers_HighNonlinear_Transient1D/HF_FNO epoch 1000/1200 train=3.780e-04 val=9.945e-03 rel=1.899e-01
Burgers_HighNonlinear_Transient1D/HF_FNO epoch 1100/1200 train=3.608e-04 val=9.956e-03 rel=1.899e-01
Burgers_HighNonlinear_Transient1D/HF_FNO epoch 1200/1200 train=3.497e-04 val=9.960e-03 rel=1.899e-01
Burgers_HighNonlinear_Transient1D/HF_CFNO epoch 0001/1200 train=2.814e-02 val=2.755e-02 rel=3.187e-01
Burgers_HighNonlinear_Transient1D/HF_CFNO epoch 0100/1200 train=7.497e-03 val=1.117e-02 rel=2.061e-01
Burgers_HighNonlinear_Transient1D/HF_CFNO epoch 0200/1200 train=2.069e-03 val=1.184e-02 rel=2.068e-01
Burgers_HighNonlinear_Transient1D/HF_CFNO epoch 0300/1200 train=7.690e-04 val=1.215e-02 rel=2.110e-01
Burgers_HighNonlinear_Transient1D/HF_CFNO epoch 0400/1200 train=4.085e-04 val=1.208e-02 rel=2.123e-01
Burgers_HighNonlinear_Transient1D/HF_CFNO epoch 0500/1200 train=2.685e-04 val=1.208e-02 rel=2.129e-01
Burgers_HighNonlinear_Transient1D/HF_CFNO epoch 0600/1200 train=1.980e-04 val=1.220e-02 rel=2.141e-01
Burgers_HighNonlinear_Transient1D/HF_CFNO epoch 0700/1200 train=1.537e-04 val=1.228e-02 rel=2.149e-01
Burgers_HighNonlinear_Transient1D/HF_CFNO epoch 0800/1200 train=1.297e-04 val=1.234e-02 rel=2.155e-01
Burgers_HighNonlinear_Transient1D/HF_CFNO epoch 0900/1200 train=1.151e-04 val=1.237e-02 rel=2.158e-01
Burgers_HighNonlinear_Transient1D/HF_CFNO epoch 1000/1200 train=1.065e-04 val=1.240e-02 rel=2.161e-01
Burgers_HighNonlinear_Transient1D/HF_CFNO epoch 1100/1200 train=1.016e-04 val=1.242e-02 rel=2.162e-01
Burgers_HighNonlinear_Transient1D/HF_CFNO epoch 1200/1200 train=9.839e-05 val=1.243e-02 rel=2.163e-01

=== [10/12] ReactionDiffusion_HighNonlinear_Steady1D on cuda ===
ReactionDiffusion_HighNonlinear_Steady1D/FNO epoch 0001/1200 train=4.614e-01 val=4.167e-01 rel=9.851e-01
ReactionDiffusion_HighNonlinear_Steady1D/FNO epoch 0100/1200 train=1.732e-01 val=2.776e-01 rel=7.751e-01
ReactionDiffusion_HighNonlinear_Steady1D/FNO epoch 0200/1200 train=9.475e-02 val=2.733e-01 rel=7.715e-01
ReactionDiffusion_HighNonlinear_Steady1D/FNO epoch 0300/1200 train=6.786e-02 val=3.175e-01 rel=8.338e-01
ReactionDiffusion_HighNonlinear_Steady1D/FNO epoch 0400/1200 train=5.160e-02 val=3.591e-01 rel=9.004e-01
ReactionDiffusion_HighNonlinear_Steady1D/FNO epoch 0500/1200 train=4.291e-02 val=3.906e-01 rel=9.464e-01
ReactionDiffusion_HighNonlinear_Steady1D/FNO epoch 0600/1200 train=3.651e-02 val=4.204e-01 rel=9.845e-01
ReactionDiffusion_HighNonlinear_Steady1D/FNO epoch 0700/1200 train=3.240e-02 val=4.488e-01 rel=1.016e+00
ReactionDiffusion_HighNonlinear_Steady1D/FNO epoch 0800/1200 train=2.989e-02 val=4.625e-01 rel=1.032e+00
ReactionDiffusion_HighNonlinear_Steady1D/FNO epoch 0900/1200 train=2.832e-02 val=4.710e-01 rel=1.041e+00
ReactionDiffusion_HighNonlinear_Steady1D/FNO epoch 1000/1200 train=2.741e-02 val=4.780e-01 rel=1.049e+00
ReactionDiffusion_HighNonlinear_Steady1D/FNO epoch 1100/1200 train=2.688e-02 val=4.824e-01 rel=1.054e+00
ReactionDiffusion_HighNonlinear_Steady1D/FNO epoch 1200/1200 train=2.652e-02 val=4.860e-01 rel=1.058e+00
ReactionDiffusion_HighNonlinear_Steady1D/CFNO epoch 0001/1200 train=4.596e-01 val=4.141e-01 rel=9.819e-01
ReactionDiffusion_HighNonlinear_Steady1D/CFNO epoch 0100/1200 train=1.305e-01 val=3.294e-01 rel=8.476e-01
ReactionDiffusion_HighNonlinear_Steady1D/CFNO epoch 0200/1200 train=5.581e-02 val=4.658e-01 rel=1.040e+00
ReactionDiffusion_HighNonlinear_Steady1D/CFNO epoch 0300/1200 train=3.197e-02 val=5.500e-01 rel=1.153e+00
ReactionDiffusion_HighNonlinear_Steady1D/CFNO epoch 0400/1200 train=2.291e-02 val=6.211e-01 rel=1.227e+00
ReactionDiffusion_HighNonlinear_Steady1D/CFNO epoch 0500/1200 train=1.727e-02 val=6.646e-01 rel=1.268e+00
ReactionDiffusion_HighNonlinear_Steady1D/CFNO epoch 0600/1200 train=1.322e-02 val=7.048e-01 rel=1.303e+00
ReactionDiffusion_HighNonlinear_Steady1D/CFNO epoch 0700/1200 train=1.101e-02 val=7.381e-01 rel=1.330e+00
ReactionDiffusion_HighNonlinear_Steady1D/CFNO epoch 0800/1200 train=9.515e-03 val=7.701e-01 rel=1.356e+00
ReactionDiffusion_HighNonlinear_Steady1D/CFNO epoch 0900/1200 train=8.612e-03 val=7.930e-01 rel=1.374e+00
ReactionDiffusion_HighNonlinear_Steady1D/CFNO epoch 1000/1200 train=8.054e-03 val=8.067e-01 rel=1.385e+00
ReactionDiffusion_HighNonlinear_Steady1D/CFNO epoch 1100/1200 train=7.716e-03 val=8.152e-01 rel=1.392e+00
ReactionDiffusion_HighNonlinear_Steady1D/CFNO epoch 1200/1200 train=7.495e-03 val=8.211e-01 rel=1.396e+00
ReactionDiffusion_HighNonlinear_Steady1D/HF_FNO epoch 0001/1200 train=4.604e-01 val=4.178e-01 rel=9.865e-01
ReactionDiffusion_HighNonlinear_Steady1D/HF_FNO epoch 0100/1200 train=1.264e-01 val=2.994e-01 rel=7.671e-01
ReactionDiffusion_HighNonlinear_Steady1D/HF_FNO epoch 0200/1200 train=5.346e-02 val=2.733e-01 rel=7.545e-01
ReactionDiffusion_HighNonlinear_Steady1D/HF_FNO epoch 0300/1200 train=2.204e-02 val=2.890e-01 rel=7.899e-01
ReactionDiffusion_HighNonlinear_Steady1D/HF_FNO epoch 0400/1200 train=9.976e-03 val=3.287e-01 rel=8.640e-01
ReactionDiffusion_HighNonlinear_Steady1D/HF_FNO epoch 0500/1200 train=5.318e-03 val=3.574e-01 rel=9.088e-01
ReactionDiffusion_HighNonlinear_Steady1D/HF_FNO epoch 0600/1200 train=3.437e-03 val=3.805e-01 rel=9.373e-01
ReactionDiffusion_HighNonlinear_Steady1D/HF_FNO epoch 0700/1200 train=2.577e-03 val=4.023e-01 rel=9.610e-01
ReactionDiffusion_HighNonlinear_Steady1D/HF_FNO epoch 0800/1200 train=2.117e-03 val=4.175e-01 rel=9.771e-01
ReactionDiffusion_HighNonlinear_Steady1D/HF_FNO epoch 0900/1200 train=1.865e-03 val=4.279e-01 rel=9.878e-01
ReactionDiffusion_HighNonlinear_Steady1D/HF_FNO epoch 1000/1200 train=1.725e-03 val=4.345e-01 rel=9.947e-01
ReactionDiffusion_HighNonlinear_Steady1D/HF_FNO epoch 1100/1200 train=1.648e-03 val=4.385e-01 rel=9.987e-01
ReactionDiffusion_HighNonlinear_Steady1D/HF_FNO epoch 1200/1200 train=1.599e-03 val=4.411e-01 rel=1.001e+00
ReactionDiffusion_HighNonlinear_Steady1D/HF_CFNO epoch 0001/1200 train=4.751e-01 val=4.296e-01 rel=1.002e+00
ReactionDiffusion_HighNonlinear_Steady1D/HF_CFNO epoch 0100/1200 train=1.477e-01 val=3.473e-01 rel=8.454e-01
ReactionDiffusion_HighNonlinear_Steady1D/HF_CFNO epoch 0200/1200 train=3.972e-02 val=4.226e-01 rel=9.279e-01
ReactionDiffusion_HighNonlinear_Steady1D/HF_CFNO epoch 0300/1200 train=1.485e-02 val=4.863e-01 rel=9.788e-01
ReactionDiffusion_HighNonlinear_Steady1D/HF_CFNO epoch 0400/1200 train=7.491e-03 val=5.127e-01 rel=1.010e+00
ReactionDiffusion_HighNonlinear_Steady1D/HF_CFNO epoch 0500/1200 train=4.206e-03 val=5.259e-01 rel=1.027e+00
ReactionDiffusion_HighNonlinear_Steady1D/HF_CFNO epoch 0600/1200 train=2.877e-03 val=5.363e-01 rel=1.040e+00
ReactionDiffusion_HighNonlinear_Steady1D/HF_CFNO epoch 0700/1200 train=2.180e-03 val=5.425e-01 rel=1.048e+00
ReactionDiffusion_HighNonlinear_Steady1D/HF_CFNO epoch 0800/1200 train=1.794e-03 val=5.476e-01 rel=1.055e+00
ReactionDiffusion_HighNonlinear_Steady1D/HF_CFNO epoch 0900/1200 train=1.574e-03 val=5.512e-01 rel=1.059e+00
ReactionDiffusion_HighNonlinear_Steady1D/HF_CFNO epoch 1000/1200 train=1.448e-03 val=5.536e-01 rel=1.062e+00
ReactionDiffusion_HighNonlinear_Steady1D/HF_CFNO epoch 1100/1200 train=1.376e-03 val=5.552e-01 rel=1.064e+00
ReactionDiffusion_HighNonlinear_Steady1D/HF_CFNO epoch 1200/1200 train=1.331e-03 val=5.562e-01 rel=1.066e+00

=== [11/12] ReactionDiffusion_HighNonlinear_Steady2D on cuda ===
ReactionDiffusion_HighNonlinear_Steady2D/FNO epoch 0001/1200 train=2.234e-01 val=2.004e-01 rel=9.200e-01
ReactionDiffusion_HighNonlinear_Steady2D/FNO epoch 0100/1200 train=7.374e-02 val=1.697e-01 rel=7.854e-01
ReactionDiffusion_HighNonlinear_Steady2D/FNO epoch 0200/1200 train=5.372e-02 val=1.955e-01 rel=8.307e-01
ReactionDiffusion_HighNonlinear_Steady2D/FNO epoch 0300/1200 train=4.829e-02 val=2.102e-01 rel=8.564e-01
ReactionDiffusion_HighNonlinear_Steady2D/FNO epoch 0400/1200 train=4.380e-02 val=2.277e-01 rel=8.773e-01
ReactionDiffusion_HighNonlinear_Steady2D/FNO epoch 0500/1200 train=4.173e-02 val=2.400e-01 rel=8.905e-01
ReactionDiffusion_HighNonlinear_Steady2D/FNO epoch 0600/1200 train=3.989e-02 val=2.477e-01 rel=8.978e-01
ReactionDiffusion_HighNonlinear_Steady2D/FNO epoch 0700/1200 train=3.871e-02 val=2.517e-01 rel=9.003e-01
ReactionDiffusion_HighNonlinear_Steady2D/FNO epoch 0800/1200 train=3.786e-02 val=2.561e-01 rel=9.041e-01
ReactionDiffusion_HighNonlinear_Steady2D/FNO epoch 0900/1200 train=3.731e-02 val=2.568e-01 rel=9.041e-01
ReactionDiffusion_HighNonlinear_Steady2D/FNO epoch 1000/1200 train=3.696e-02 val=2.596e-01 rel=9.061e-01
ReactionDiffusion_HighNonlinear_Steady2D/FNO epoch 1100/1200 train=3.676e-02 val=2.610e-01 rel=9.071e-01
ReactionDiffusion_HighNonlinear_Steady2D/FNO epoch 1200/1200 train=3.663e-02 val=2.616e-01 rel=9.073e-01
ReactionDiffusion_HighNonlinear_Steady2D/CFNO epoch 0001/1200 train=2.245e-01 val=2.003e-01 rel=9.196e-01
ReactionDiffusion_HighNonlinear_Steady2D/CFNO epoch 0100/1200 train=3.139e-02 val=2.023e-01 rel=8.569e-01
ReactionDiffusion_HighNonlinear_Steady2D/CFNO epoch 0200/1200 train=9.347e-03 val=2.585e-01 rel=9.712e-01
ReactionDiffusion_HighNonlinear_Steady2D/CFNO epoch 0300/1200 train=4.052e-03 val=2.951e-01 rel=1.031e+00
ReactionDiffusion_HighNonlinear_Steady2D/CFNO epoch 0400/1200 train=2.585e-03 val=3.170e-01 rel=1.064e+00
ReactionDiffusion_HighNonlinear_Steady2D/CFNO epoch 0500/1200 train=1.657e-03 val=3.335e-01 rel=1.087e+00
