
=== [1/15] Poisson_Steady1D on cuda ===
Poisson_Steady1D/FNO epoch 0001/1200 pde_train=1.067e+00 pde_val=1.347e+00 state_rel=9.916e-01
Poisson_Steady1D/FNO epoch 0100/1200 pde_train=7.859e-02 pde_val=1.838e-01 state_rel=5.401e-01
Poisson_Steady1D/FNO epoch 0200/1200 pde_train=4.080e-02 pde_val=1.630e-01 state_rel=6.163e-01
Poisson_Steady1D/FNO epoch 0300/1200 pde_train=3.279e-02 pde_val=1.754e-01 state_rel=6.212e-01
Poisson_Steady1D/FNO epoch 0400/1200 pde_train=2.255e-02 pde_val=1.778e-01 state_rel=6.183e-01
Poisson_Steady1D/FNO epoch 0500/1200 pde_train=2.022e-02 pde_val=1.781e-01 state_rel=6.099e-01
Poisson_Steady1D/FNO epoch 0600/1200 pde_train=1.880e-02 pde_val=1.788e-01 state_rel=6.053e-01
Poisson_Steady1D/FNO epoch 0700/1200 pde_train=1.813e-02 pde_val=1.867e-01 state_rel=6.051e-01
Poisson_Steady1D/FNO epoch 0800/1200 pde_train=1.761e-02 pde_val=1.912e-01 state_rel=6.036e-01
Poisson_Steady1D/FNO epoch 0900/1200 pde_train=1.713e-02 pde_val=1.934e-01 state_rel=6.030e-01
Poisson_Steady1D/FNO epoch 1000/1200 pde_train=1.685e-02 pde_val=1.953e-01 state_rel=6.008e-01
Poisson_Steady1D/FNO epoch 1100/1200 pde_train=1.674e-02 pde_val=1.963e-01 state_rel=5.999e-01
Poisson_Steady1D/FNO epoch 1200/1200 pde_train=1.668e-02 pde_val=1.969e-01 state_rel=5.996e-01
Poisson_Steady1D/CFNO epoch 0001/1200 pde_train=1.070e+00 pde_val=1.388e+00 state_rel=1.019e+00
Poisson_Steady1D/CFNO epoch 0100/1200 pde_train=1.134e-02 pde_val=1.756e-02 state_rel=6.746e-01
Poisson_Steady1D/CFNO epoch 0200/1200 pde_train=1.187e-03 pde_val=1.927e-03 state_rel=5.951e-01
Poisson_Steady1D/CFNO epoch 0300/1200 pde_train=6.116e-04 pde_val=8.301e-04 state_rel=2.824e-01
Poisson_Steady1D/CFNO epoch 0400/1200 pde_train=4.751e-04 pde_val=5.925e-04 state_rel=1.803e-01
Poisson_Steady1D/CFNO epoch 0500/1200 pde_train=4.134e-04 pde_val=5.091e-04 state_rel=1.899e-01
Poisson_Steady1D/CFNO epoch 0600/1200 pde_train=3.968e-04 pde_val=4.654e-04 state_rel=1.997e-01
Poisson_Steady1D/CFNO epoch 0700/1200 pde_train=3.880e-04 pde_val=3.894e-04 state_rel=2.007e-01
Poisson_Steady1D/CFNO epoch 0800/1200 pde_train=3.805e-04 pde_val=4.115e-04 state_rel=2.045e-01
Poisson_Steady1D/CFNO epoch 0900/1200 pde_train=3.799e-04 pde_val=4.104e-04 state_rel=2.068e-01
Poisson_Steady1D/CFNO epoch 1000/1200 pde_train=3.773e-04 pde_val=4.080e-04 state_rel=2.071e-01
Poisson_Steady1D/CFNO epoch 1100/1200 pde_train=3.772e-04 pde_val=3.959e-04 state_rel=2.071e-01
Poisson_Steady1D/CFNO epoch 1200/1200 pde_train=3.770e-04 pde_val=3.937e-04 state_rel=2.071e-01
Poisson_Steady1D/HF_FNO epoch 0001/1200 pde_train=1.061e+00 pde_val=1.425e+00 state_rel=1.002e+00
Poisson_Steady1D/HF_FNO epoch 0100/1200 pde_train=5.156e-02 pde_val=6.357e-02 state_rel=6.336e-01
Poisson_Steady1D/HF_FNO epoch 0200/1200 pde_train=7.797e-03 pde_val=1.098e-02 state_rel=6.148e-01
Poisson_Steady1D/HF_FNO epoch 0300/1200 pde_train=4.609e-03 pde_val=6.467e-03 state_rel=6.067e-01
Poisson_Steady1D/HF_FNO epoch 0400/1200 pde_train=3.201e-03 pde_val=5.317e-03 state_rel=5.987e-01
Poisson_Steady1D/HF_FNO epoch 0500/1200 pde_train=2.202e-03 pde_val=4.055e-03 state_rel=5.827e-01
Poisson_Steady1D/HF_FNO epoch 0600/1200 pde_train=1.758e-03 pde_val=3.311e-03 state_rel=5.681e-01
Poisson_Steady1D/HF_FNO epoch 0700/1200 pde_train=1.451e-03 pde_val=2.741e-03 state_rel=5.522e-01
Poisson_Steady1D/HF_FNO epoch 0800/1200 pde_train=1.282e-03 pde_val=2.534e-03 state_rel=5.443e-01
Poisson_Steady1D/HF_FNO epoch 0900/1200 pde_train=1.188e-03 pde_val=2.367e-03 state_rel=5.364e-01
Poisson_Steady1D/HF_FNO epoch 1000/1200 pde_train=1.136e-03 pde_val=2.290e-03 state_rel=5.322e-01
Poisson_Steady1D/HF_FNO epoch 1100/1200 pde_train=1.107e-03 pde_val=2.187e-03 state_rel=5.280e-01
Poisson_Steady1D/HF_FNO epoch 1200/1200 pde_train=1.091e-03 pde_val=2.143e-03 state_rel=5.256e-01
Poisson_Steady1D/HF_CFNO epoch 0001/1200 pde_train=1.066e+00 pde_val=1.430e+00 state_rel=1.009e+00
Poisson_Steady1D/HF_CFNO epoch 0100/1200 pde_train=1.012e-02 pde_val=1.327e-02 state_rel=7.316e-01
Poisson_Steady1D/HF_CFNO epoch 0200/1200 pde_train=1.727e-03 pde_val=3.543e-03 state_rel=6.451e-01
Poisson_Steady1D/HF_CFNO epoch 0300/1200 pde_train=1.085e-03 pde_val=2.315e-03 state_rel=5.643e-01
Poisson_Steady1D/HF_CFNO epoch 0400/1200 pde_train=8.647e-04 pde_val=1.779e-03 state_rel=4.954e-01
Poisson_Steady1D/HF_CFNO epoch 0500/1200 pde_train=7.142e-04 pde_val=1.404e-03 state_rel=3.976e-01
Poisson_Steady1D/HF_CFNO epoch 0600/1200 pde_train=6.265e-04 pde_val=1.209e-03 state_rel=3.266e-01
Poisson_Steady1D/HF_CFNO epoch 0700/1200 pde_train=6.034e-04 pde_val=1.133e-03 state_rel=2.993e-01
Poisson_Steady1D/HF_CFNO epoch 0800/1200 pde_train=5.614e-04 pde_val=1.042e-03 state_rel=2.700e-01
Poisson_Steady1D/HF_CFNO epoch 0900/1200 pde_train=5.392e-04 pde_val=1.001e-03 state_rel=2.579e-01
Poisson_Steady1D/HF_CFNO epoch 1000/1200 pde_train=5.245e-04 pde_val=9.815e-04 state_rel=2.590e-01
Poisson_Steady1D/HF_CFNO epoch 1100/1200 pde_train=5.180e-04 pde_val=9.674e-04 state_rel=2.562e-01
Poisson_Steady1D/HF_CFNO epoch 1200/1200 pde_train=5.149e-04 pde_val=9.559e-04 state_rel=2.537e-01

=== [2/15] Poisson_Steady2D on cuda ===
Poisson_Steady2D/FNO epoch 0001/1200 pde_train=1.162e+00 pde_val=1.295e+00 state_rel=9.569e-01
Poisson_Steady2D/FNO epoch 0100/1200 pde_train=1.865e-01 pde_val=3.270e-01 state_rel=3.641e-01
Poisson_Steady2D/FNO epoch 0200/1200 pde_train=1.555e-01 pde_val=2.860e-01 state_rel=2.959e-01
Poisson_Steady2D/FNO epoch 0300/1200 pde_train=1.450e-01 pde_val=2.711e-01 state_rel=2.905e-01
Poisson_Steady2D/FNO epoch 0400/1200 pde_train=1.385e-01 pde_val=2.657e-01 state_rel=2.744e-01
Poisson_Steady2D/FNO epoch 0500/1200 pde_train=1.342e-01 pde_val=2.657e-01 state_rel=2.691e-01
Poisson_Steady2D/FNO epoch 0600/1200 pde_train=1.306e-01 pde_val=2.634e-01 state_rel=2.615e-01
Poisson_Steady2D/FNO epoch 0700/1200 pde_train=1.275e-01 pde_val=2.627e-01 state_rel=2.616e-01
Poisson_Steady2D/FNO epoch 0800/1200 pde_train=1.259e-01 pde_val=2.673e-01 state_rel=2.581e-01
Poisson_Steady2D/FNO epoch 0900/1200 pde_train=1.243e-01 pde_val=2.646e-01 state_rel=2.584e-01
Poisson_Steady2D/FNO epoch 1000/1200 pde_train=1.238e-01 pde_val=2.635e-01 state_rel=2.573e-01
Poisson_Steady2D/FNO epoch 1100/1200 pde_train=1.234e-01 pde_val=2.635e-01 state_rel=2.572e-01
Poisson_Steady2D/FNO epoch 1200/1200 pde_train=1.232e-01 pde_val=2.636e-01 state_rel=2.569e-01
Poisson_Steady2D/CFNO epoch 0001/1200 pde_train=1.090e+00 pde_val=1.224e+00 state_rel=9.988e-01
Poisson_Steady2D/CFNO epoch 0100/1200 pde_train=2.282e-02 pde_val=3.497e-02 state_rel=9.897e-02
Poisson_Steady2D/CFNO epoch 0200/1200 pde_train=7.923e-03 pde_val=1.512e-02 state_rel=3.769e-02
Poisson_Steady2D/CFNO epoch 0300/1200 pde_train=2.559e-03 pde_val=6.388e-03 state_rel=2.491e-02
Poisson_Steady2D/CFNO epoch 0400/1200 pde_train=8.150e-04 pde_val=2.258e-03 state_rel=1.747e-02
Poisson_Steady2D/CFNO epoch 0500/1200 pde_train=5.502e-04 pde_val=1.371e-03 state_rel=1.835e-02
Poisson_Steady2D/CFNO epoch 0600/1200 pde_train=3.433e-04 pde_val=1.129e-03 state_rel=1.612e-02
Poisson_Steady2D/CFNO epoch 0700/1200 pde_train=2.621e-04 pde_val=9.698e-04 state_rel=1.558e-02
Poisson_Steady2D/CFNO epoch 0800/1200 pde_train=2.372e-04 pde_val=8.796e-04 state_rel=1.403e-02
Poisson_Steady2D/CFNO epoch 0900/1200 pde_train=2.201e-04 pde_val=8.485e-04 state_rel=1.419e-02
Poisson_Steady2D/CFNO epoch 1000/1200 pde_train=2.126e-04 pde_val=8.323e-04 state_rel=1.408e-02
Poisson_Steady2D/CFNO epoch 1100/1200 pde_train=2.075e-04 pde_val=8.229e-04 state_rel=1.391e-02
Poisson_Steady2D/CFNO epoch 1200/1200 pde_train=2.048e-04 pde_val=8.176e-04 state_rel=1.401e-02
Poisson_Steady2D/HF_FNO epoch 0001/1200 pde_train=1.139e+00 pde_val=1.362e+00 state_rel=9.735e-01
Poisson_Steady2D/HF_FNO epoch 0100/1200 pde_train=7.063e-02 pde_val=1.332e-01 state_rel=4.352e-01
Poisson_Steady2D/HF_FNO epoch 0200/1200 pde_train=2.947e-02 pde_val=5.258e-02 state_rel=2.895e-01
Poisson_Steady2D/HF_FNO epoch 0300/1200 pde_train=9.001e-03 pde_val=1.988e-02 state_rel=1.287e-01
Poisson_Steady2D/HF_FNO epoch 0400/1200 pde_train=3.435e-03 pde_val=9.969e-03 state_rel=8.148e-02
Poisson_Steady2D/HF_FNO epoch 0500/1200 pde_train=1.832e-03 pde_val=6.333e-03 state_rel=5.594e-02
Poisson_Steady2D/HF_FNO epoch 0600/1200 pde_train=1.251e-03 pde_val=4.722e-03 state_rel=5.042e-02
Poisson_Steady2D/HF_FNO epoch 0700/1200 pde_train=9.274e-04 pde_val=3.751e-03 state_rel=4.556e-02
Poisson_Steady2D/HF_FNO epoch 0800/1200 pde_train=7.718e-04 pde_val=3.277e-03 state_rel=4.407e-02
Poisson_Steady2D/HF_FNO epoch 0900/1200 pde_train=6.732e-04 pde_val=2.959e-03 state_rel=4.309e-02
Poisson_Steady2D/HF_FNO epoch 1000/1200 pde_train=6.237e-04 pde_val=2.787e-03 state_rel=4.256e-02
Poisson_Steady2D/HF_FNO epoch 1100/1200 pde_train=5.929e-04 pde_val=2.676e-03 state_rel=4.218e-02
Poisson_Steady2D/HF_FNO epoch 1200/1200 pde_train=5.725e-04 pde_val=2.610e-03 state_rel=4.204e-02
Poisson_Steady2D/HF_CFNO epoch 0001/1200 pde_train=1.137e+00 pde_val=1.368e+00 state_rel=1.001e+00
Poisson_Steady2D/HF_CFNO epoch 0100/1200 pde_train=2.083e-02 pde_val=3.727e-02 state_rel=3.635e-01
Poisson_Steady2D/HF_CFNO epoch 0200/1200 pde_train=2.447e-03 pde_val=5.606e-03 state_rel=5.641e-02
Poisson_Steady2D/HF_CFNO epoch 0300/1200 pde_train=9.742e-04 pde_val=2.359e-03 state_rel=3.127e-02
Poisson_Steady2D/HF_CFNO epoch 0400/1200 pde_train=5.189e-04 pde_val=1.460e-03 state_rel=2.208e-02
Poisson_Steady2D/HF_CFNO epoch 0500/1200 pde_train=3.404e-04 pde_val=1.087e-03 state_rel=1.840e-02
Poisson_Steady2D/HF_CFNO epoch 0600/1200 pde_train=2.171e-04 pde_val=8.968e-04 state_rel=1.565e-02
Poisson_Steady2D/HF_CFNO epoch 0700/1200 pde_train=1.680e-04 pde_val=7.876e-04 state_rel=1.456e-02
Poisson_Steady2D/HF_CFNO epoch 0800/1200 pde_train=1.424e-04 pde_val=6.922e-04 state_rel=1.560e-02
Poisson_Steady2D/HF_CFNO epoch 0900/1200 pde_train=1.228e-04 pde_val=6.450e-04 state_rel=1.299e-02
Poisson_Steady2D/HF_CFNO epoch 1000/1200 pde_train=1.135e-04 pde_val=6.182e-04 state_rel=1.283e-02
Poisson_Steady2D/HF_CFNO epoch 1100/1200 pde_train=1.086e-04 pde_val=6.022e-04 state_rel=1.270e-02
Poisson_Steady2D/HF_CFNO epoch 1200/1200 pde_train=1.042e-04 pde_val=5.893e-04 state_rel=1.260e-02

=== [3/15] Wave_Transient1D on cuda ===
Wave_Transient1D/FNO epoch 0001/1200 pde_train=3.021e+03 pde_val=2.924e+03 state_rel=1.744e+00
Wave_Transient1D/FNO epoch 0100/1200 pde_train=1.014e+03 pde_val=1.455e+03 state_rel=1.117e+00
Wave_Transient1D/FNO epoch 0200/1200 pde_train=6.796e+02 pde_val=9.378e+02 state_rel=9.674e-01
Wave_Transient1D/FNO epoch 0300/1200 pde_train=5.620e+02 pde_val=7.904e+02 state_rel=9.344e-01
Wave_Transient1D/FNO epoch 0400/1200 pde_train=4.892e+02 pde_val=7.743e+02 state_rel=9.363e-01
Wave_Transient1D/FNO epoch 0500/1200 pde_train=4.695e+02 pde_val=7.657e+02 state_rel=9.304e-01
Wave_Transient1D/FNO epoch 0600/1200 pde_train=4.508e+02 pde_val=8.222e+02 state_rel=9.265e-01
Wave_Transient1D/FNO epoch 0700/1200 pde_train=4.374e+02 pde_val=9.109e+02 state_rel=9.254e-01
Wave_Transient1D/FNO epoch 0800/1200 pde_train=4.323e+02 pde_val=9.211e+02 state_rel=9.256e-01
Wave_Transient1D/FNO epoch 0900/1200 pde_train=4.275e+02 pde_val=9.380e+02 state_rel=9.261e-01
Wave_Transient1D/FNO epoch 1000/1200 pde_train=4.239e+02 pde_val=9.409e+02 state_rel=9.279e-01
Wave_Transient1D/FNO epoch 1100/1200 pde_train=4.211e+02 pde_val=9.697e+02 state_rel=9.268e-01
Wave_Transient1D/FNO epoch 1200/1200 pde_train=4.198e+02 pde_val=9.778e+02 state_rel=9.272e-01
Wave_Transient1D/CFNO epoch 0001/1200 pde_train=3.022e+03 pde_val=2.928e+03 state_rel=1.745e+00
Wave_Transient1D/CFNO epoch 0100/1200 pde_train=6.887e+02 pde_val=1.025e+03 state_rel=1.141e+00
Wave_Transient1D/CFNO epoch 0200/1200 pde_train=3.720e+02 pde_val=5.213e+02 state_rel=1.133e+00
Wave_Transient1D/CFNO epoch 0300/1200 pde_train=2.718e+02 pde_val=3.638e+02 state_rel=1.211e+00
Wave_Transient1D/CFNO epoch 0400/1200 pde_train=2.565e+02 pde_val=3.432e+02 state_rel=1.184e+00
Wave_Transient1D/CFNO epoch 0500/1200 pde_train=2.370e+02 pde_val=3.280e+02 state_rel=1.146e+00
Wave_Transient1D/CFNO epoch 0600/1200 pde_train=2.302e+02 pde_val=3.097e+02 state_rel=1.096e+00
Wave_Transient1D/CFNO epoch 0700/1200 pde_train=2.221e+02 pde_val=3.032e+02 state_rel=1.069e+00
Wave_Transient1D/CFNO epoch 0800/1200 pde_train=2.193e+02 pde_val=2.947e+02 state_rel=1.053e+00
Wave_Transient1D/CFNO epoch 0900/1200 pde_train=2.166e+02 pde_val=2.940e+02 state_rel=1.045e+00
Wave_Transient1D/CFNO epoch 1000/1200 pde_train=2.132e+02 pde_val=2.902e+02 state_rel=1.038e+00
Wave_Transient1D/CFNO epoch 1100/1200 pde_train=2.119e+02 pde_val=2.893e+02 state_rel=1.037e+00
Wave_Transient1D/CFNO epoch 1200/1200 pde_train=2.110e+02 pde_val=2.885e+02 state_rel=1.035e+00
Wave_Transient1D/HF_FNO epoch 0001/1200 pde_train=3.026e+03 pde_val=2.951e+03 state_rel=1.772e+00
Wave_Transient1D/HF_FNO epoch 0100/1200 pde_train=8.892e+02 pde_val=1.273e+03 state_rel=1.530e+00
Wave_Transient1D/HF_FNO epoch 0200/1200 pde_train=3.725e+02 pde_val=5.834e+02 state_rel=1.343e+00
Wave_Transient1D/HF_FNO epoch 0300/1200 pde_train=2.357e+02 pde_val=4.449e+02 state_rel=1.208e+00
Wave_Transient1D/HF_FNO epoch 0400/1200 pde_train=1.798e+02 pde_val=3.731e+02 state_rel=1.150e+00
Wave_Transient1D/HF_FNO epoch 0500/1200 pde_train=1.427e+02 pde_val=3.179e+02 state_rel=1.116e+00
Wave_Transient1D/HF_FNO epoch 0600/1200 pde_train=1.220e+02 pde_val=2.859e+02 state_rel=1.094e+00
Wave_Transient1D/HF_FNO epoch 0700/1200 pde_train=1.073e+02 pde_val=2.576e+02 state_rel=1.072e+00
Wave_Transient1D/HF_FNO epoch 0800/1200 pde_train=9.579e+01 pde_val=2.341e+02 state_rel=1.056e+00
Wave_Transient1D/HF_FNO epoch 0900/1200 pde_train=8.807e+01 pde_val=2.218e+02 state_rel=1.043e+00
Wave_Transient1D/HF_FNO epoch 1000/1200 pde_train=8.220e+01 pde_val=2.091e+02 state_rel=1.031e+00
Wave_Transient1D/HF_FNO epoch 1100/1200 pde_train=7.853e+01 pde_val=2.040e+02 state_rel=1.024e+00
Wave_Transient1D/HF_FNO epoch 1200/1200 pde_train=7.613e+01 pde_val=1.983e+02 state_rel=1.021e+00
Wave_Transient1D/HF_CFNO epoch 0001/1200 pde_train=3.026e+03 pde_val=2.951e+03 state_rel=1.759e+00
Wave_Transient1D/HF_CFNO epoch 0100/1200 pde_train=4.687e+02 pde_val=7.295e+02 state_rel=1.165e+00
Wave_Transient1D/HF_CFNO epoch 0200/1200 pde_train=1.138e+02 pde_val=1.678e+02 state_rel=9.600e-01
Wave_Transient1D/HF_CFNO epoch 0300/1200 pde_train=8.236e+01 pde_val=1.376e+02 state_rel=8.425e-01
Wave_Transient1D/HF_CFNO epoch 0400/1200 pde_train=6.036e+01 pde_val=1.140e+02 state_rel=7.045e-01
Wave_Transient1D/HF_CFNO epoch 0500/1200 pde_train=4.355e+01 pde_val=9.249e+01 state_rel=6.317e-01
Wave_Transient1D/HF_CFNO epoch 0600/1200 pde_train=3.320e+01 pde_val=7.969e+01 state_rel=5.696e-01
Wave_Transient1D/HF_CFNO epoch 0700/1200 pde_train=2.662e+01 pde_val=6.893e+01 state_rel=5.492e-01
Wave_Transient1D/HF_CFNO epoch 0800/1200 pde_train=2.103e+01 pde_val=5.982e+01 state_rel=5.222e-01
Wave_Transient1D/HF_CFNO epoch 0900/1200 pde_train=1.747e+01 pde_val=5.383e+01 state_rel=5.079e-01
Wave_Transient1D/HF_CFNO epoch 1000/1200 pde_train=1.530e+01 pde_val=4.837e+01 state_rel=4.860e-01
Wave_Transient1D/HF_CFNO epoch 1100/1200 pde_train=1.367e+01 pde_val=4.538e+01 state_rel=4.702e-01
Wave_Transient1D/HF_CFNO epoch 1200/1200 pde_train=1.277e+01 pde_val=4.273e+01 state_rel=4.595e-01

=== [4/15] KdV_Steady1D on cuda ===
KdV_Steady1D/FNO epoch 0001/1200 pde_train=9.128e-01 pde_val=1.005e+00 state_rel=9.936e-01
KdV_Steady1D/FNO epoch 0100/1200 pde_train=7.797e-02 pde_val=1.380e-01 state_rel=1.508e+00
KdV_Steady1D/FNO epoch 0200/1200 pde_train=5.168e-02 pde_val=1.265e-01 state_rel=1.732e+00
KdV_Steady1D/FNO epoch 0300/1200 pde_train=4.573e-02 pde_val=1.239e-01 state_rel=1.888e+00
KdV_Steady1D/FNO epoch 0400/1200 pde_train=4.240e-02 pde_val=1.244e-01 state_rel=1.987e+00
KdV_Steady1D/FNO epoch 0500/1200 pde_train=3.865e-02 pde_val=1.379e-01 state_rel=2.087e+00
KdV_Steady1D/FNO epoch 0600/1200 pde_train=3.689e-02 pde_val=1.421e-01 state_rel=2.160e+00
KdV_Steady1D/FNO epoch 0700/1200 pde_train=3.529e-02 pde_val=1.528e-01 state_rel=2.231e+00
KdV_Steady1D/FNO epoch 0800/1200 pde_train=3.416e-02 pde_val=1.609e-01 state_rel=2.290e+00
KdV_Steady1D/FNO epoch 0900/1200 pde_train=3.333e-02 pde_val=1.607e-01 state_rel=2.332e+00
KdV_Steady1D/FNO epoch 1000/1200 pde_train=3.261e-02 pde_val=1.541e-01 state_rel=2.360e+00
KdV_Steady1D/FNO epoch 1100/1200 pde_train=3.222e-02 pde_val=1.541e-01 state_rel=2.379e+00
KdV_Steady1D/FNO epoch 1200/1200 pde_train=3.207e-02 pde_val=1.535e-01 state_rel=2.388e+00
KdV_Steady1D/CFNO epoch 0001/1200 pde_train=9.256e-01 pde_val=1.054e+00 state_rel=9.904e-01
KdV_Steady1D/CFNO epoch 0100/1200 pde_train=1.885e-02 pde_val=4.543e-02 state_rel=1.373e+00
KdV_Steady1D/CFNO epoch 0200/1200 pde_train=8.620e-03 pde_val=3.876e-02 state_rel=1.470e+00
KdV_Steady1D/CFNO epoch 0300/1200 pde_train=6.754e-03 pde_val=3.928e-02 state_rel=1.498e+00
KdV_Steady1D/CFNO epoch 0400/1200 pde_train=5.694e-03 pde_val=4.054e-02 state_rel=1.522e+00
KdV_Steady1D/CFNO epoch 0500/1200 pde_train=4.958e-03 pde_val=4.091e-02 state_rel=1.539e+00
KdV_Steady1D/CFNO epoch 0600/1200 pde_train=3.862e-03 pde_val=3.940e-02 state_rel=1.558e+00
KdV_Steady1D/CFNO epoch 0700/1200 pde_train=3.316e-03 pde_val=3.917e-02 state_rel=1.563e+00
KdV_Steady1D/CFNO epoch 0800/1200 pde_train=3.146e-03 pde_val=3.845e-02 state_rel=1.574e+00
KdV_Steady1D/CFNO epoch 0900/1200 pde_train=2.963e-03 pde_val=3.817e-02 state_rel=1.582e+00
KdV_Steady1D/CFNO epoch 1000/1200 pde_train=2.868e-03 pde_val=3.802e-02 state_rel=1.585e+00
KdV_Steady1D/CFNO epoch 1100/1200 pde_train=2.802e-03 pde_val=3.809e-02 state_rel=1.589e+00
KdV_Steady1D/CFNO epoch 1200/1200 pde_train=2.771e-03 pde_val=3.795e-02 state_rel=1.591e+00
KdV_Steady1D/HF_FNO epoch 0001/1200 pde_train=9.270e-01 pde_val=1.077e+00 state_rel=9.983e-01
KdV_Steady1D/HF_FNO epoch 0100/1200 pde_train=4.891e-02 pde_val=4.956e-02 state_rel=1.400e+00
KdV_Steady1D/HF_FNO epoch 0200/1200 pde_train=1.229e-02 pde_val=2.500e-02 state_rel=2.148e+00
KdV_Steady1D/HF_FNO epoch 0300/1200 pde_train=7.869e-03 pde_val=1.688e-02 state_rel=2.417e+00
KdV_Steady1D/HF_FNO epoch 0400/1200 pde_train=5.586e-03 pde_val=1.208e-02 state_rel=2.671e+00
KdV_Steady1D/HF_FNO epoch 0500/1200 pde_train=3.916e-03 pde_val=9.388e-03 state_rel=2.910e+00
KdV_Steady1D/HF_FNO epoch 0600/1200 pde_train=2.736e-03 pde_val=7.674e-03 state_rel=3.120e+00
KdV_Steady1D/HF_FNO epoch 0700/1200 pde_train=2.079e-03 pde_val=6.487e-03 state_rel=3.282e+00
KdV_Steady1D/HF_FNO epoch 0800/1200 pde_train=1.674e-03 pde_val=5.817e-03 state_rel=3.396e+00
KdV_Steady1D/HF_FNO epoch 0900/1200 pde_train=1.438e-03 pde_val=5.176e-03 state_rel=3.481e+00
KdV_Steady1D/HF_FNO epoch 1000/1200 pde_train=1.284e-03 pde_val=5.022e-03 state_rel=3.529e+00
KdV_Steady1D/HF_FNO epoch 1100/1200 pde_train=1.211e-03 pde_val=4.874e-03 state_rel=3.561e+00
KdV_Steady1D/HF_FNO epoch 1200/1200 pde_train=1.168e-03 pde_val=4.838e-03 state_rel=3.580e+00
KdV_Steady1D/HF_CFNO epoch 0001/1200 pde_train=9.272e-01 pde_val=1.078e+00 state_rel=1.001e+00
KdV_Steady1D/HF_CFNO epoch 0100/1200 pde_train=2.084e-02 pde_val=2.885e-02 state_rel=1.414e+00
KdV_Steady1D/HF_CFNO epoch 0200/1200 pde_train=5.654e-03 pde_val=1.430e-02 state_rel=2.031e+00
KdV_Steady1D/HF_CFNO epoch 0300/1200 pde_train=2.668e-03 pde_val=8.989e-03 state_rel=2.309e+00
KdV_Steady1D/HF_CFNO epoch 0400/1200 pde_train=1.487e-03 pde_val=6.079e-03 state_rel=2.480e+00
KdV_Steady1D/HF_CFNO epoch 0500/1200 pde_train=9.702e-04 pde_val=5.009e-03 state_rel=2.588e+00
KdV_Steady1D/HF_CFNO epoch 0600/1200 pde_train=7.730e-04 pde_val=4.196e-03 state_rel=2.657e+00
KdV_Steady1D/HF_CFNO epoch 0700/1200 pde_train=6.028e-04 pde_val=3.644e-03 state_rel=2.697e+00
KdV_Steady1D/HF_CFNO epoch 0800/1200 pde_train=5.818e-04 pde_val=3.337e-03 state_rel=2.734e+00
KdV_Steady1D/HF_CFNO epoch 0900/1200 pde_train=4.847e-04 pde_val=3.162e-03 state_rel=2.754e+00
KdV_Steady1D/HF_CFNO epoch 1000/1200 pde_train=4.455e-04 pde_val=3.151e-03 state_rel=2.766e+00
KdV_Steady1D/HF_CFNO epoch 1100/1200 pde_train=4.308e-04 pde_val=3.086e-03 state_rel=2.777e+00
KdV_Steady1D/HF_CFNO epoch 1200/1200 pde_train=4.197e-04 pde_val=3.038e-03 state_rel=2.783e+00

=== [5/15] KdV_Steady2D on cuda ===
KdV_Steady2D/FNO epoch 0001/1200 pde_train=1.098e+00 pde_val=1.300e+00 state_rel=1.019e+00
KdV_Steady2D/FNO epoch 0100/1200 pde_train=4.439e-01 pde_val=6.819e-01 state_rel=1.529e+00
KdV_Steady2D/FNO epoch 0200/1200 pde_train=4.266e-01 pde_val=6.568e-01 state_rel=1.520e+00
KdV_Steady2D/FNO epoch 0300/1200 pde_train=4.159e-01 pde_val=6.519e-01 state_rel=1.520e+00
KdV_Steady2D/FNO epoch 0400/1200 pde_train=4.099e-01 pde_val=6.572e-01 state_rel=1.545e+00
KdV_Steady2D/FNO epoch 0500/1200 pde_train=4.048e-01 pde_val=6.467e-01 state_rel=1.545e+00
KdV_Steady2D/FNO epoch 0600/1200 pde_train=4.001e-01 pde_val=6.626e-01 state_rel=1.536e+00
KdV_Steady2D/FNO epoch 0700/1200 pde_train=3.951e-01 pde_val=6.775e-01 state_rel=1.550e+00
KdV_Steady2D/FNO epoch 0800/1200 pde_train=3.927e-01 pde_val=6.930e-01 state_rel=1.551e+00
KdV_Steady2D/FNO epoch 0900/1200 pde_train=3.902e-01 pde_val=7.167e-01 state_rel=1.553e+00
KdV_Steady2D/FNO epoch 1000/1200 pde_train=3.892e-01 pde_val=7.447e-01 state_rel=1.554e+00
KdV_Steady2D/FNO epoch 1100/1200 pde_train=3.886e-01 pde_val=7.608e-01 state_rel=1.554e+00
KdV_Steady2D/FNO epoch 1200/1200 pde_train=3.881e-01 pde_val=7.780e-01 state_rel=1.554e+00
KdV_Steady2D/CFNO epoch 0001/1200 pde_train=1.054e+00 pde_val=1.303e+00 state_rel=9.925e-01
KdV_Steady2D/CFNO epoch 0100/1200 pde_train=3.836e-02 pde_val=1.210e-01 state_rel=1.822e+00
KdV_Steady2D/CFNO epoch 0200/1200 pde_train=2.824e-02 pde_val=9.653e-02 state_rel=1.928e+00
KdV_Steady2D/CFNO epoch 0300/1200 pde_train=1.865e-02 pde_val=7.756e-02 state_rel=2.230e+00
KdV_Steady2D/CFNO epoch 0400/1200 pde_train=1.442e-02 pde_val=6.204e-02 state_rel=2.358e+00
KdV_Steady2D/CFNO epoch 0500/1200 pde_train=1.073e-02 pde_val=5.823e-02 state_rel=2.576e+00
KdV_Steady2D/CFNO epoch 0600/1200 pde_train=8.568e-03 pde_val=5.433e-02 state_rel=2.766e+00
KdV_Steady2D/CFNO epoch 0700/1200 pde_train=7.547e-03 pde_val=5.934e-02 state_rel=2.864e+00
KdV_Steady2D/CFNO epoch 0800/1200 pde_train=6.844e-03 pde_val=6.734e-02 state_rel=2.913e+00
KdV_Steady2D/CFNO epoch 0900/1200 pde_train=6.478e-03 pde_val=7.361e-02 state_rel=2.946e+00
KdV_Steady2D/CFNO epoch 1000/1200 pde_train=6.312e-03 pde_val=7.843e-02 state_rel=2.959e+00
KdV_Steady2D/CFNO epoch 1100/1200 pde_train=6.198e-03 pde_val=8.240e-02 state_rel=2.965e+00
KdV_Steady2D/CFNO epoch 1200/1200 pde_train=6.155e-03 pde_val=8.493e-02 state_rel=2.969e+00
KdV_Steady2D/HF_FNO epoch 0001/1200 pde_train=1.056e+00 pde_val=1.337e+00 state_rel=1.062e+00
KdV_Steady2D/HF_FNO epoch 0100/1200 pde_train=2.762e-02 pde_val=7.206e-02 state_rel=2.208e+00
KdV_Steady2D/HF_FNO epoch 0200/1200 pde_train=9.603e-03 pde_val=3.445e-02 state_rel=2.551e+00
KdV_Steady2D/HF_FNO epoch 0300/1200 pde_train=6.194e-03 pde_val=2.079e-02 state_rel=2.749e+00
KdV_Steady2D/HF_FNO epoch 0400/1200 pde_train=4.295e-03 pde_val=1.357e-02 state_rel=2.965e+00
KdV_Steady2D/HF_FNO epoch 0500/1200 pde_train=3.410e-03 pde_val=1.084e-02 state_rel=3.188e+00
KdV_Steady2D/HF_FNO epoch 0600/1200 pde_train=2.903e-03 pde_val=9.623e-03 state_rel=3.392e+00
KdV_Steady2D/HF_FNO epoch 0700/1200 pde_train=2.360e-03 pde_val=8.475e-03 state_rel=3.566e+00
KdV_Steady2D/HF_FNO epoch 0800/1200 pde_train=2.067e-03 pde_val=8.145e-03 state_rel=3.724e+00
KdV_Steady2D/HF_FNO epoch 0900/1200 pde_train=1.883e-03 pde_val=7.713e-03 state_rel=3.835e+00
KdV_Steady2D/HF_FNO epoch 1000/1200 pde_train=1.761e-03 pde_val=7.521e-03 state_rel=3.913e+00
KdV_Steady2D/HF_FNO epoch 1100/1200 pde_train=1.694e-03 pde_val=7.418e-03 state_rel=3.963e+00
KdV_Steady2D/HF_FNO epoch 1200/1200 pde_train=1.646e-03 pde_val=7.308e-03 state_rel=3.997e+00
KdV_Steady2D/HF_CFNO epoch 0001/1200 pde_train=1.055e+00 pde_val=1.335e+00 state_rel=9.929e-01
KdV_Steady2D/HF_CFNO epoch 0100/1200 pde_train=1.782e-02 pde_val=6.548e-02 state_rel=2.593e+00
KdV_Steady2D/HF_CFNO epoch 0200/1200 pde_train=4.561e-03 pde_val=2.338e-02 state_rel=2.982e+00
KdV_Steady2D/HF_CFNO epoch 0300/1200 pde_train=2.234e-03 pde_val=1.406e-02 state_rel=3.132e+00
KdV_Steady2D/HF_CFNO epoch 0400/1200 pde_train=1.351e-03 pde_val=1.061e-02 state_rel=3.206e+00
KdV_Steady2D/HF_CFNO epoch 0500/1200 pde_train=9.018e-04 pde_val=8.747e-03 state_rel=3.250e+00
KdV_Steady2D/HF_CFNO epoch 0600/1200 pde_train=7.062e-04 pde_val=7.913e-03 state_rel=3.301e+00
KdV_Steady2D/HF_CFNO epoch 0700/1200 pde_train=5.458e-04 pde_val=7.125e-03 state_rel=3.343e+00
KdV_Steady2D/HF_CFNO epoch 0800/1200 pde_train=4.823e-04 pde_val=6.705e-03 state_rel=3.372e+00
KdV_Steady2D/HF_CFNO epoch 0900/1200 pde_train=4.203e-04 pde_val=6.371e-03 state_rel=3.390e+00
KdV_Steady2D/HF_CFNO epoch 1000/1200 pde_train=3.934e-04 pde_val=6.198e-03 state_rel=3.405e+00
KdV_Steady2D/HF_CFNO epoch 1100/1200 pde_train=3.774e-04 pde_val=6.085e-03 state_rel=3.413e+00
KdV_Steady2D/HF_CFNO epoch 1200/1200 pde_train=3.668e-04 pde_val=6.020e-03 state_rel=3.420e+00

=== [6/15] KdV_Transient1D on cuda ===
KdV_Transient1D/FNO epoch 0001/1200 pde_train=1.104e+00 pde_val=1.430e+00 state_rel=1.248e+00
KdV_Transient1D/FNO epoch 0100/1200 pde_train=9.644e-02 pde_val=2.423e-01 state_rel=5.313e-01
KdV_Transient1D/FNO epoch 0200/1200 pde_train=5.295e-02 pde_val=1.797e-01 state_rel=4.504e-01
KdV_Transient1D/FNO epoch 0300/1200 pde_train=4.295e-02 pde_val=1.701e-01 state_rel=4.345e-01
KdV_Transient1D/FNO epoch 0400/1200 pde_train=3.770e-02 pde_val=1.688e-01 state_rel=4.236e-01
KdV_Transient1D/FNO epoch 0500/1200 pde_train=3.443e-02 pde_val=1.690e-01 state_rel=4.121e-01
KdV_Transient1D/FNO epoch 0600/1200 pde_train=3.246e-02 pde_val=1.746e-01 state_rel=4.112e-01
KdV_Transient1D/FNO epoch 0700/1200 pde_train=3.111e-02 pde_val=1.741e-01 state_rel=4.057e-01
KdV_Transient1D/FNO epoch 0800/1200 pde_train=3.026e-02 pde_val=1.724e-01 state_rel=4.005e-01
KdV_Transient1D/FNO epoch 0900/1200 pde_train=2.961e-02 pde_val=1.720e-01 state_rel=3.992e-01
KdV_Transient1D/FNO epoch 1000/1200 pde_train=2.931e-02 pde_val=1.712e-01 state_rel=3.980e-01
KdV_Transient1D/FNO epoch 1100/1200 pde_train=2.907e-02 pde_val=1.718e-01 state_rel=3.987e-01
KdV_Transient1D/FNO epoch 1200/1200 pde_train=2.897e-02 pde_val=1.719e-01 state_rel=3.986e-01
KdV_Transient1D/CFNO epoch 0001/1200 pde_train=1.101e+00 pde_val=1.432e+00 state_rel=1.249e+00
KdV_Transient1D/CFNO epoch 0100/1200 pde_train=9.502e-03 pde_val=1.741e-02 state_rel=1.774e-01
KdV_Transient1D/CFNO epoch 0200/1200 pde_train=4.107e-03 pde_val=8.783e-03 state_rel=1.321e-01
KdV_Transient1D/CFNO epoch 0300/1200 pde_train=2.859e-03 pde_val=6.806e-03 state_rel=1.193e-01
KdV_Transient1D/CFNO epoch 0400/1200 pde_train=2.167e-03 pde_val=6.045e-03 state_rel=1.037e-01
KdV_Transient1D/CFNO epoch 0500/1200 pde_train=2.023e-03 pde_val=5.731e-03 state_rel=1.034e-01
KdV_Transient1D/CFNO epoch 0600/1200 pde_train=1.495e-03 pde_val=5.098e-03 state_rel=9.536e-02
KdV_Transient1D/CFNO epoch 0700/1200 pde_train=1.333e-03 pde_val=4.903e-03 state_rel=9.072e-02
KdV_Transient1D/CFNO epoch 0800/1200 pde_train=1.240e-03 pde_val=4.770e-03 state_rel=8.934e-02
KdV_Transient1D/CFNO epoch 0900/1200 pde_train=1.182e-03 pde_val=4.698e-03 state_rel=8.950e-02
KdV_Transient1D/CFNO epoch 1000/1200 pde_train=1.147e-03 pde_val=4.640e-03 state_rel=8.731e-02
KdV_Transient1D/CFNO epoch 1100/1200 pde_train=1.126e-03 pde_val=4.616e-03 state_rel=8.765e-02
KdV_Transient1D/CFNO epoch 1200/1200 pde_train=1.112e-03 pde_val=4.595e-03 state_rel=8.683e-02
KdV_Transient1D/HF_FNO epoch 0001/1200 pde_train=1.111e+00 pde_val=1.483e+00 state_rel=1.246e+00
KdV_Transient1D/HF_FNO epoch 0100/1200 pde_train=3.949e-02 pde_val=6.858e-02 state_rel=5.338e-01
KdV_Transient1D/HF_FNO epoch 0200/1200 pde_train=7.111e-03 pde_val=1.716e-02 state_rel=1.832e-01
KdV_Transient1D/HF_FNO epoch 0300/1200 pde_train=3.629e-03 pde_val=9.851e-03 state_rel=1.533e-01
KdV_Transient1D/HF_FNO epoch 0400/1200 pde_train=2.368e-03 pde_val=7.200e-03 state_rel=1.380e-01
KdV_Transient1D/HF_FNO epoch 0500/1200 pde_train=1.816e-03 pde_val=6.245e-03 state_rel=1.296e-01
KdV_Transient1D/HF_FNO epoch 0600/1200 pde_train=1.575e-03 pde_val=5.647e-03 state_rel=1.235e-01
KdV_Transient1D/HF_FNO epoch 0700/1200 pde_train=1.325e-03 pde_val=5.231e-03 state_rel=1.189e-01
KdV_Transient1D/HF_FNO epoch 0800/1200 pde_train=1.193e-03 pde_val=5.023e-03 state_rel=1.161e-01
KdV_Transient1D/HF_FNO epoch 0900/1200 pde_train=1.111e-03 pde_val=4.822e-03 state_rel=1.136e-01
KdV_Transient1D/HF_FNO epoch 1000/1200 pde_train=1.065e-03 pde_val=4.718e-03 state_rel=1.124e-01
KdV_Transient1D/HF_FNO epoch 1100/1200 pde_train=1.037e-03 pde_val=4.654e-03 state_rel=1.116e-01
KdV_Transient1D/HF_FNO epoch 1200/1200 pde_train=1.020e-03 pde_val=4.619e-03 state_rel=1.111e-01
KdV_Transient1D/HF_CFNO epoch 0001/1200 pde_train=1.121e+00 pde_val=1.478e+00 state_rel=1.304e+00
KdV_Transient1D/HF_CFNO epoch 0100/1200 pde_train=2.914e-02 pde_val=6.166e-02 state_rel=4.828e-01
KdV_Transient1D/HF_CFNO epoch 0200/1200 pde_train=9.963e-03 pde_val=2.554e-02 state_rel=3.098e-01
KdV_Transient1D/HF_CFNO epoch 0300/1200 pde_train=3.706e-03 pde_val=1.214e-02 state_rel=1.950e-01
KdV_Transient1D/HF_CFNO epoch 0400/1200 pde_train=1.809e-03 pde_val=7.398e-03 state_rel=1.389e-01
KdV_Transient1D/HF_CFNO epoch 0500/1200 pde_train=1.156e-03 pde_val=6.232e-03 state_rel=1.201e-01
KdV_Transient1D/HF_CFNO epoch 0600/1200 pde_train=8.242e-04 pde_val=5.236e-03 state_rel=1.089e-01
KdV_Transient1D/HF_CFNO epoch 0700/1200 pde_train=6.733e-04 pde_val=4.783e-03 state_rel=1.055e-01
KdV_Transient1D/HF_CFNO epoch 0800/1200 pde_train=5.757e-04 pde_val=4.493e-03 state_rel=9.949e-02
KdV_Transient1D/HF_CFNO epoch 0900/1200 pde_train=5.236e-04 pde_val=4.360e-03 state_rel=9.728e-02
KdV_Transient1D/HF_CFNO epoch 1000/1200 pde_train=4.929e-04 pde_val=4.226e-03 state_rel=9.605e-02
KdV_Transient1D/HF_CFNO epoch 1100/1200 pde_train=4.738e-04 pde_val=4.168e-03 state_rel=9.520e-02
KdV_Transient1D/HF_CFNO epoch 1200/1200 pde_train=4.621e-04 pde_val=4.119e-03 state_rel=9.453e-02

=== [7/15] AllenCahn_Steady1D on cuda ===
AllenCahn_Steady1D/FNO epoch 0001/1200 pde_train=7.443e-02 pde_val=4.812e-02 state_rel=9.805e-01
AllenCahn_Steady1D/FNO epoch 0100/1200 pde_train=1.563e-02 pde_val=7.921e-03 state_rel=7.038e-01
AllenCahn_Steady1D/FNO epoch 0200/1200 pde_train=1.435e-02 pde_val=7.346e-03 state_rel=6.821e-01
AllenCahn_Steady1D/FNO epoch 0300/1200 pde_train=1.353e-02 pde_val=7.770e-03 state_rel=6.746e-01
AllenCahn_Steady1D/FNO epoch 0400/1200 pde_train=1.338e-02 pde_val=7.855e-03 state_rel=6.740e-01
AllenCahn_Steady1D/FNO epoch 0500/1200 pde_train=1.296e-02 pde_val=8.517e-03 state_rel=6.734e-01
AllenCahn_Steady1D/FNO epoch 0600/1200 pde_train=1.273e-02 pde_val=9.166e-03 state_rel=6.707e-01
AllenCahn_Steady1D/FNO epoch 0700/1200 pde_train=1.257e-02 pde_val=9.797e-03 state_rel=6.688e-01
AllenCahn_Steady1D/FNO epoch 0800/1200 pde_train=1.248e-02 pde_val=1.020e-02 state_rel=6.672e-01
AllenCahn_Steady1D/FNO epoch 0900/1200 pde_train=1.243e-02 pde_val=1.045e-02 state_rel=6.688e-01
AllenCahn_Steady1D/FNO epoch 1000/1200 pde_train=1.238e-02 pde_val=1.064e-02 state_rel=6.676e-01
AllenCahn_Steady1D/FNO epoch 1100/1200 pde_train=1.236e-02 pde_val=1.076e-02 state_rel=6.685e-01
AllenCahn_Steady1D/FNO epoch 1200/1200 pde_train=1.234e-02 pde_val=1.084e-02 state_rel=6.684e-01
AllenCahn_Steady1D/CFNO epoch 0001/1200 pde_train=6.980e-02 pde_val=4.529e-02 state_rel=9.641e-01
AllenCahn_Steady1D/CFNO epoch 0100/1200 pde_train=1.463e-02 pde_val=6.769e-03 state_rel=6.876e-01
AllenCahn_Steady1D/CFNO epoch 0200/1200 pde_train=1.344e-02 pde_val=7.306e-03 state_rel=6.982e-01
AllenCahn_Steady1D/CFNO epoch 0300/1200 pde_train=1.265e-02 pde_val=8.027e-03 state_rel=6.762e-01
AllenCahn_Steady1D/CFNO epoch 0400/1200 pde_train=1.250e-02 pde_val=9.453e-03 state_rel=6.823e-01
AllenCahn_Steady1D/CFNO epoch 0500/1200 pde_train=1.210e-02 pde_val=1.007e-02 state_rel=6.831e-01
AllenCahn_Steady1D/CFNO epoch 0600/1200 pde_train=1.143e-02 pde_val=1.117e-02 state_rel=6.783e-01
AllenCahn_Steady1D/CFNO epoch 0700/1200 pde_train=1.126e-02 pde_val=1.185e-02 state_rel=6.846e-01
AllenCahn_Steady1D/CFNO epoch 0800/1200 pde_train=1.109e-02 pde_val=1.225e-02 state_rel=6.852e-01
AllenCahn_Steady1D/CFNO epoch 0900/1200 pde_train=1.099e-02 pde_val=1.270e-02 state_rel=6.842e-01
AllenCahn_Steady1D/CFNO epoch 1000/1200 pde_train=1.094e-02 pde_val=1.308e-02 state_rel=6.855e-01
AllenCahn_Steady1D/CFNO epoch 1100/1200 pde_train=1.090e-02 pde_val=1.334e-02 state_rel=6.868e-01
AllenCahn_Steady1D/CFNO epoch 1200/1200 pde_train=1.087e-02 pde_val=1.354e-02 state_rel=6.878e-01
AllenCahn_Steady1D/HF_FNO epoch 0001/1200 pde_train=7.375e-02 pde_val=5.249e-02 state_rel=9.984e-01
AllenCahn_Steady1D/HF_FNO epoch 0100/1200 pde_train=1.795e-02 pde_val=1.046e-02 state_rel=7.095e-01
AllenCahn_Steady1D/HF_FNO epoch 0200/1200 pde_train=1.413e-02 pde_val=8.041e-03 state_rel=6.997e-01
AllenCahn_Steady1D/HF_FNO epoch 0300/1200 pde_train=1.227e-02 pde_val=7.499e-03 state_rel=6.689e-01
AllenCahn_Steady1D/HF_FNO epoch 0400/1200 pde_train=1.151e-02 pde_val=7.937e-03 state_rel=6.559e-01
AllenCahn_Steady1D/HF_FNO epoch 0500/1200 pde_train=1.107e-02 pde_val=8.806e-03 state_rel=6.535e-01
AllenCahn_Steady1D/HF_FNO epoch 0600/1200 pde_train=1.077e-02 pde_val=9.277e-03 state_rel=6.539e-01
AllenCahn_Steady1D/HF_FNO epoch 0700/1200 pde_train=1.057e-02 pde_val=9.847e-03 state_rel=6.553e-01
AllenCahn_Steady1D/HF_FNO epoch 0800/1200 pde_train=1.042e-02 pde_val=1.058e-02 state_rel=6.577e-01
AllenCahn_Steady1D/HF_FNO epoch 0900/1200 pde_train=1.030e-02 pde_val=1.121e-02 state_rel=6.600e-01
AllenCahn_Steady1D/HF_FNO epoch 1000/1200 pde_train=1.022e-02 pde_val=1.176e-02 state_rel=6.617e-01
AllenCahn_Steady1D/HF_FNO epoch 1100/1200 pde_train=1.017e-02 pde_val=1.214e-02 state_rel=6.628e-01
AllenCahn_Steady1D/HF_FNO epoch 1200/1200 pde_train=1.013e-02 pde_val=1.241e-02 state_rel=6.637e-01
AllenCahn_Steady1D/HF_CFNO epoch 0001/1200 pde_train=7.509e-02 pde_val=5.305e-02 state_rel=1.003e+00
AllenCahn_Steady1D/HF_CFNO epoch 0100/1200 pde_train=1.604e-02 pde_val=7.727e-03 state_rel=7.056e-01
AllenCahn_Steady1D/HF_CFNO epoch 0200/1200 pde_train=1.272e-02 pde_val=7.939e-03 state_rel=6.699e-01
AllenCahn_Steady1D/HF_CFNO epoch 0300/1200 pde_train=1.138e-02 pde_val=9.572e-03 state_rel=6.791e-01
AllenCahn_Steady1D/HF_CFNO epoch 0400/1200 pde_train=1.088e-02 pde_val=1.027e-02 state_rel=6.920e-01
AllenCahn_Steady1D/HF_CFNO epoch 0500/1200 pde_train=1.068e-02 pde_val=1.079e-02 state_rel=6.982e-01
AllenCahn_Steady1D/HF_CFNO epoch 0600/1200 pde_train=1.034e-02 pde_val=1.120e-02 state_rel=7.063e-01
AllenCahn_Steady1D/HF_CFNO epoch 0700/1200 pde_train=1.016e-02 pde_val=1.173e-02 state_rel=7.120e-01
AllenCahn_Steady1D/HF_CFNO epoch 0800/1200 pde_train=1.001e-02 pde_val=1.222e-02 state_rel=7.169e-01
AllenCahn_Steady1D/HF_CFNO epoch 0900/1200 pde_train=9.900e-03 pde_val=1.270e-02 state_rel=7.208e-01
AllenCahn_Steady1D/HF_CFNO epoch 1000/1200 pde_train=9.820e-03 pde_val=1.305e-02 state_rel=7.236e-01
AllenCahn_Steady1D/HF_CFNO epoch 1100/1200 pde_train=9.767e-03 pde_val=1.331e-02 state_rel=7.255e-01
AllenCahn_Steady1D/HF_CFNO epoch 1200/1200 pde_train=9.731e-03 pde_val=1.349e-02 state_rel=7.269e-01

=== [8/15] AllenCahn_Steady2D on cuda ===
AllenCahn_Steady2D/FNO epoch 0001/1200 pde_train=4.552e-02 pde_val=4.352e-02 state_rel=9.448e-01
AllenCahn_Steady2D/FNO epoch 0100/1200 pde_train=2.570e-03 pde_val=3.072e-03 state_rel=5.729e-01
AllenCahn_Steady2D/FNO epoch 0200/1200 pde_train=2.198e-03 pde_val=2.870e-03 state_rel=5.647e-01
AllenCahn_Steady2D/FNO epoch 0300/1200 pde_train=2.068e-03 pde_val=2.916e-03 state_rel=5.621e-01
AllenCahn_Steady2D/FNO epoch 0400/1200 pde_train=2.009e-03 pde_val=3.042e-03 state_rel=5.605e-01
AllenCahn_Steady2D/FNO epoch 0500/1200 pde_train=1.974e-03 pde_val=3.109e-03 state_rel=5.606e-01
AllenCahn_Steady2D/FNO epoch 0600/1200 pde_train=1.962e-03 pde_val=3.168e-03 state_rel=5.598e-01
AllenCahn_Steady2D/FNO epoch 0700/1200 pde_train=1.946e-03 pde_val=3.249e-03 state_rel=5.578e-01
AllenCahn_Steady2D/FNO epoch 0800/1200 pde_train=1.936e-03 pde_val=3.290e-03 state_rel=5.584e-01
AllenCahn_Steady2D/FNO epoch 0900/1200 pde_train=1.932e-03 pde_val=3.300e-03 state_rel=5.592e-01
AllenCahn_Steady2D/FNO epoch 1000/1200 pde_train=1.929e-03 pde_val=3.328e-03 state_rel=5.591e-01
AllenCahn_Steady2D/FNO epoch 1100/1200 pde_train=1.928e-03 pde_val=3.338e-03 state_rel=5.590e-01
AllenCahn_Steady2D/FNO epoch 1200/1200 pde_train=1.927e-03 pde_val=3.335e-03 state_rel=5.589e-01
AllenCahn_Steady2D/CFNO epoch 0001/1200 pde_train=5.966e-02 pde_val=4.944e-02 state_rel=9.329e-01
AllenCahn_Steady2D/CFNO epoch 0100/1200 pde_train=1.872e-03 pde_val=5.296e-03 state_rel=5.432e-01
AllenCahn_Steady2D/CFNO epoch 0200/1200 pde_train=1.460e-03 pde_val=4.969e-03 state_rel=5.462e-01
AllenCahn_Steady2D/CFNO epoch 0300/1200 pde_train=1.321e-03 pde_val=4.641e-03 state_rel=5.465e-01
AllenCahn_Steady2D/CFNO epoch 0400/1200 pde_train=1.263e-03 pde_val=4.796e-03 state_rel=5.482e-01
AllenCahn_Steady2D/CFNO epoch 0500/1200 pde_train=1.203e-03 pde_val=4.852e-03 state_rel=5.449e-01
AllenCahn_Steady2D/CFNO epoch 0600/1200 pde_train=1.164e-03 pde_val=5.132e-03 state_rel=5.441e-01
AllenCahn_Steady2D/CFNO epoch 0700/1200 pde_train=1.145e-03 pde_val=5.430e-03 state_rel=5.421e-01
AllenCahn_Steady2D/CFNO epoch 0800/1200 pde_train=1.131e-03 pde_val=5.553e-03 state_rel=5.411e-01
AllenCahn_Steady2D/CFNO epoch 0900/1200 pde_train=1.121e-03 pde_val=5.681e-03 state_rel=5.412e-01
AllenCahn_Steady2D/CFNO epoch 1000/1200 pde_train=1.115e-03 pde_val=5.808e-03 state_rel=5.402e-01
AllenCahn_Steady2D/CFNO epoch 1100/1200 pde_train=1.111e-03 pde_val=5.859e-03 state_rel=5.400e-01
AllenCahn_Steady2D/CFNO epoch 1200/1200 pde_train=1.109e-03 pde_val=5.917e-03 state_rel=5.399e-01
AllenCahn_Steady2D/HF_FNO epoch 0001/1200 pde_train=9.022e-02 pde_val=7.426e-02 state_rel=9.617e-01
AllenCahn_Steady2D/HF_FNO epoch 0100/1200 pde_train=3.675e-03 pde_val=7.906e-03 state_rel=6.526e-01
AllenCahn_Steady2D/HF_FNO epoch 0200/1200 pde_train=1.824e-03 pde_val=1.136e-02 state_rel=6.139e-01
AllenCahn_Steady2D/HF_FNO epoch 0300/1200 pde_train=1.421e-03 pde_val=1.719e-02 state_rel=6.034e-01
AllenCahn_Steady2D/HF_FNO epoch 0400/1200 pde_train=1.226e-03 pde_val=2.758e-02 state_rel=6.095e-01
AllenCahn_Steady2D/HF_FNO epoch 0500/1200 pde_train=1.136e-03 pde_val=3.738e-02 state_rel=6.143e-01
AllenCahn_Steady2D/HF_FNO epoch 0600/1200 pde_train=1.084e-03 pde_val=4.383e-02 state_rel=6.186e-01
AllenCahn_Steady2D/HF_FNO epoch 0700/1200 pde_train=1.049e-03 pde_val=4.866e-02 state_rel=6.207e-01
AllenCahn_Steady2D/HF_FNO epoch 0800/1200 pde_train=1.021e-03 pde_val=5.207e-02 state_rel=6.230e-01
AllenCahn_Steady2D/HF_FNO epoch 0900/1200 pde_train=9.996e-04 pde_val=5.565e-02 state_rel=6.250e-01
AllenCahn_Steady2D/HF_FNO epoch 1000/1200 pde_train=9.841e-04 pde_val=5.858e-02 state_rel=6.269e-01
AllenCahn_Steady2D/HF_FNO epoch 1100/1200 pde_train=9.742e-04 pde_val=6.051e-02 state_rel=6.281e-01
AllenCahn_Steady2D/HF_FNO epoch 1200/1200 pde_train=9.673e-04 pde_val=6.214e-02 state_rel=6.289e-01
AllenCahn_Steady2D/HF_CFNO epoch 0001/1200 pde_train=5.046e-02 pde_val=5.268e-02 state_rel=9.792e-01
AllenCahn_Steady2D/HF_CFNO epoch 0100/1200 pde_train=2.548e-03 pde_val=3.815e-03 state_rel=5.704e-01
AllenCahn_Steady2D/HF_CFNO epoch 0200/1200 pde_train=1.683e-03 pde_val=3.254e-03 state_rel=5.479e-01
AllenCahn_Steady2D/HF_CFNO epoch 0300/1200 pde_train=1.288e-03 pde_val=3.324e-03 state_rel=5.452e-01
AllenCahn_Steady2D/HF_CFNO epoch 0400/1200 pde_train=1.139e-03 pde_val=3.473e-03 state_rel=5.459e-01
AllenCahn_Steady2D/HF_CFNO epoch 0500/1200 pde_train=1.050e-03 pde_val=3.481e-03 state_rel=5.464e-01
AllenCahn_Steady2D/HF_CFNO epoch 0600/1200 pde_train=9.897e-04 pde_val=3.499e-03 state_rel=5.466e-01
AllenCahn_Steady2D/HF_CFNO epoch 0700/1200 pde_train=9.335e-04 pde_val=3.591e-03 state_rel=5.480e-01
AllenCahn_Steady2D/HF_CFNO epoch 0800/1200 pde_train=8.873e-04 pde_val=3.736e-03 state_rel=5.501e-01
AllenCahn_Steady2D/HF_CFNO epoch 0900/1200 pde_train=8.533e-04 pde_val=3.899e-03 state_rel=5.523e-01
AllenCahn_Steady2D/HF_CFNO epoch 1000/1200 pde_train=8.304e-04 pde_val=4.038e-03 state_rel=5.532e-01
AllenCahn_Steady2D/HF_CFNO epoch 1100/1200 pde_train=8.162e-04 pde_val=4.137e-03 state_rel=5.541e-01
AllenCahn_Steady2D/HF_CFNO epoch 1200/1200 pde_train=8.068e-04 pde_val=4.211e-03 state_rel=5.546e-01

=== [9/15] AllenCahn_Transient1D on cuda ===
AllenCahn_Transient1D/FNO epoch 0001/1200 pde_train=2.075e-01 pde_val=3.056e-01 state_rel=3.711e-01
AllenCahn_Transient1D/FNO epoch 0100/1200 pde_train=1.006e-02 pde_val=2.211e-02 state_rel=9.899e-02
AllenCahn_Transient1D/FNO epoch 0200/1200 pde_train=4.065e-03 pde_val=1.510e-02 state_rel=8.278e-02
AllenCahn_Transient1D/FNO epoch 0300/1200 pde_train=2.410e-03 pde_val=1.395e-02 state_rel=7.673e-02
AllenCahn_Transient1D/FNO epoch 0400/1200 pde_train=1.918e-03 pde_val=1.216e-02 state_rel=6.972e-02
AllenCahn_Transient1D/FNO epoch 0500/1200 pde_train=1.685e-03 pde_val=1.199e-02 state_rel=6.994e-02
AllenCahn_Transient1D/FNO epoch 0600/1200 pde_train=1.421e-03 pde_val=1.229e-02 state_rel=7.034e-02
AllenCahn_Transient1D/FNO epoch 0700/1200 pde_train=1.346e-03 pde_val=1.204e-02 state_rel=6.913e-02
AllenCahn_Transient1D/FNO epoch 0800/1200 pde_train=1.291e-03 pde_val=1.216e-02 state_rel=6.925e-02
AllenCahn_Transient1D/FNO epoch 0900/1200 pde_train=1.249e-03 pde_val=1.228e-02 state_rel=6.938e-02
AllenCahn_Transient1D/FNO epoch 1000/1200 pde_train=1.228e-03 pde_val=1.217e-02 state_rel=6.898e-02
AllenCahn_Transient1D/FNO epoch 1100/1200 pde_train=1.217e-03 pde_val=1.222e-02 state_rel=6.932e-02
AllenCahn_Transient1D/FNO epoch 1200/1200 pde_train=1.210e-03 pde_val=1.224e-02 state_rel=6.935e-02
AllenCahn_Transient1D/CFNO epoch 0001/1200 pde_train=2.166e-01 pde_val=3.194e-01 state_rel=3.825e-01
AllenCahn_Transient1D/CFNO epoch 0100/1200 pde_train=2.730e-03 pde_val=1.419e-02 state_rel=6.348e-02
AllenCahn_Transient1D/CFNO epoch 0200/1200 pde_train=1.054e-03 pde_val=8.297e-03 state_rel=4.005e-02
AllenCahn_Transient1D/CFNO epoch 0300/1200 pde_train=6.698e-04 pde_val=7.038e-03 state_rel=3.447e-02
AllenCahn_Transient1D/CFNO epoch 0400/1200 pde_train=4.993e-04 pde_val=6.674e-03 state_rel=3.378e-02
AllenCahn_Transient1D/CFNO epoch 0500/1200 pde_train=4.165e-04 pde_val=6.406e-03 state_rel=3.374e-02
AllenCahn_Transient1D/CFNO epoch 0600/1200 pde_train=3.775e-04 pde_val=6.550e-03 state_rel=3.545e-02
AllenCahn_Transient1D/CFNO epoch 0700/1200 pde_train=3.198e-04 pde_val=6.453e-03 state_rel=3.481e-02
AllenCahn_Transient1D/CFNO epoch 0800/1200 pde_train=2.895e-04 pde_val=6.349e-03 state_rel=3.486e-02
AllenCahn_Transient1D/CFNO epoch 0900/1200 pde_train=2.727e-04 pde_val=6.374e-03 state_rel=3.500e-02
AllenCahn_Transient1D/CFNO epoch 1000/1200 pde_train=2.635e-04 pde_val=6.323e-03 state_rel=3.506e-02
AllenCahn_Transient1D/CFNO epoch 1100/1200 pde_train=2.568e-04 pde_val=6.308e-03 state_rel=3.495e-02
AllenCahn_Transient1D/CFNO epoch 1200/1200 pde_train=2.536e-04 pde_val=6.326e-03 state_rel=3.535e-02
AllenCahn_Transient1D/HF_FNO epoch 0001/1200 pde_train=2.114e-01 pde_val=3.323e-01 state_rel=3.817e-01
AllenCahn_Transient1D/HF_FNO epoch 0100/1200 pde_train=4.817e-02 pde_val=1.315e-01 state_rel=3.114e-01
AllenCahn_Transient1D/HF_FNO epoch 0200/1200 pde_train=1.355e-02 pde_val=6.286e-02 state_rel=1.688e-01
AllenCahn_Transient1D/HF_FNO epoch 0300/1200 pde_train=8.099e-03 pde_val=4.023e-02 state_rel=1.321e-01
AllenCahn_Transient1D/HF_FNO epoch 0400/1200 pde_train=4.922e-03 pde_val=2.833e-02 state_rel=1.092e-01
AllenCahn_Transient1D/HF_FNO epoch 0500/1200 pde_train=3.288e-03 pde_val=1.932e-02 state_rel=8.572e-02
AllenCahn_Transient1D/HF_FNO epoch 0600/1200 pde_train=2.279e-03 pde_val=1.470e-02 state_rel=6.926e-02
AllenCahn_Transient1D/HF_FNO epoch 0700/1200 pde_train=1.819e-03 pde_val=1.273e-02 state_rel=6.070e-02
AllenCahn_Transient1D/HF_FNO epoch 0800/1200 pde_train=1.532e-03 pde_val=1.162e-02 state_rel=5.588e-02
AllenCahn_Transient1D/HF_FNO epoch 0900/1200 pde_train=1.381e-03 pde_val=1.111e-02 state_rel=5.366e-02
AllenCahn_Transient1D/HF_FNO epoch 1000/1200 pde_train=1.295e-03 pde_val=1.079e-02 state_rel=5.215e-02
AllenCahn_Transient1D/HF_FNO epoch 1100/1200 pde_train=1.245e-03 pde_val=1.061e-02 state_rel=5.133e-02
AllenCahn_Transient1D/HF_FNO epoch 1200/1200 pde_train=1.213e-03 pde_val=1.049e-02 state_rel=5.077e-02
AllenCahn_Transient1D/HF_CFNO epoch 0001/1200 pde_train=2.137e-01 pde_val=3.312e-01 state_rel=3.795e-01
AllenCahn_Transient1D/HF_CFNO epoch 0100/1200 pde_train=1.199e-02 pde_val=3.544e-02 state_rel=1.369e-01
AllenCahn_Transient1D/HF_CFNO epoch 0200/1200 pde_train=2.357e-03 pde_val=9.844e-03 state_rel=5.970e-02
AllenCahn_Transient1D/HF_CFNO epoch 0300/1200 pde_train=1.013e-03 pde_val=7.621e-03 state_rel=4.369e-02
AllenCahn_Transient1D/HF_CFNO epoch 0400/1200 pde_train=6.080e-04 pde_val=7.231e-03 state_rel=4.294e-02
AllenCahn_Transient1D/HF_CFNO epoch 0500/1200 pde_train=4.844e-04 pde_val=6.571e-03 state_rel=4.027e-02
AllenCahn_Transient1D/HF_CFNO epoch 0600/1200 pde_train=3.622e-04 pde_val=6.339e-03 state_rel=4.088e-02
AllenCahn_Transient1D/HF_CFNO epoch 0700/1200 pde_train=2.959e-04 pde_val=6.710e-03 state_rel=4.299e-02
AllenCahn_Transient1D/HF_CFNO epoch 0800/1200 pde_train=2.527e-04 pde_val=6.394e-03 state_rel=4.223e-02
AllenCahn_Transient1D/HF_CFNO epoch 0900/1200 pde_train=2.336e-04 pde_val=6.352e-03 state_rel=4.222e-02
AllenCahn_Transient1D/HF_CFNO epoch 1000/1200 pde_train=2.199e-04 pde_val=6.295e-03 state_rel=4.208e-02
AllenCahn_Transient1D/HF_CFNO epoch 1100/1200 pde_train=2.111e-04 pde_val=6.251e-03 state_rel=4.186e-02
AllenCahn_Transient1D/HF_CFNO epoch 1200/1200 pde_train=2.059e-04 pde_val=6.254e-03 state_rel=4.217e-02

=== [10/15] Burgers_Steady1D on cuda ===
Burgers_Steady1D/FNO epoch 0001/1200 pde_train=1.037e+00 pde_val=9.509e-01 state_rel=9.905e-01
Burgers_Steady1D/FNO epoch 0100/1200 pde_train=5.970e-02 pde_val=9.067e-02 state_rel=1.320e+00
Burgers_Steady1D/FNO epoch 0200/1200 pde_train=4.285e-02 pde_val=8.308e-02 state_rel=1.275e+00
Burgers_Steady1D/FNO epoch 0300/1200 pde_train=3.608e-02 pde_val=9.681e-02 state_rel=1.289e+00
Burgers_Steady1D/FNO epoch 0400/1200 pde_train=3.068e-02 pde_val=7.642e-02 state_rel=1.286e+00
Burgers_Steady1D/FNO epoch 0500/1200 pde_train=2.712e-02 pde_val=7.760e-02 state_rel=1.278e+00
Burgers_Steady1D/FNO epoch 0600/1200 pde_train=2.500e-02 pde_val=8.478e-02 state_rel=1.278e+00
Burgers_Steady1D/FNO epoch 0700/1200 pde_train=2.339e-02 pde_val=9.097e-02 state_rel=1.275e+00
Burgers_Steady1D/FNO epoch 0800/1200 pde_train=2.275e-02 pde_val=9.656e-02 state_rel=1.272e+00
Burgers_Steady1D/FNO epoch 0900/1200 pde_train=2.242e-02 pde_val=9.798e-02 state_rel=1.271e+00
Burgers_Steady1D/FNO epoch 1000/1200 pde_train=2.225e-02 pde_val=9.880e-02 state_rel=1.271e+00
Burgers_Steady1D/FNO epoch 1100/1200 pde_train=2.210e-02 pde_val=9.998e-02 state_rel=1.270e+00
Burgers_Steady1D/FNO epoch 1200/1200 pde_train=2.203e-02 pde_val=1.001e-01 state_rel=1.270e+00
Burgers_Steady1D/CFNO epoch 0001/1200 pde_train=1.035e+00 pde_val=9.388e-01 state_rel=9.973e-01
Burgers_Steady1D/CFNO epoch 0100/1200 pde_train=5.146e-02 pde_val=8.574e-02 state_rel=1.544e+00
Burgers_Steady1D/CFNO epoch 0200/1200 pde_train=3.428e-02 pde_val=6.947e-02 state_rel=1.564e+00
Burgers_Steady1D/CFNO epoch 0300/1200 pde_train=4.467e-02 pde_val=8.261e-02 state_rel=1.610e+00
Burgers_Steady1D/CFNO epoch 0400/1200 pde_train=2.359e-02 pde_val=6.148e-02 state_rel=1.640e+00
Burgers_Steady1D/CFNO epoch 0500/1200 pde_train=1.683e-02 pde_val=6.491e-02 state_rel=1.609e+00
Burgers_Steady1D/CFNO epoch 0600/1200 pde_train=1.496e-02 pde_val=6.603e-02 state_rel=1.637e+00
Burgers_Steady1D/CFNO epoch 0700/1200 pde_train=1.379e-02 pde_val=6.922e-02 state_rel=1.634e+00
Burgers_Steady1D/CFNO epoch 0800/1200 pde_train=1.260e-02 pde_val=7.299e-02 state_rel=1.635e+00
Burgers_Steady1D/CFNO epoch 0900/1200 pde_train=1.171e-02 pde_val=7.932e-02 state_rel=1.639e+00
Burgers_Steady1D/CFNO epoch 1000/1200 pde_train=1.106e-02 pde_val=8.301e-02 state_rel=1.639e+00
Burgers_Steady1D/CFNO epoch 1100/1200 pde_train=1.063e-02 pde_val=8.515e-02 state_rel=1.642e+00
Burgers_Steady1D/CFNO epoch 1200/1200 pde_train=1.033e-02 pde_val=8.647e-02 state_rel=1.643e+00
Burgers_Steady1D/HF_FNO epoch 0001/1200 pde_train=1.056e+00 pde_val=9.999e-01 state_rel=9.960e-01
Burgers_Steady1D/HF_FNO epoch 0100/1200 pde_train=6.887e-02 pde_val=1.554e-01 state_rel=1.319e+00
Burgers_Steady1D/HF_FNO epoch 0200/1200 pde_train=2.808e-02 pde_val=9.716e-02 state_rel=1.258e+00
Burgers_Steady1D/HF_FNO epoch 0300/1200 pde_train=1.670e-02 pde_val=8.286e-02 state_rel=1.243e+00
Burgers_Steady1D/HF_FNO epoch 0400/1200 pde_train=1.101e-02 pde_val=7.803e-02 state_rel=1.241e+00
Burgers_Steady1D/HF_FNO epoch 0500/1200 pde_train=6.501e-03 pde_val=8.137e-02 state_rel=1.257e+00
Burgers_Steady1D/HF_FNO epoch 0600/1200 pde_train=3.877e-03 pde_val=7.622e-02 state_rel=1.272e+00
Burgers_Steady1D/HF_FNO epoch 0700/1200 pde_train=3.029e-03 pde_val=6.824e-02 state_rel=1.283e+00
Burgers_Steady1D/HF_FNO epoch 0800/1200 pde_train=2.616e-03 pde_val=6.474e-02 state_rel=1.291e+00
Burgers_Steady1D/HF_FNO epoch 0900/1200 pde_train=2.380e-03 pde_val=6.156e-02 state_rel=1.296e+00
Burgers_Steady1D/HF_FNO epoch 1000/1200 pde_train=2.241e-03 pde_val=5.963e-02 state_rel=1.299e+00
Burgers_Steady1D/HF_FNO epoch 1100/1200 pde_train=2.162e-03 pde_val=5.848e-02 state_rel=1.301e+00
Burgers_Steady1D/HF_FNO epoch 1200/1200 pde_train=2.113e-03 pde_val=5.763e-02 state_rel=1.302e+00
Burgers_Steady1D/HF_CFNO epoch 0001/1200 pde_train=1.054e+00 pde_val=9.983e-01 state_rel=1.046e+00
Burgers_Steady1D/HF_CFNO epoch 0100/1200 pde_train=5.681e-02 pde_val=6.804e-02 state_rel=1.663e+00
Burgers_Steady1D/HF_CFNO epoch 0200/1200 pde_train=1.722e-02 pde_val=3.686e-02 state_rel=1.723e+00
Burgers_Steady1D/HF_CFNO epoch 0300/1200 pde_train=6.478e-03 pde_val=2.924e-02 state_rel=1.832e+00
Burgers_Steady1D/HF_CFNO epoch 0400/1200 pde_train=3.478e-03 pde_val=1.988e-02 state_rel=1.907e+00
Burgers_Steady1D/HF_CFNO epoch 0500/1200 pde_train=2.311e-03 pde_val=1.678e-02 state_rel=1.954e+00
Burgers_Steady1D/HF_CFNO epoch 0600/1200 pde_train=1.891e-03 pde_val=1.469e-02 state_rel=1.982e+00
Burgers_Steady1D/HF_CFNO epoch 0700/1200 pde_train=1.652e-03 pde_val=1.324e-02 state_rel=2.002e+00
Burgers_Steady1D/HF_CFNO epoch 0800/1200 pde_train=1.496e-03 pde_val=1.257e-02 state_rel=2.020e+00
Burgers_Steady1D/HF_CFNO epoch 0900/1200 pde_train=1.432e-03 pde_val=1.220e-02 state_rel=2.031e+00
Burgers_Steady1D/HF_CFNO epoch 1000/1200 pde_train=1.357e-03 pde_val=1.190e-02 state_rel=2.038e+00
Burgers_Steady1D/HF_CFNO epoch 1100/1200 pde_train=1.329e-03 pde_val=1.162e-02 state_rel=2.042e+00
Burgers_Steady1D/HF_CFNO epoch 1200/1200 pde_train=1.311e-03 pde_val=1.146e-02 state_rel=2.045e+00

=== [11/15] Burgers_Steady2D on cuda ===
Burgers_Steady2D/FNO epoch 0001/1200 pde_train=1.132e+00 pde_val=1.360e+00 state_rel=1.031e+00
Burgers_Steady2D/FNO epoch 0100/1200 pde_train=1.053e-01 pde_val=1.757e-01 state_rel=1.637e+00
Burgers_Steady2D/FNO epoch 0200/1200 pde_train=9.114e-02 pde_val=1.693e-01 state_rel=1.616e+00
Burgers_Steady2D/FNO epoch 0300/1200 pde_train=8.808e-02 pde_val=1.709e-01 state_rel=1.599e+00
Burgers_Steady2D/FNO epoch 0400/1200 pde_train=7.883e-02 pde_val=1.745e-01 state_rel=1.616e+00
Burgers_Steady2D/FNO epoch 0500/1200 pde_train=7.651e-02 pde_val=1.748e-01 state_rel=1.613e+00
Burgers_Steady2D/FNO epoch 0600/1200 pde_train=7.617e-02 pde_val=1.763e-01 state_rel=1.615e+00
Burgers_Steady2D/FNO epoch 0700/1200 pde_train=7.433e-02 pde_val=1.834e-01 state_rel=1.613e+00
Burgers_Steady2D/FNO epoch 0800/1200 pde_train=7.378e-02 pde_val=1.819e-01 state_rel=1.609e+00
Burgers_Steady2D/FNO epoch 0900/1200 pde_train=7.329e-02 pde_val=1.846e-01 state_rel=1.612e+00
Burgers_Steady2D/FNO epoch 1000/1200 pde_train=7.303e-02 pde_val=1.850e-01 state_rel=1.612e+00
Burgers_Steady2D/FNO epoch 1100/1200 pde_train=7.289e-02 pde_val=1.847e-01 state_rel=1.611e+00
Burgers_Steady2D/FNO epoch 1200/1200 pde_train=7.283e-02 pde_val=1.847e-01 state_rel=1.611e+00
Burgers_Steady2D/CFNO epoch 0001/1200 pde_train=1.101e+00 pde_val=1.312e+00 state_rel=9.446e-01
Burgers_Steady2D/CFNO epoch 0100/1200 pde_train=6.210e-02 pde_val=1.172e-01 state_rel=1.008e+00
Burgers_Steady2D/CFNO epoch 0200/1200 pde_train=4.397e-02 pde_val=1.103e-01 state_rel=9.774e-01
Burgers_Steady2D/CFNO epoch 0300/1200 pde_train=3.774e-02 pde_val=1.155e-01 state_rel=9.672e-01
Burgers_Steady2D/CFNO epoch 0400/1200 pde_train=3.307e-02 pde_val=1.260e-01 state_rel=9.561e-01
Burgers_Steady2D/CFNO epoch 0500/1200 pde_train=3.208e-02 pde_val=1.360e-01 state_rel=9.369e-01
Burgers_Steady2D/CFNO epoch 0600/1200 pde_train=3.043e-02 pde_val=1.489e-01 state_rel=9.542e-01
Burgers_Steady2D/CFNO epoch 0700/1200 pde_train=2.806e-02 pde_val=1.511e-01 state_rel=9.412e-01
Burgers_Steady2D/CFNO epoch 0800/1200 pde_train=2.729e-02 pde_val=1.592e-01 state_rel=9.379e-01
Burgers_Steady2D/CFNO epoch 0900/1200 pde_train=2.685e-02 pde_val=1.620e-01 state_rel=9.347e-01
Burgers_Steady2D/CFNO epoch 1000/1200 pde_train=2.656e-02 pde_val=1.643e-01 state_rel=9.338e-01
Burgers_Steady2D/CFNO epoch 1100/1200 pde_train=2.641e-02 pde_val=1.658e-01 state_rel=9.335e-01
Burgers_Steady2D/CFNO epoch 1200/1200 pde_train=2.631e-02 pde_val=1.667e-01 state_rel=9.333e-01
Burgers_Steady2D/HF_FNO epoch 0001/1200 pde_train=1.127e+00 pde_val=1.417e+00 state_rel=8.845e-01
Burgers_Steady2D/HF_FNO epoch 0100/1200 pde_train=7.818e-02 pde_val=1.226e-01 state_rel=1.080e+00
Burgers_Steady2D/HF_FNO epoch 0200/1200 pde_train=3.492e-02 pde_val=8.964e-02 state_rel=9.753e-01
Burgers_Steady2D/HF_FNO epoch 0300/1200 pde_train=2.593e-02 pde_val=8.368e-02 state_rel=9.393e-01
Burgers_Steady2D/HF_FNO epoch 0400/1200 pde_train=2.184e-02 pde_val=8.279e-02 state_rel=9.246e-01
Burgers_Steady2D/HF_FNO epoch 0500/1200 pde_train=1.981e-02 pde_val=8.170e-02 state_rel=9.120e-01
Burgers_Steady2D/HF_FNO epoch 0600/1200 pde_train=1.796e-02 pde_val=8.803e-02 state_rel=9.027e-01
Burgers_Steady2D/HF_FNO epoch 0700/1200 pde_train=1.683e-02 pde_val=9.186e-02 state_rel=8.969e-01
Burgers_Steady2D/HF_FNO epoch 0800/1200 pde_train=1.600e-02 pde_val=9.534e-02 state_rel=8.926e-01
Burgers_Steady2D/HF_FNO epoch 0900/1200 pde_train=1.544e-02 pde_val=9.856e-02 state_rel=8.896e-01
Burgers_Steady2D/HF_FNO epoch 1000/1200 pde_train=1.506e-02 pde_val=1.008e-01 state_rel=8.881e-01
Burgers_Steady2D/HF_FNO epoch 1100/1200 pde_train=1.483e-02 pde_val=1.020e-01 state_rel=8.869e-01
Burgers_Steady2D/HF_FNO epoch 1200/1200 pde_train=1.468e-02 pde_val=1.028e-01 state_rel=8.862e-01
Burgers_Steady2D/HF_CFNO epoch 0001/1200 pde_train=1.122e+00 pde_val=1.410e+00 state_rel=1.180e+00
Burgers_Steady2D/HF_CFNO epoch 0100/1200 pde_train=7.429e-02 pde_val=1.160e-01 state_rel=1.660e+00
Burgers_Steady2D/HF_CFNO epoch 0200/1200 pde_train=3.854e-02 pde_val=8.006e-02 state_rel=1.591e+00
Burgers_Steady2D/HF_CFNO epoch 0300/1200 pde_train=2.912e-02 pde_val=7.563e-02 state_rel=1.541e+00
Burgers_Steady2D/HF_CFNO epoch 0400/1200 pde_train=2.476e-02 pde_val=8.724e-02 state_rel=1.541e+00
Burgers_Steady2D/HF_CFNO epoch 0500/1200 pde_train=2.190e-02 pde_val=9.605e-02 state_rel=1.516e+00
Burgers_Steady2D/HF_CFNO epoch 0600/1200 pde_train=2.003e-02 pde_val=1.053e-01 state_rel=1.508e+00
Burgers_Steady2D/HF_CFNO epoch 0700/1200 pde_train=1.867e-02 pde_val=1.171e-01 state_rel=1.501e+00
Burgers_Steady2D/HF_CFNO epoch 0800/1200 pde_train=1.767e-02 pde_val=1.282e-01 state_rel=1.499e+00
Burgers_Steady2D/HF_CFNO epoch 0900/1200 pde_train=1.697e-02 pde_val=1.366e-01 state_rel=1.495e+00
Burgers_Steady2D/HF_CFNO epoch 1000/1200 pde_train=1.649e-02 pde_val=1.436e-01 state_rel=1.494e+00
Burgers_Steady2D/HF_CFNO epoch 1100/1200 pde_train=1.618e-02 pde_val=1.484e-01 state_rel=1.494e+00
Burgers_Steady2D/HF_CFNO epoch 1200/1200 pde_train=1.596e-02 pde_val=1.519e-01 state_rel=1.494e+00

=== [12/15] Burgers_Transient1D on cuda ===
Burgers_Transient1D/FNO epoch 0001/1200 pde_train=6.712e-01 pde_val=7.740e-01 state_rel=4.607e-01
Burgers_Transient1D/FNO epoch 0100/1200 pde_train=2.223e-02 pde_val=3.978e-02 state_rel=6.483e-02
Burgers_Transient1D/FNO epoch 0200/1200 pde_train=1.311e-02 pde_val=3.738e-02 state_rel=5.432e-02
Burgers_Transient1D/FNO epoch 0300/1200 pde_train=1.085e-02 pde_val=3.466e-02 state_rel=4.951e-02
Burgers_Transient1D/FNO epoch 0400/1200 pde_train=9.665e-03 pde_val=3.289e-02 state_rel=4.610e-02
Burgers_Transient1D/FNO epoch 0500/1200 pde_train=7.988e-03 pde_val=3.466e-02 state_rel=4.494e-02
Burgers_Transient1D/FNO epoch 0600/1200 pde_train=7.517e-03 pde_val=3.522e-02 state_rel=4.516e-02
Burgers_Transient1D/FNO epoch 0700/1200 pde_train=7.106e-03 pde_val=3.581e-02 state_rel=4.452e-02
Burgers_Transient1D/FNO epoch 0800/1200 pde_train=6.708e-03 pde_val=3.613e-02 state_rel=4.528e-02
Burgers_Transient1D/FNO epoch 0900/1200 pde_train=6.531e-03 pde_val=3.527e-02 state_rel=4.383e-02
Burgers_Transient1D/FNO epoch 1000/1200 pde_train=6.371e-03 pde_val=3.559e-02 state_rel=4.409e-02
Burgers_Transient1D/FNO epoch 1100/1200 pde_train=6.296e-03 pde_val=3.562e-02 state_rel=4.387e-02
Burgers_Transient1D/FNO epoch 1200/1200 pde_train=6.258e-03 pde_val=3.575e-02 state_rel=4.385e-02
Burgers_Transient1D/CFNO epoch 0001/1200 pde_train=6.452e-01 pde_val=7.245e-01 state_rel=4.261e-01
Burgers_Transient1D/CFNO epoch 0100/1200 pde_train=1.129e-02 pde_val=3.799e-02 state_rel=7.331e-02
Burgers_Transient1D/CFNO epoch 0200/1200 pde_train=4.722e-03 pde_val=2.520e-02 state_rel=5.079e-02
Burgers_Transient1D/CFNO epoch 0300/1200 pde_train=3.174e-03 pde_val=2.398e-02 state_rel=5.002e-02
Burgers_Transient1D/CFNO epoch 0400/1200 pde_train=2.051e-03 pde_val=2.329e-02 state_rel=4.591e-02
Burgers_Transient1D/CFNO epoch 0500/1200 pde_train=1.827e-03 pde_val=2.352e-02 state_rel=4.534e-02
Burgers_Transient1D/CFNO epoch 0600/1200 pde_train=1.461e-03 pde_val=2.385e-02 state_rel=4.639e-02
Burgers_Transient1D/CFNO epoch 0700/1200 pde_train=1.344e-03 pde_val=2.397e-02 state_rel=4.610e-02
Burgers_Transient1D/CFNO epoch 0800/1200 pde_train=1.229e-03 pde_val=2.379e-02 state_rel=4.519e-02
Burgers_Transient1D/CFNO epoch 0900/1200 pde_train=1.151e-03 pde_val=2.382e-02 state_rel=4.535e-02
Burgers_Transient1D/CFNO epoch 1000/1200 pde_train=1.110e-03 pde_val=2.376e-02 state_rel=4.479e-02
Burgers_Transient1D/CFNO epoch 1100/1200 pde_train=1.086e-03 pde_val=2.375e-02 state_rel=4.470e-02
Burgers_Transient1D/CFNO epoch 1200/1200 pde_train=1.071e-03 pde_val=2.373e-02 state_rel=4.448e-02
Burgers_Transient1D/HF_FNO epoch 0001/1200 pde_train=7.111e-01 pde_val=8.717e-01 state_rel=5.028e-01
Burgers_Transient1D/HF_FNO epoch 0100/1200 pde_train=8.797e-02 pde_val=2.197e-01 state_rel=2.846e-01
Burgers_Transient1D/HF_FNO epoch 0200/1200 pde_train=1.327e-02 pde_val=3.241e-02 state_rel=6.122e-02
Burgers_Transient1D/HF_FNO epoch 0300/1200 pde_train=5.905e-03 pde_val=2.028e-02 state_rel=4.197e-02
Burgers_Transient1D/HF_FNO epoch 0400/1200 pde_train=3.808e-03 pde_val=1.755e-02 state_rel=3.782e-02
Burgers_Transient1D/HF_FNO epoch 0500/1200 pde_train=2.660e-03 pde_val=1.526e-02 state_rel=3.429e-02
Burgers_Transient1D/HF_FNO epoch 0600/1200 pde_train=2.135e-03 pde_val=1.440e-02 state_rel=3.313e-02
Burgers_Transient1D/HF_FNO epoch 0700/1200 pde_train=1.782e-03 pde_val=1.377e-02 state_rel=3.198e-02
Burgers_Transient1D/HF_FNO epoch 0800/1200 pde_train=1.583e-03 pde_val=1.320e-02 state_rel=3.084e-02
Burgers_Transient1D/HF_FNO epoch 0900/1200 pde_train=1.431e-03 pde_val=1.286e-02 state_rel=3.039e-02
Burgers_Transient1D/HF_FNO epoch 1000/1200 pde_train=1.351e-03 pde_val=1.263e-02 state_rel=2.991e-02
Burgers_Transient1D/HF_FNO epoch 1100/1200 pde_train=1.306e-03 pde_val=1.248e-02 state_rel=2.958e-02
Burgers_Transient1D/HF_FNO epoch 1200/1200 pde_train=1.277e-03 pde_val=1.242e-02 state_rel=2.953e-02
Burgers_Transient1D/HF_CFNO epoch 0001/1200 pde_train=6.559e-01 pde_val=7.676e-01 state_rel=4.470e-01
Burgers_Transient1D/HF_CFNO epoch 0100/1200 pde_train=5.853e-02 pde_val=8.473e-02 state_rel=1.136e-01
Burgers_Transient1D/HF_CFNO epoch 0200/1200 pde_train=7.086e-03 pde_val=2.056e-02 state_rel=6.232e-02
Burgers_Transient1D/HF_CFNO epoch 0300/1200 pde_train=3.364e-03 pde_val=1.758e-02 state_rel=5.387e-02
Burgers_Transient1D/HF_CFNO epoch 0400/1200 pde_train=2.172e-03 pde_val=1.622e-02 state_rel=5.075e-02
Burgers_Transient1D/HF_CFNO epoch 0500/1200 pde_train=1.536e-03 pde_val=1.573e-02 state_rel=5.055e-02
Burgers_Transient1D/HF_CFNO epoch 0600/1200 pde_train=1.205e-03 pde_val=1.430e-02 state_rel=4.574e-02
Burgers_Transient1D/HF_CFNO epoch 0700/1200 pde_train=9.663e-04 pde_val=1.339e-02 state_rel=4.329e-02
Burgers_Transient1D/HF_CFNO epoch 0800/1200 pde_train=8.266e-04 pde_val=1.322e-02 state_rel=4.272e-02
Burgers_Transient1D/HF_CFNO epoch 0900/1200 pde_train=7.391e-04 pde_val=1.318e-02 state_rel=4.238e-02
Burgers_Transient1D/HF_CFNO epoch 1000/1200 pde_train=6.942e-04 pde_val=1.300e-02 state_rel=4.183e-02
Burgers_Transient1D/HF_CFNO epoch 1100/1200 pde_train=6.641e-04 pde_val=1.301e-02 state_rel=4.175e-02
Burgers_Transient1D/HF_CFNO epoch 1200/1200 pde_train=6.478e-04 pde_val=1.292e-02 state_rel=4.144e-02

=== [13/15] ReactionDiffusion_Steady1D on cuda ===
ReactionDiffusion_Steady1D/FNO epoch 0001/1200 pde_train=8.803e-01 pde_val=2.999e-01 state_rel=1.028e+00
ReactionDiffusion_Steady1D/FNO epoch 0100/1200 pde_train=1.715e-01 pde_val=1.673e-01 state_rel=8.779e-01
ReactionDiffusion_Steady1D/FNO epoch 0200/1200 pde_train=1.225e-01 pde_val=1.699e-01 state_rel=9.965e-01
ReactionDiffusion_Steady1D/FNO epoch 0300/1200 pde_train=1.017e-01 pde_val=1.795e-01 state_rel=1.032e+00
ReactionDiffusion_Steady1D/FNO epoch 0400/1200 pde_train=9.325e-02 pde_val=1.815e-01 state_rel=1.035e+00
ReactionDiffusion_Steady1D/FNO epoch 0500/1200 pde_train=8.790e-02 pde_val=1.863e-01 state_rel=1.044e+00
ReactionDiffusion_Steady1D/FNO epoch 0600/1200 pde_train=8.366e-02 pde_val=1.967e-01 state_rel=1.043e+00
ReactionDiffusion_Steady1D/FNO epoch 0700/1200 pde_train=7.883e-02 pde_val=2.034e-01 state_rel=1.046e+00
ReactionDiffusion_Steady1D/FNO epoch 0800/1200 pde_train=7.680e-02 pde_val=2.083e-01 state_rel=1.047e+00
ReactionDiffusion_Steady1D/FNO epoch 0900/1200 pde_train=7.572e-02 pde_val=2.093e-01 state_rel=1.047e+00
ReactionDiffusion_Steady1D/FNO epoch 1000/1200 pde_train=7.498e-02 pde_val=2.118e-01 state_rel=1.048e+00
ReactionDiffusion_Steady1D/FNO epoch 1100/1200 pde_train=7.467e-02 pde_val=2.131e-01 state_rel=1.048e+00
ReactionDiffusion_Steady1D/FNO epoch 1200/1200 pde_train=7.449e-02 pde_val=2.140e-01 state_rel=1.048e+00
ReactionDiffusion_Steady1D/CFNO epoch 0001/1200 pde_train=8.412e-01 pde_val=2.817e-01 state_rel=1.089e+00
ReactionDiffusion_Steady1D/CFNO epoch 0100/1200 pde_train=1.121e-01 pde_val=1.638e-01 state_rel=7.622e-01
ReactionDiffusion_Steady1D/CFNO epoch 0200/1200 pde_train=6.615e-02 pde_val=1.560e-01 state_rel=8.486e-01
ReactionDiffusion_Steady1D/CFNO epoch 0300/1200 pde_train=4.974e-02 pde_val=1.634e-01 state_rel=8.724e-01
ReactionDiffusion_Steady1D/CFNO epoch 0400/1200 pde_train=4.648e-02 pde_val=1.699e-01 state_rel=8.909e-01
ReactionDiffusion_Steady1D/CFNO epoch 0500/1200 pde_train=3.905e-02 pde_val=1.754e-01 state_rel=9.039e-01
ReactionDiffusion_Steady1D/CFNO epoch 0600/1200 pde_train=3.427e-02 pde_val=1.766e-01 state_rel=8.988e-01
ReactionDiffusion_Steady1D/CFNO epoch 0700/1200 pde_train=3.132e-02 pde_val=1.846e-01 state_rel=9.049e-01
ReactionDiffusion_Steady1D/CFNO epoch 0800/1200 pde_train=2.931e-02 pde_val=1.957e-01 state_rel=9.060e-01
ReactionDiffusion_Steady1D/CFNO epoch 0900/1200 pde_train=2.808e-02 pde_val=2.023e-01 state_rel=9.088e-01
ReactionDiffusion_Steady1D/CFNO epoch 1000/1200 pde_train=2.715e-02 pde_val=2.064e-01 state_rel=9.105e-01
ReactionDiffusion_Steady1D/CFNO epoch 1100/1200 pde_train=2.668e-02 pde_val=2.081e-01 state_rel=9.111e-01
ReactionDiffusion_Steady1D/CFNO epoch 1200/1200 pde_train=2.635e-02 pde_val=2.091e-01 state_rel=9.115e-01
ReactionDiffusion_Steady1D/HF_FNO epoch 0001/1200 pde_train=8.938e-01 pde_val=3.216e-01 state_rel=1.015e+00
ReactionDiffusion_Steady1D/HF_FNO epoch 0100/1200 pde_train=1.010e-01 pde_val=1.111e-01 state_rel=1.162e+00
ReactionDiffusion_Steady1D/HF_FNO epoch 0200/1200 pde_train=4.514e-02 pde_val=1.007e-01 state_rel=1.136e+00
ReactionDiffusion_Steady1D/HF_FNO epoch 0300/1200 pde_train=3.408e-02 pde_val=9.666e-02 state_rel=1.124e+00
ReactionDiffusion_Steady1D/HF_FNO epoch 0400/1200 pde_train=2.756e-02 pde_val=9.562e-02 state_rel=1.124e+00
ReactionDiffusion_Steady1D/HF_FNO epoch 0500/1200 pde_train=2.279e-02 pde_val=1.002e-01 state_rel=1.119e+00
ReactionDiffusion_Steady1D/HF_FNO epoch 0600/1200 pde_train=1.828e-02 pde_val=1.078e-01 state_rel=1.110e+00
ReactionDiffusion_Steady1D/HF_FNO epoch 0700/1200 pde_train=1.631e-02 pde_val=1.110e-01 state_rel=1.097e+00
ReactionDiffusion_Steady1D/HF_FNO epoch 0800/1200 pde_train=1.386e-02 pde_val=1.189e-01 state_rel=1.104e+00
ReactionDiffusion_Steady1D/HF_FNO epoch 0900/1200 pde_train=1.271e-02 pde_val=1.248e-01 state_rel=1.105e+00
ReactionDiffusion_Steady1D/HF_FNO epoch 1000/1200 pde_train=1.196e-02 pde_val=1.288e-01 state_rel=1.104e+00
ReactionDiffusion_Steady1D/HF_FNO epoch 1100/1200 pde_train=1.152e-02 pde_val=1.319e-01 state_rel=1.104e+00
ReactionDiffusion_Steady1D/HF_FNO epoch 1200/1200 pde_train=1.123e-02 pde_val=1.343e-01 state_rel=1.105e+00
ReactionDiffusion_Steady1D/HF_CFNO epoch 0001/1200 pde_train=9.669e-01 pde_val=3.767e-01 state_rel=9.700e-01
ReactionDiffusion_Steady1D/HF_CFNO epoch 0100/1200 pde_train=8.847e-02 pde_val=1.448e-01 state_rel=8.525e-01
ReactionDiffusion_Steady1D/HF_CFNO epoch 0200/1200 pde_train=2.715e-02 pde_val=1.283e-01 state_rel=8.633e-01
ReactionDiffusion_Steady1D/HF_CFNO epoch 0300/1200 pde_train=1.603e-02 pde_val=1.330e-01 state_rel=7.970e-01
ReactionDiffusion_Steady1D/HF_CFNO epoch 0400/1200 pde_train=1.205e-02 pde_val=1.470e-01 state_rel=7.696e-01
ReactionDiffusion_Steady1D/HF_CFNO epoch 0500/1200 pde_train=9.055e-03 pde_val=1.575e-01 state_rel=7.446e-01
ReactionDiffusion_Steady1D/HF_CFNO epoch 0600/1200 pde_train=8.057e-03 pde_val=1.644e-01 state_rel=7.343e-01
ReactionDiffusion_Steady1D/HF_CFNO epoch 0700/1200 pde_train=5.956e-03 pde_val=1.623e-01 state_rel=7.111e-01
ReactionDiffusion_Steady1D/HF_CFNO epoch 0800/1200 pde_train=5.142e-03 pde_val=1.652e-01 state_rel=7.018e-01
ReactionDiffusion_Steady1D/HF_CFNO epoch 0900/1200 pde_train=4.654e-03 pde_val=1.650e-01 state_rel=6.966e-01
ReactionDiffusion_Steady1D/HF_CFNO epoch 1000/1200 pde_train=4.360e-03 pde_val=1.646e-01 state_rel=6.945e-01
ReactionDiffusion_Steady1D/HF_CFNO epoch 1100/1200 pde_train=4.196e-03 pde_val=1.640e-01 state_rel=6.931e-01
ReactionDiffusion_Steady1D/HF_CFNO epoch 1200/1200 pde_train=4.094e-03 pde_val=1.634e-01 state_rel=6.923e-01

=== [14/15] ReactionDiffusion_Steady2D on cuda ===
ReactionDiffusion_Steady2D/FNO epoch 0001/1200 pde_train=7.432e-02 pde_val=1.135e-01 state_rel=9.746e-01
ReactionDiffusion_Steady2D/FNO epoch 0100/1200 pde_train=1.849e-02 pde_val=3.271e-02 state_rel=7.553e-01
ReactionDiffusion_Steady2D/FNO epoch 0200/1200 pde_train=1.688e-02 pde_val=3.574e-02 state_rel=7.566e-01
ReactionDiffusion_Steady2D/FNO epoch 0300/1200 pde_train=1.614e-02 pde_val=4.233e-02 state_rel=7.549e-01
ReactionDiffusion_Steady2D/FNO epoch 0400/1200 pde_train=1.546e-02 pde_val=4.821e-02 state_rel=7.613e-01
ReactionDiffusion_Steady2D/FNO epoch 0500/1200 pde_train=1.493e-02 pde_val=5.474e-02 state_rel=7.681e-01
ReactionDiffusion_Steady2D/FNO epoch 0600/1200 pde_train=1.452e-02 pde_val=6.214e-02 state_rel=7.717e-01
ReactionDiffusion_Steady2D/FNO epoch 0700/1200 pde_train=1.415e-02 pde_val=6.565e-02 state_rel=7.712e-01
ReactionDiffusion_Steady2D/FNO epoch 0800/1200 pde_train=1.367e-02 pde_val=6.926e-02 state_rel=7.714e-01
ReactionDiffusion_Steady2D/FNO epoch 0900/1200 pde_train=1.349e-02 pde_val=7.403e-02 state_rel=7.758e-01
ReactionDiffusion_Steady2D/FNO epoch 1000/1200 pde_train=1.336e-02 pde_val=7.512e-02 state_rel=7.768e-01
ReactionDiffusion_Steady2D/FNO epoch 1100/1200 pde_train=1.330e-02 pde_val=7.603e-02 state_rel=7.766e-01
ReactionDiffusion_Steady2D/FNO epoch 1200/1200 pde_train=1.329e-02 pde_val=7.637e-02 state_rel=7.770e-01
ReactionDiffusion_Steady2D/CFNO epoch 0001/1200 pde_train=7.001e-02 pde_val=1.096e-01 state_rel=9.853e-01
ReactionDiffusion_Steady2D/CFNO epoch 0100/1200 pde_train=7.782e-03 pde_val=3.970e-02 state_rel=6.440e-01
ReactionDiffusion_Steady2D/CFNO epoch 0200/1200 pde_train=5.487e-03 pde_val=3.720e-02 state_rel=5.768e-01
ReactionDiffusion_Steady2D/CFNO epoch 0300/1200 pde_train=4.237e-03 pde_val=3.728e-02 state_rel=5.638e-01
ReactionDiffusion_Steady2D/CFNO epoch 0400/1200 pde_train=3.039e-03 pde_val=3.852e-02 state_rel=5.659e-01
ReactionDiffusion_Steady2D/CFNO epoch 0500/1200 pde_train=2.777e-03 pde_val=3.922e-02 state_rel=5.705e-01
ReactionDiffusion_Steady2D/CFNO epoch 0600/1200 pde_train=2.448e-03 pde_val=4.212e-02 state_rel=5.699e-01
ReactionDiffusion_Steady2D/CFNO epoch 0700/1200 pde_train=2.314e-03 pde_val=4.355e-02 state_rel=5.686e-01
ReactionDiffusion_Steady2D/CFNO epoch 0800/1200 pde_train=2.190e-03 pde_val=4.553e-02 state_rel=5.682e-01
ReactionDiffusion_Steady2D/CFNO epoch 0900/1200 pde_train=2.133e-03 pde_val=4.665e-02 state_rel=5.663e-01
ReactionDiffusion_Steady2D/CFNO epoch 1000/1200 pde_train=2.041e-03 pde_val=4.808e-02 state_rel=5.649e-01
ReactionDiffusion_Steady2D/CFNO epoch 1100/1200 pde_train=2.016e-03 pde_val=4.874e-02 state_rel=5.646e-01
ReactionDiffusion_Steady2D/CFNO epoch 1200/1200 pde_train=2.002e-03 pde_val=4.920e-02 state_rel=5.645e-01
ReactionDiffusion_Steady2D/HF_FNO epoch 0001/1200 pde_train=6.676e-02 pde_val=1.176e-01 state_rel=9.992e-01
ReactionDiffusion_Steady2D/HF_FNO epoch 0100/1200 pde_train=1.374e-02 pde_val=3.748e-02 state_rel=7.263e-01
ReactionDiffusion_Steady2D/HF_FNO epoch 0200/1200 pde_train=4.091e-03 pde_val=4.839e-02 state_rel=4.957e-01
ReactionDiffusion_Steady2D/HF_FNO epoch 0300/1200 pde_train=2.351e-03 pde_val=4.856e-02 state_rel=4.537e-01
ReactionDiffusion_Steady2D/HF_FNO epoch 0400/1200 pde_train=1.558e-03 pde_val=4.659e-02 state_rel=4.492e-01
ReactionDiffusion_Steady2D/HF_FNO epoch 0500/1200 pde_train=1.259e-03 pde_val=4.580e-02 state_rel=4.479e-01
ReactionDiffusion_Steady2D/HF_FNO epoch 0600/1200 pde_train=1.089e-03 pde_val=4.591e-02 state_rel=4.459e-01
ReactionDiffusion_Steady2D/HF_FNO epoch 0700/1200 pde_train=9.838e-04 pde_val=4.607e-02 state_rel=4.458e-01
ReactionDiffusion_Steady2D/HF_FNO epoch 0800/1200 pde_train=9.153e-04 pde_val=4.634e-02 state_rel=4.455e-01
ReactionDiffusion_Steady2D/HF_FNO epoch 0900/1200 pde_train=8.696e-04 pde_val=4.635e-02 state_rel=4.460e-01
ReactionDiffusion_Steady2D/HF_FNO epoch 1000/1200 pde_train=8.406e-04 pde_val=4.641e-02 state_rel=4.463e-01
ReactionDiffusion_Steady2D/HF_FNO epoch 1100/1200 pde_train=8.232e-04 pde_val=4.644e-02 state_rel=4.465e-01
ReactionDiffusion_Steady2D/HF_FNO epoch 1200/1200 pde_train=8.114e-04 pde_val=4.644e-02 state_rel=4.466e-01
ReactionDiffusion_Steady2D/HF_CFNO epoch 0001/1200 pde_train=6.297e-02 pde_val=1.118e-01 state_rel=1.001e+00
ReactionDiffusion_Steady2D/HF_CFNO epoch 0100/1200 pde_train=1.091e-02 pde_val=2.753e-02 state_rel=7.240e-01
ReactionDiffusion_Steady2D/HF_CFNO epoch 0200/1200 pde_train=2.114e-03 pde_val=2.788e-02 state_rel=4.963e-01
ReactionDiffusion_Steady2D/HF_CFNO epoch 0300/1200 pde_train=1.077e-03 pde_val=2.799e-02 state_rel=4.656e-01
ReactionDiffusion_Steady2D/HF_CFNO epoch 0400/1200 pde_train=7.515e-04 pde_val=2.933e-02 state_rel=4.647e-01
ReactionDiffusion_Steady2D/HF_CFNO epoch 0500/1200 pde_train=6.360e-04 pde_val=2.970e-02 state_rel=4.640e-01
ReactionDiffusion_Steady2D/HF_CFNO epoch 0600/1200 pde_train=5.432e-04 pde_val=2.963e-02 state_rel=4.624e-01
ReactionDiffusion_Steady2D/HF_CFNO epoch 0700/1200 pde_train=4.762e-04 pde_val=3.019e-02 state_rel=4.617e-01
ReactionDiffusion_Steady2D/HF_CFNO epoch 0800/1200 pde_train=4.453e-04 pde_val=3.038e-02 state_rel=4.616e-01
ReactionDiffusion_Steady2D/HF_CFNO epoch 0900/1200 pde_train=4.257e-04 pde_val=3.054e-02 state_rel=4.615e-01
ReactionDiffusion_Steady2D/HF_CFNO epoch 1000/1200 pde_train=4.131e-04 pde_val=3.067e-02 state_rel=4.617e-01
ReactionDiffusion_Steady2D/HF_CFNO epoch 1100/1200 pde_train=4.055e-04 pde_val=3.072e-02 state_rel=4.616e-01
ReactionDiffusion_Steady2D/HF_CFNO epoch 1200/1200 pde_train=4.006e-04 pde_val=3.079e-02 state_rel=4.617e-01

=== [15/15] ReactionDiffusion_Transient1D on cuda ===
ReactionDiffusion_Transient1D/FNO epoch 0001/1200 pde_train=6.061e-01 pde_val=7.985e-01 state_rel=4.160e-01
ReactionDiffusion_Transient1D/FNO epoch 0100/1200 pde_train=1.473e-02 pde_val=3.020e-02 state_rel=4.688e-02
ReactionDiffusion_Transient1D/FNO epoch 0200/1200 pde_train=7.018e-03 pde_val=1.859e-02 state_rel=2.778e-02
ReactionDiffusion_Transient1D/FNO epoch 0300/1200 pde_train=5.137e-03 pde_val=1.720e-02 state_rel=2.883e-02
ReactionDiffusion_Transient1D/FNO epoch 0400/1200 pde_train=4.367e-03 pde_val=1.647e-02 state_rel=2.328e-02
ReactionDiffusion_Transient1D/FNO epoch 0500/1200 pde_train=4.055e-03 pde_val=1.645e-02 state_rel=2.356e-02
ReactionDiffusion_Transient1D/FNO epoch 0600/1200 pde_train=3.449e-03 pde_val=1.657e-02 state_rel=2.204e-02
ReactionDiffusion_Transient1D/FNO epoch 0700/1200 pde_train=3.261e-03 pde_val=1.654e-02 state_rel=2.131e-02
ReactionDiffusion_Transient1D/FNO epoch 0800/1200 pde_train=3.125e-03 pde_val=1.665e-02 state_rel=2.109e-02
ReactionDiffusion_Transient1D/FNO epoch 0900/1200 pde_train=3.021e-03 pde_val=1.671e-02 state_rel=2.071e-02
ReactionDiffusion_Transient1D/FNO epoch 1000/1200 pde_train=2.964e-03 pde_val=1.680e-02 state_rel=2.070e-02
ReactionDiffusion_Transient1D/FNO epoch 1100/1200 pde_train=2.936e-03 pde_val=1.680e-02 state_rel=2.065e-02
ReactionDiffusion_Transient1D/FNO epoch 1200/1200 pde_train=2.919e-03 pde_val=1.681e-02 state_rel=2.064e-02
ReactionDiffusion_Transient1D/CFNO epoch 0001/1200 pde_train=6.285e-01 pde_val=8.345e-01 state_rel=4.255e-01
ReactionDiffusion_Transient1D/CFNO epoch 0100/1200 pde_train=1.215e-02 pde_val=2.711e-02 state_rel=5.445e-02
ReactionDiffusion_Transient1D/CFNO epoch 0200/1200 pde_train=2.824e-03 pde_val=1.055e-02 state_rel=2.695e-02
ReactionDiffusion_Transient1D/CFNO epoch 0300/1200 pde_train=1.911e-03 pde_val=9.554e-03 state_rel=2.278e-02
ReactionDiffusion_Transient1D/CFNO epoch 0400/1200 pde_train=1.559e-03 pde_val=9.406e-03 state_rel=2.236e-02
ReactionDiffusion_Transient1D/CFNO epoch 0500/1200 pde_train=1.400e-03 pde_val=9.375e-03 state_rel=2.170e-02
ReactionDiffusion_Transient1D/CFNO epoch 0600/1200 pde_train=1.206e-03 pde_val=9.606e-03 state_rel=2.134e-02
ReactionDiffusion_Transient1D/CFNO epoch 0700/1200 pde_train=1.043e-03 pde_val=1.010e-02 state_rel=2.229e-02
ReactionDiffusion_Transient1D/CFNO epoch 0800/1200 pde_train=9.475e-04 pde_val=1.017e-02 state_rel=2.149e-02
ReactionDiffusion_Transient1D/CFNO epoch 0900/1200 pde_train=8.902e-04 pde_val=1.035e-02 state_rel=2.166e-02
ReactionDiffusion_Transient1D/CFNO epoch 1000/1200 pde_train=8.555e-04 pde_val=1.033e-02 state_rel=2.118e-02
ReactionDiffusion_Transient1D/CFNO epoch 1100/1200 pde_train=8.372e-04 pde_val=1.041e-02 state_rel=2.121e-02
ReactionDiffusion_Transient1D/CFNO epoch 1200/1200 pde_train=8.239e-04 pde_val=1.046e-02 state_rel=2.128e-02
ReactionDiffusion_Transient1D/HF_FNO epoch 0001/1200 pde_train=6.336e-01 pde_val=8.514e-01 state_rel=4.413e-01
ReactionDiffusion_Transient1D/HF_FNO epoch 0100/1200 pde_train=7.134e-02 pde_val=1.107e-01 state_rel=1.310e-01
ReactionDiffusion_Transient1D/HF_FNO epoch 0200/1200 pde_train=1.263e-02 pde_val=2.526e-02 state_rel=4.200e-02
ReactionDiffusion_Transient1D/HF_FNO epoch 0300/1200 pde_train=6.434e-03 pde_val=1.512e-02 state_rel=2.936e-02
ReactionDiffusion_Transient1D/HF_FNO epoch 0400/1200 pde_train=4.177e-03 pde_val=1.095e-02 state_rel=2.492e-02
ReactionDiffusion_Transient1D/HF_FNO epoch 0500/1200 pde_train=3.208e-03 pde_val=8.801e-03 state_rel=2.268e-02
ReactionDiffusion_Transient1D/HF_FNO epoch 0600/1200 pde_train=2.269e-03 pde_val=7.527e-03 state_rel=2.108e-02
ReactionDiffusion_Transient1D/HF_FNO epoch 0700/1200 pde_train=1.777e-03 pde_val=6.775e-03 state_rel=2.027e-02
ReactionDiffusion_Transient1D/HF_FNO epoch 0800/1200 pde_train=1.575e-03 pde_val=6.264e-03 state_rel=1.959e-02
ReactionDiffusion_Transient1D/HF_FNO epoch 0900/1200 pde_train=1.411e-03 pde_val=5.861e-03 state_rel=1.889e-02
ReactionDiffusion_Transient1D/HF_FNO epoch 1000/1200 pde_train=1.328e-03 pde_val=5.746e-03 state_rel=1.909e-02
ReactionDiffusion_Transient1D/HF_FNO epoch 1100/1200 pde_train=1.280e-03 pde_val=5.594e-03 state_rel=1.868e-02
ReactionDiffusion_Transient1D/HF_FNO epoch 1200/1200 pde_train=1.251e-03 pde_val=5.527e-03 state_rel=1.860e-02
ReactionDiffusion_Transient1D/HF_CFNO epoch 0001/1200 pde_train=6.246e-01 pde_val=8.596e-01 state_rel=4.354e-01
ReactionDiffusion_Transient1D/HF_CFNO epoch 0100/1200 pde_train=2.916e-02 pde_val=5.314e-02 state_rel=7.991e-02
ReactionDiffusion_Transient1D/HF_CFNO epoch 0200/1200 pde_train=4.418e-03 pde_val=1.046e-02 state_rel=2.714e-02
ReactionDiffusion_Transient1D/HF_CFNO epoch 0300/1200 pde_train=1.745e-03 pde_val=6.038e-03 state_rel=2.062e-02
ReactionDiffusion_Transient1D/HF_CFNO epoch 0400/1200 pde_train=1.165e-03 pde_val=4.562e-03 state_rel=1.848e-02
ReactionDiffusion_Transient1D/HF_CFNO epoch 0500/1200 pde_train=7.671e-04 pde_val=3.715e-03 state_rel=1.677e-02
ReactionDiffusion_Transient1D/HF_CFNO epoch 0600/1200 pde_train=5.675e-04 pde_val=3.151e-03 state_rel=1.525e-02
ReactionDiffusion_Transient1D/HF_CFNO epoch 0700/1200 pde_train=4.533e-04 pde_val=2.877e-03 state_rel=1.454e-02
ReactionDiffusion_Transient1D/HF_CFNO epoch 0800/1200 pde_train=4.143e-04 pde_val=2.647e-03 state_rel=1.390e-02
ReactionDiffusion_Transient1D/HF_CFNO epoch 0900/1200 pde_train=3.445e-04 pde_val=2.533e-03 state_rel=1.378e-02
ReactionDiffusion_Transient1D/HF_CFNO epoch 1000/1200 pde_train=3.197e-04 pde_val=2.446e-03 state_rel=1.351e-02
ReactionDiffusion_Transient1D/HF_CFNO epoch 1100/1200 pde_train=3.055e-04 pde_val=2.397e-03 state_rel=1.339e-02
ReactionDiffusion_Transient1D/HF_CFNO epoch 1200/1200 pde_train=2.973e-04 pde_val=2.361e-03 state_rel=1.326e-02

Benchmark complete: D:\Ansys\SymPhONIC\OtherPDEs\LegacyHF_PDE_Benchmark_PINO_20260705
