
=== [1/2] ReactionDiffusion_HighNonlinear_Steady2D on cuda ===
ReactionDiffusion_HighNonlinear_Steady2D/FNO epoch 0001/1200 mode=hybrid loss=2.801e-01/2.907e-01 test_loss=3.639e-01 mse_val=2.177e-01 pde_val=1.460e+00 state_rel=9.609e-01
ReactionDiffusion_HighNonlinear_Steady2D/FNO epoch 0100/1200 mode=hybrid loss=1.433e-01/2.865e-01 test_loss=3.961e+00 mse_val=1.475e-01 pde_val=2.781e+00 state_rel=7.870e-01
ReactionDiffusion_HighNonlinear_Steady2D/FNO epoch 0200/1200 mode=hybrid loss=1.217e-01/4.338e-01 test_loss=1.613e+01 mse_val=1.616e-01 pde_val=5.443e+00 state_rel=8.241e-01
ReactionDiffusion_HighNonlinear_Steady2D/FNO epoch 0300/1200 mode=hybrid loss=1.136e-01/6.237e-01 test_loss=2.607e+01 mse_val=1.827e-01 pde_val=8.821e+00 state_rel=8.694e-01
ReactionDiffusion_HighNonlinear_Steady2D/FNO epoch 0400/1200 mode=hybrid loss=1.086e-01/7.289e-01 test_loss=3.196e+01 mse_val=1.961e-01 pde_val=1.066e+01 state_rel=8.974e-01
ReactionDiffusion_HighNonlinear_Steady2D/FNO epoch 0500/1200 mode=hybrid loss=1.059e-01/6.231e-01 test_loss=2.948e+01 mse_val=1.936e-01 pde_val=8.591e+00 state_rel=8.939e-01
ReactionDiffusion_HighNonlinear_Steady2D/FNO epoch 0600/1200 mode=hybrid loss=1.033e-01/7.376e-01 test_loss=3.923e+01 mse_val=2.056e-01 pde_val=1.064e+01 state_rel=9.173e-01
ReactionDiffusion_HighNonlinear_Steady2D/FNO epoch 0700/1200 mode=hybrid loss=1.016e-01/6.913e-01 test_loss=3.633e+01 mse_val=2.028e-01 pde_val=9.770e+00 state_rel=9.130e-01
ReactionDiffusion_HighNonlinear_Steady2D/FNO epoch 0800/1200 mode=hybrid loss=1.004e-01/6.935e-01 test_loss=3.850e+01 mse_val=2.043e-01 pde_val=9.783e+00 state_rel=9.169e-01
ReactionDiffusion_HighNonlinear_Steady2D/FNO epoch 0900/1200 mode=hybrid loss=9.967e-02/6.851e-01 test_loss=3.825e+01 mse_val=2.058e-01 pde_val=9.586e+00 state_rel=9.201e-01
ReactionDiffusion_HighNonlinear_Steady2D/FNO epoch 1000/1200 mode=hybrid loss=9.927e-02/6.935e-01 test_loss=3.951e+01 mse_val=2.077e-01 pde_val=9.716e+00 state_rel=9.238e-01
ReactionDiffusion_HighNonlinear_Steady2D/FNO epoch 1100/1200 mode=hybrid loss=9.904e-02/6.832e-01 test_loss=3.941e+01 mse_val=2.077e-01 pde_val=9.511e+00 state_rel=9.239e-01
ReactionDiffusion_HighNonlinear_Steady2D/FNO epoch 1200/1200 mode=hybrid loss=9.891e-02/6.817e-01 test_loss=3.975e+01 mse_val=2.077e-01 pde_val=9.479e+00 state_rel=9.242e-01
ReactionDiffusion_HighNonlinear_Steady2D/CFNO epoch 0001/1200 mode=hybrid loss=2.826e-01/2.942e-01 test_loss=3.718e-01 mse_val=2.192e-01 pde_val=1.501e+00 state_rel=9.641e-01
ReactionDiffusion_HighNonlinear_Steady2D/CFNO epoch 0100/1200 mode=hybrid loss=5.853e-02/5.590e-01 test_loss=1.124e+00 mse_val=2.372e-01 pde_val=6.437e+00 state_rel=9.725e-01
ReactionDiffusion_HighNonlinear_Steady2D/CFNO epoch 0200/1200 mode=hybrid loss=1.745e-02/7.103e-01 test_loss=4.591e+00 mse_val=3.225e-01 pde_val=7.756e+00 state_rel=1.117e+00
ReactionDiffusion_HighNonlinear_Steady2D/CFNO epoch 0300/1200 mode=hybrid loss=7.945e-03/9.594e-01 test_loss=1.051e+01 mse_val=3.894e-01 pde_val=1.140e+01 state_rel=1.210e+00
ReactionDiffusion_HighNonlinear_Steady2D/CFNO epoch 0400/1200 mode=hybrid loss=5.301e-03/1.126e+00 test_loss=1.382e+01 mse_val=4.252e-01 pde_val=1.402e+01 state_rel=1.256e+00
ReactionDiffusion_HighNonlinear_Steady2D/CFNO epoch 0500/1200 mode=hybrid loss=3.847e-03/1.490e+00 test_loss=1.638e+01 mse_val=4.704e-01 pde_val=2.039e+01 state_rel=1.307e+00
ReactionDiffusion_HighNonlinear_Steady2D/CFNO epoch 0600/1200 mode=hybrid loss=3.158e-03/1.751e+00 test_loss=1.671e+01 mse_val=4.981e-01 pde_val=2.506e+01 state_rel=1.336e+00
ReactionDiffusion_HighNonlinear_Steady2D/CFNO epoch 0700/1200 mode=hybrid loss=2.758e-03/2.050e+00 test_loss=1.742e+01 mse_val=5.243e-01 pde_val=3.051e+01 state_rel=1.362e+00
ReactionDiffusion_HighNonlinear_Steady2D/CFNO epoch 0800/1200 mode=hybrid loss=2.415e-03/2.312e+00 test_loss=1.828e+01 mse_val=5.456e-01 pde_val=3.532e+01 state_rel=1.382e+00
ReactionDiffusion_HighNonlinear_Steady2D/CFNO epoch 0900/1200 mode=hybrid loss=2.252e-03/2.506e+00 test_loss=1.860e+01 mse_val=5.599e-01 pde_val=3.893e+01 state_rel=1.394e+00
ReactionDiffusion_HighNonlinear_Steady2D/CFNO epoch 1000/1200 mode=hybrid loss=2.156e-03/2.646e+00 test_loss=1.880e+01 mse_val=5.697e-01 pde_val=4.152e+01 state_rel=1.403e+00
ReactionDiffusion_HighNonlinear_Steady2D/CFNO epoch 1100/1200 mode=hybrid loss=2.099e-03/2.736e+00 test_loss=1.888e+01 mse_val=5.757e-01 pde_val=4.320e+01 state_rel=1.408e+00
ReactionDiffusion_HighNonlinear_Steady2D/CFNO epoch 1200/1200 mode=hybrid loss=2.061e-03/2.794e+00 test_loss=1.892e+01 mse_val=5.795e-01 pde_val=4.429e+01 state_rel=1.412e+00
ReactionDiffusion_HighNonlinear_Steady2D/HF_FNO epoch 0001/1200 mode=hybrid loss=2.969e-01/3.113e-01 test_loss=3.992e-01 mse_val=2.265e-01 pde_val=1.697e+00 state_rel=9.806e-01
ReactionDiffusion_HighNonlinear_Steady2D/HF_FNO epoch 0100/1200 mode=hybrid loss=1.173e-01/2.152e-01 test_loss=4.341e-01 mse_val=1.372e-01 pde_val=1.560e+00 state_rel=7.687e-01
ReactionDiffusion_HighNonlinear_Steady2D/HF_FNO epoch 0200/1200 mode=hybrid loss=2.681e-02/1.939e-01 test_loss=5.411e-01 mse_val=1.395e-01 pde_val=1.087e+00 state_rel=7.812e-01
ReactionDiffusion_HighNonlinear_Steady2D/HF_FNO epoch 0300/1200 mode=hybrid loss=8.279e-03/2.340e-01 test_loss=5.816e-01 mse_val=1.653e-01 pde_val=1.373e+00 state_rel=8.471e-01
ReactionDiffusion_HighNonlinear_Steady2D/HF_FNO epoch 0400/1200 mode=hybrid loss=3.804e-03/2.871e-01 test_loss=7.674e-01 mse_val=1.858e-01 pde_val=2.026e+00 state_rel=8.950e-01
ReactionDiffusion_HighNonlinear_Steady2D/HF_FNO epoch 0500/1200 mode=hybrid loss=2.306e-03/3.195e-01 test_loss=9.391e-01 mse_val=1.969e-01 pde_val=2.453e+00 state_rel=9.200e-01
ReactionDiffusion_HighNonlinear_Steady2D/HF_FNO epoch 0600/1200 mode=hybrid loss=1.650e-03/3.398e-01 test_loss=1.098e+00 mse_val=2.040e-01 pde_val=2.715e+00 state_rel=9.355e-01
ReactionDiffusion_HighNonlinear_Steady2D/HF_FNO epoch 0700/1200 mode=hybrid loss=1.309e-03/3.546e-01 test_loss=1.228e+00 mse_val=2.092e-01 pde_val=2.908e+00 state_rel=9.465e-01
ReactionDiffusion_HighNonlinear_Steady2D/HF_FNO epoch 0800/1200 mode=hybrid loss=1.115e-03/3.647e-01 test_loss=1.322e+00 mse_val=2.128e-01 pde_val=3.037e+00 state_rel=9.538e-01
ReactionDiffusion_HighNonlinear_Steady2D/HF_FNO epoch 0900/1200 mode=hybrid loss=1.002e-03/3.713e-01 test_loss=1.384e+00 mse_val=2.153e-01 pde_val=3.121e+00 state_rel=9.587e-01
ReactionDiffusion_HighNonlinear_Steady2D/HF_FNO epoch 1000/1200 mode=hybrid loss=9.352e-04/3.760e-01 test_loss=1.429e+00 mse_val=2.169e-01 pde_val=3.182e+00 state_rel=9.620e-01
ReactionDiffusion_HighNonlinear_Steady2D/HF_FNO epoch 1100/1200 mode=hybrid loss=8.968e-04/3.787e-01 test_loss=1.455e+00 mse_val=2.179e-01 pde_val=3.216e+00 state_rel=9.639e-01
ReactionDiffusion_HighNonlinear_Steady2D/HF_FNO epoch 1200/1200 mode=hybrid loss=8.719e-04/3.805e-01 test_loss=1.473e+00 mse_val=2.186e-01 pde_val=3.240e+00 state_rel=9.653e-01
ReactionDiffusion_HighNonlinear_Steady2D/HF_CFNO epoch 0001/1200 mode=hybrid loss=2.804e-01/2.966e-01 test_loss=3.788e-01 mse_val=2.234e-01 pde_val=1.463e+00 state_rel=9.733e-01
ReactionDiffusion_HighNonlinear_Steady2D/HF_CFNO epoch 0100/1200 mode=hybrid loss=9.389e-02/3.188e-01 test_loss=4.423e-01 mse_val=1.793e-01 pde_val=2.789e+00 state_rel=8.700e-01
ReactionDiffusion_HighNonlinear_Steady2D/HF_CFNO epoch 0200/1200 mode=hybrid loss=1.752e-02/4.362e-01 test_loss=8.786e-01 mse_val=2.369e-01 pde_val=3.986e+00 state_rel=9.967e-01
ReactionDiffusion_HighNonlinear_Steady2D/HF_CFNO epoch 0300/1200 mode=hybrid loss=6.046e-03/4.762e-01 test_loss=1.026e+00 mse_val=2.752e-01 pde_val=4.020e+00 state_rel=1.074e+00
ReactionDiffusion_HighNonlinear_Steady2D/HF_CFNO epoch 0400/1200 mode=hybrid loss=3.143e-03/5.869e-01 test_loss=1.280e+00 mse_val=3.120e-01 pde_val=5.497e+00 state_rel=1.137e+00
ReactionDiffusion_HighNonlinear_Steady2D/HF_CFNO epoch 0500/1200 mode=hybrid loss=1.982e-03/6.748e-01 test_loss=1.431e+00 mse_val=3.380e-01 pde_val=6.736e+00 state_rel=1.179e+00
ReactionDiffusion_HighNonlinear_Steady2D/HF_CFNO epoch 0600/1200 mode=hybrid loss=1.422e-03/7.400e-01 test_loss=1.519e+00 mse_val=3.578e-01 pde_val=7.645e+00 state_rel=1.209e+00
ReactionDiffusion_HighNonlinear_Steady2D/HF_CFNO epoch 0700/1200 mode=hybrid loss=1.094e-03/7.897e-01 test_loss=1.595e+00 mse_val=3.736e-01 pde_val=8.323e+00 state_rel=1.233e+00
ReactionDiffusion_HighNonlinear_Steady2D/HF_CFNO epoch 0800/1200 mode=hybrid loss=9.068e-04/8.263e-01 test_loss=1.648e+00 mse_val=3.855e-01 pde_val=8.816e+00 state_rel=1.250e+00
ReactionDiffusion_HighNonlinear_Steady2D/HF_CFNO epoch 0900/1200 mode=hybrid loss=7.938e-04/8.511e-01 test_loss=1.685e+00 mse_val=3.937e-01 pde_val=9.147e+00 state_rel=1.262e+00
ReactionDiffusion_HighNonlinear_Steady2D/HF_CFNO epoch 1000/1200 mode=hybrid loss=7.273e-04/8.678e-01 test_loss=1.712e+00 mse_val=3.995e-01 pde_val=9.366e+00 state_rel=1.270e+00
ReactionDiffusion_HighNonlinear_Steady2D/HF_CFNO epoch 1100/1200 mode=hybrid loss=6.894e-04/8.784e-01 test_loss=1.729e+00 mse_val=4.031e-01 pde_val=9.507e+00 state_rel=1.275e+00
ReactionDiffusion_HighNonlinear_Steady2D/HF_CFNO epoch 1200/1200 mode=hybrid loss=6.641e-04/8.853e-01 test_loss=1.741e+00 mse_val=4.055e-01 pde_val=9.596e+00 state_rel=1.278e+00

=== [2/2] ReactionDiffusion_HighNonlinear_Transient1D on cuda ===
ReactionDiffusion_HighNonlinear_Transient1D/FNO epoch 0001/1200 mode=hybrid loss=3.106e-02/2.318e-02 test_loss=1.786e-02 mse_val=1.570e-02 pde_val=1.497e-01 state_rel=2.606e-01
ReactionDiffusion_HighNonlinear_Transient1D/FNO epoch 0100/1200 mode=hybrid loss=3.626e-03/4.645e-03 test_loss=4.495e-03 mse_val=3.059e-03 pde_val=3.172e-02 state_rel=1.096e-01
ReactionDiffusion_HighNonlinear_Transient1D/FNO epoch 0200/1200 mode=hybrid loss=2.199e-03/4.406e-03 test_loss=3.484e-03 mse_val=2.951e-03 pde_val=2.909e-02 state_rel=1.052e-01
ReactionDiffusion_HighNonlinear_Transient1D/FNO epoch 0300/1200 mode=hybrid loss=1.742e-03/4.644e-03 test_loss=3.219e-03 mse_val=3.187e-03 pde_val=2.914e-02 state_rel=1.070e-01
ReactionDiffusion_HighNonlinear_Transient1D/FNO epoch 0400/1200 mode=hybrid loss=1.508e-03/4.860e-03 test_loss=3.301e-03 mse_val=3.435e-03 pde_val=2.850e-02 state_rel=1.085e-01
ReactionDiffusion_HighNonlinear_Transient1D/FNO epoch 0500/1200 mode=hybrid loss=1.364e-03/4.760e-03 test_loss=3.285e-03 mse_val=3.341e-03 pde_val=2.838e-02 state_rel=1.075e-01
ReactionDiffusion_HighNonlinear_Transient1D/FNO epoch 0600/1200 mode=hybrid loss=1.226e-03/4.666e-03 test_loss=3.288e-03 mse_val=3.236e-03 pde_val=2.859e-02 state_rel=1.069e-01
ReactionDiffusion_HighNonlinear_Transient1D/FNO epoch 0700/1200 mode=hybrid loss=1.178e-03/4.648e-03 test_loss=3.324e-03 mse_val=3.218e-03 pde_val=2.861e-02 state_rel=1.069e-01
ReactionDiffusion_HighNonlinear_Transient1D/FNO epoch 0800/1200 mode=hybrid loss=1.114e-03/4.660e-03 test_loss=3.345e-03 mse_val=3.233e-03 pde_val=2.854e-02 state_rel=1.072e-01
ReactionDiffusion_HighNonlinear_Transient1D/FNO epoch 0900/1200 mode=hybrid loss=1.085e-03/4.674e-03 test_loss=3.369e-03 mse_val=3.244e-03 pde_val=2.859e-02 state_rel=1.072e-01
ReactionDiffusion_HighNonlinear_Transient1D/FNO epoch 1000/1200 mode=hybrid loss=1.066e-03/4.672e-03 test_loss=3.359e-03 mse_val=3.236e-03 pde_val=2.872e-02 state_rel=1.074e-01
ReactionDiffusion_HighNonlinear_Transient1D/FNO epoch 1100/1200 mode=hybrid loss=1.053e-03/4.705e-03 test_loss=3.369e-03 mse_val=3.261e-03 pde_val=2.888e-02 state_rel=1.079e-01
ReactionDiffusion_HighNonlinear_Transient1D/FNO epoch 1200/1200 mode=hybrid loss=1.047e-03/4.719e-03 test_loss=3.376e-03 mse_val=3.274e-03 pde_val=2.890e-02 state_rel=1.081e-01
ReactionDiffusion_HighNonlinear_Transient1D/CFNO epoch 0001/1200 mode=hybrid loss=3.211e-02/2.426e-02 test_loss=1.844e-02 mse_val=1.666e-02 pde_val=1.521e-01 state_rel=2.689e-01
ReactionDiffusion_HighNonlinear_Transient1D/CFNO epoch 0100/1200 mode=hybrid loss=2.454e-03/4.691e-03 test_loss=3.779e-03 mse_val=3.200e-03 pde_val=2.982e-02 state_rel=1.164e-01
ReactionDiffusion_HighNonlinear_Transient1D/CFNO epoch 0200/1200 mode=hybrid loss=9.419e-04/3.401e-03 test_loss=2.715e-03 mse_val=2.172e-03 pde_val=2.458e-02 state_rel=9.455e-02
ReactionDiffusion_HighNonlinear_Transient1D/CFNO epoch 0300/1200 mode=hybrid loss=6.649e-04/3.424e-03 test_loss=2.612e-03 mse_val=2.061e-03 pde_val=2.727e-02 state_rel=9.090e-02
ReactionDiffusion_HighNonlinear_Transient1D/CFNO epoch 0400/1200 mode=hybrid loss=4.412e-04/3.530e-03 test_loss=2.547e-03 mse_val=2.076e-03 pde_val=2.908e-02 state_rel=9.035e-02
ReactionDiffusion_HighNonlinear_Transient1D/CFNO epoch 0500/1200 mode=hybrid loss=3.613e-04/3.487e-03 test_loss=2.574e-03 mse_val=1.994e-03 pde_val=2.987e-02 state_rel=8.772e-02
ReactionDiffusion_HighNonlinear_Transient1D/CFNO epoch 0600/1200 mode=hybrid loss=2.948e-04/3.505e-03 test_loss=2.595e-03 mse_val=1.975e-03 pde_val=3.059e-02 state_rel=8.754e-02
ReactionDiffusion_HighNonlinear_Transient1D/CFNO epoch 0700/1200 mode=hybrid loss=2.670e-04/3.519e-03 test_loss=2.624e-03 mse_val=1.962e-03 pde_val=3.114e-02 state_rel=8.708e-02
ReactionDiffusion_HighNonlinear_Transient1D/CFNO epoch 0800/1200 mode=hybrid loss=2.492e-04/3.535e-03 test_loss=2.630e-03 mse_val=1.959e-03 pde_val=3.152e-02 state_rel=8.701e-02
ReactionDiffusion_HighNonlinear_Transient1D/CFNO epoch 0900/1200 mode=hybrid loss=2.347e-04/3.552e-03 test_loss=2.659e-03 mse_val=1.965e-03 pde_val=3.174e-02 state_rel=8.718e-02
ReactionDiffusion_HighNonlinear_Transient1D/CFNO epoch 1000/1200 mode=hybrid loss=2.272e-04/3.548e-03 test_loss=2.671e-03 mse_val=1.955e-03 pde_val=3.185e-02 state_rel=8.701e-02
ReactionDiffusion_HighNonlinear_Transient1D/CFNO epoch 1100/1200 mode=hybrid loss=2.230e-04/3.559e-03 test_loss=2.678e-03 mse_val=1.959e-03 pde_val=3.201e-02 state_rel=8.710e-02
ReactionDiffusion_HighNonlinear_Transient1D/CFNO epoch 1200/1200 mode=hybrid loss=2.205e-04/3.561e-03 test_loss=2.687e-03 mse_val=1.958e-03 pde_val=3.207e-02 state_rel=8.701e-02
ReactionDiffusion_HighNonlinear_Transient1D/HF_FNO epoch 0001/1200 mode=hybrid loss=3.235e-02/2.520e-02 test_loss=1.898e-02 mse_val=1.749e-02 pde_val=1.542e-01 state_rel=2.758e-01
ReactionDiffusion_HighNonlinear_Transient1D/HF_FNO epoch 0100/1200 mode=hybrid loss=5.609e-03/6.232e-03 test_loss=7.109e-03 mse_val=4.159e-03 pde_val=4.145e-02 state_rel=1.324e-01
ReactionDiffusion_HighNonlinear_Transient1D/HF_FNO epoch 0200/1200 mode=hybrid loss=2.669e-03/4.920e-03 test_loss=4.983e-03 mse_val=3.420e-03 pde_val=3.000e-02 state_rel=1.205e-01
ReactionDiffusion_HighNonlinear_Transient1D/HF_FNO epoch 0300/1200 mode=hybrid loss=1.809e-03/4.544e-03 test_loss=4.101e-03 mse_val=3.241e-03 pde_val=2.606e-02 state_rel=1.151e-01
ReactionDiffusion_HighNonlinear_Transient1D/HF_FNO epoch 0400/1200 mode=hybrid loss=1.324e-03/4.166e-03 test_loss=3.621e-03 mse_val=2.953e-03 pde_val=2.425e-02 state_rel=1.098e-01
ReactionDiffusion_HighNonlinear_Transient1D/HF_FNO epoch 0500/1200 mode=hybrid loss=9.996e-04/3.807e-03 test_loss=3.343e-03 mse_val=2.640e-03 pde_val=2.332e-02 state_rel=1.045e-01
ReactionDiffusion_HighNonlinear_Transient1D/HF_FNO epoch 0600/1200 mode=hybrid loss=8.118e-04/3.537e-03 test_loss=3.148e-03 mse_val=2.414e-03 pde_val=2.246e-02 state_rel=1.004e-01
ReactionDiffusion_HighNonlinear_Transient1D/HF_FNO epoch 0700/1200 mode=hybrid loss=6.999e-04/3.376e-03 test_loss=3.063e-03 mse_val=2.262e-03 pde_val=2.227e-02 state_rel=9.757e-02
ReactionDiffusion_HighNonlinear_Transient1D/HF_FNO epoch 0800/1200 mode=hybrid loss=6.305e-04/3.294e-03 test_loss=2.980e-03 mse_val=2.192e-03 pde_val=2.204e-02 state_rel=9.662e-02
ReactionDiffusion_HighNonlinear_Transient1D/HF_FNO epoch 0900/1200 mode=hybrid loss=5.749e-04/3.205e-03 test_loss=2.958e-03 mse_val=2.106e-03 pde_val=2.197e-02 state_rel=9.473e-02
ReactionDiffusion_HighNonlinear_Transient1D/HF_FNO epoch 1000/1200 mode=hybrid loss=5.465e-04/3.173e-03 test_loss=2.961e-03 mse_val=2.075e-03 pde_val=2.196e-02 state_rel=9.389e-02
ReactionDiffusion_HighNonlinear_Transient1D/HF_FNO epoch 1100/1200 mode=hybrid loss=5.296e-04/3.150e-03 test_loss=2.938e-03 mse_val=2.054e-03 pde_val=2.191e-02 state_rel=9.356e-02
ReactionDiffusion_HighNonlinear_Transient1D/HF_FNO epoch 1200/1200 mode=hybrid loss=5.198e-04/3.132e-03 test_loss=2.932e-03 mse_val=2.038e-03 pde_val=2.189e-02 state_rel=9.320e-02
ReactionDiffusion_HighNonlinear_Transient1D/HF_CFNO epoch 0001/1200 mode=hybrid loss=3.434e-02/2.617e-02 test_loss=1.979e-02 mse_val=1.811e-02 pde_val=1.613e-01 state_rel=2.821e-01
ReactionDiffusion_HighNonlinear_Transient1D/HF_CFNO epoch 0100/1200 mode=hybrid loss=4.479e-03/6.170e-03 test_loss=6.532e-03 mse_val=4.613e-03 pde_val=3.114e-02 state_rel=1.386e-01
ReactionDiffusion_HighNonlinear_Transient1D/HF_CFNO epoch 0200/1200 mode=hybrid loss=1.776e-03/3.762e-03 test_loss=3.691e-03 mse_val=2.762e-03 pde_val=1.999e-02 state_rel=1.091e-01
ReactionDiffusion_HighNonlinear_Transient1D/HF_CFNO epoch 0300/1200 mode=hybrid loss=9.108e-04/3.142e-03 test_loss=2.766e-03 mse_val=2.276e-03 pde_val=1.733e-02 state_rel=9.950e-02
ReactionDiffusion_HighNonlinear_Transient1D/HF_CFNO epoch 0400/1200 mode=hybrid loss=5.524e-04/2.977e-03 test_loss=2.293e-03 mse_val=2.154e-03 pde_val=1.646e-02 state_rel=9.617e-02
ReactionDiffusion_HighNonlinear_Transient1D/HF_CFNO epoch 0500/1200 mode=hybrid loss=3.788e-04/2.767e-03 test_loss=2.098e-03 mse_val=1.974e-03 pde_val=1.585e-02 state_rel=9.134e-02
ReactionDiffusion_HighNonlinear_Transient1D/HF_CFNO epoch 0600/1200 mode=hybrid loss=2.814e-04/2.661e-03 test_loss=1.951e-03 mse_val=1.894e-03 pde_val=1.533e-02 state_rel=8.856e-02
ReactionDiffusion_HighNonlinear_Transient1D/HF_CFNO epoch 0700/1200 mode=hybrid loss=2.298e-04/2.556e-03 test_loss=1.847e-03 mse_val=1.813e-03 pde_val=1.486e-02 state_rel=8.599e-02
ReactionDiffusion_HighNonlinear_Transient1D/HF_CFNO epoch 0800/1200 mode=hybrid loss=1.991e-04/2.503e-03 test_loss=1.778e-03 mse_val=1.774e-03 pde_val=1.456e-02 state_rel=8.478e-02
ReactionDiffusion_HighNonlinear_Transient1D/HF_CFNO epoch 0900/1200 mode=hybrid loss=1.790e-04/2.463e-03 test_loss=1.722e-03 mse_val=1.747e-03 pde_val=1.432e-02 state_rel=8.397e-02
ReactionDiffusion_HighNonlinear_Transient1D/HF_CFNO epoch 1000/1200 mode=hybrid loss=1.679e-04/2.426e-03 test_loss=1.695e-03 mse_val=1.718e-03 pde_val=1.415e-02 state_rel=8.306e-02
ReactionDiffusion_HighNonlinear_Transient1D/HF_CFNO epoch 1100/1200 mode=hybrid loss=1.612e-04/2.405e-03 test_loss=1.681e-03 mse_val=1.702e-03 pde_val=1.406e-02 state_rel=8.259e-02
ReactionDiffusion_HighNonlinear_Transient1D/HF_CFNO epoch 1200/1200 mode=hybrid loss=1.571e-04/2.396e-03 test_loss=1.668e-03 mse_val=1.696e-03 pde_val=1.400e-02 state_rel=8.239e-02

Benchmark complete: D:\Ansys\SymPhONIC\OtherPDEs\LegacyHF_PDE_Benchmark_Hybrid_20260705
