
=== [1/15] Poisson_Steady1D on cuda ===
Poisson_Steady1D/FNO epoch 0001/1200 train=3.268e-01 val=2.964e-01 rel=9.878e-01
Poisson_Steady1D/FNO epoch 0100/1200 train=2.926e-02 val=4.708e-02 rel=4.016e-01
Poisson_Steady1D/FNO epoch 0200/1200 train=7.468e-03 val=3.309e-02 rel=3.329e-01
Poisson_Steady1D/FNO epoch 0300/1200 train=3.425e-03 val=2.810e-02 rel=2.973e-01
Poisson_Steady1D/FNO epoch 0400/1200 train=2.384e-03 val=2.863e-02 rel=2.915e-01
Poisson_Steady1D/FNO epoch 0500/1200 train=2.547e-03 val=2.805e-02 rel=2.846e-01
Poisson_Steady1D/FNO epoch 0600/1200 train=1.233e-03 val=2.808e-02 rel=2.715e-01
Poisson_Steady1D/FNO epoch 0700/1200 train=1.052e-03 val=2.796e-02 rel=2.677e-01
Poisson_Steady1D/FNO epoch 0800/1200 train=9.274e-04 val=2.796e-02 rel=2.654e-01
Poisson_Steady1D/FNO epoch 0900/1200 train=8.724e-04 val=2.793e-02 rel=2.638e-01
Poisson_Steady1D/FNO epoch 1000/1200 train=8.331e-04 val=2.776e-02 rel=2.628e-01
Poisson_Steady1D/FNO epoch 1100/1200 train=8.057e-04 val=2.771e-02 rel=2.626e-01
Poisson_Steady1D/FNO epoch 1200/1200 train=7.917e-04 val=2.767e-02 rel=2.622e-01
Poisson_Steady1D/CFNO epoch 0001/1200 train=3.057e-01 val=2.951e-01 rel=1.008e+00
Poisson_Steady1D/CFNO epoch 0100/1200 train=1.441e-02 val=2.107e-02 rel=2.734e-01
Poisson_Steady1D/CFNO epoch 0200/1200 train=4.829e-03 val=1.825e-02 rel=2.665e-01
Poisson_Steady1D/CFNO epoch 0300/1200 train=2.348e-03 val=1.617e-02 rel=2.517e-01
Poisson_Steady1D/CFNO epoch 0400/1200 train=8.121e-04 val=1.848e-02 rel=2.613e-01
Poisson_Steady1D/CFNO epoch 0500/1200 train=4.265e-04 val=1.956e-02 rel=2.600e-01
Poisson_Steady1D/CFNO epoch 0600/1200 train=3.217e-04 val=2.045e-02 rel=2.635e-01
Poisson_Steady1D/CFNO epoch 0700/1200 train=2.708e-04 val=2.073e-02 rel=2.646e-01
Poisson_Steady1D/CFNO epoch 0800/1200 train=2.166e-04 val=2.107e-02 rel=2.655e-01
Poisson_Steady1D/CFNO epoch 0900/1200 train=1.963e-04 val=2.145e-02 rel=2.668e-01
Poisson_Steady1D/CFNO epoch 1000/1200 train=1.839e-04 val=2.162e-02 rel=2.673e-01
Poisson_Steady1D/CFNO epoch 1100/1200 train=1.749e-04 val=2.176e-02 rel=2.675e-01
Poisson_Steady1D/CFNO epoch 1200/1200 train=1.703e-04 val=2.190e-02 rel=2.680e-01
Poisson_Steady1D/HF_FNO epoch 0001/1200 train=3.022e-01 val=2.974e-01 rel=1.005e+00
Poisson_Steady1D/HF_FNO epoch 0100/1200 train=5.735e-02 val=4.903e-02 rel=4.158e-01
Poisson_Steady1D/HF_FNO epoch 0200/1200 train=1.171e-02 val=2.171e-02 rel=2.772e-01
Poisson_Steady1D/HF_FNO epoch 0300/1200 train=8.820e-03 val=1.374e-02 rel=2.201e-01
Poisson_Steady1D/HF_FNO epoch 0400/1200 train=2.222e-03 val=8.335e-03 rel=1.651e-01
Poisson_Steady1D/HF_FNO epoch 0500/1200 train=1.495e-03 val=6.530e-03 rel=1.421e-01
Poisson_Steady1D/HF_FNO epoch 0600/1200 train=1.240e-03 val=5.850e-03 rel=1.332e-01
Poisson_Steady1D/HF_FNO epoch 0700/1200 train=8.715e-04 val=5.084e-03 rel=1.227e-01
Poisson_Steady1D/HF_FNO epoch 0800/1200 train=7.533e-04 val=4.653e-03 rel=1.170e-01
Poisson_Steady1D/HF_FNO epoch 0900/1200 train=6.647e-04 val=4.389e-03 rel=1.129e-01
Poisson_Steady1D/HF_FNO epoch 1000/1200 train=6.200e-04 val=4.253e-03 rel=1.109e-01
Poisson_Steady1D/HF_FNO epoch 1100/1200 train=6.004e-04 val=4.156e-03 rel=1.095e-01
Poisson_Steady1D/HF_FNO epoch 1200/1200 train=5.798e-04 val=4.130e-03 rel=1.091e-01
Poisson_Steady1D/HF_CFNO epoch 0001/1200 train=3.027e-01 val=2.987e-01 rel=1.009e+00
Poisson_Steady1D/HF_CFNO epoch 0100/1200 train=5.691e-02 val=5.279e-02 rel=4.436e-01
Poisson_Steady1D/HF_CFNO epoch 0200/1200 train=1.265e-02 val=3.004e-02 rel=3.240e-01
Poisson_Steady1D/HF_CFNO epoch 0300/1200 train=6.597e-03 val=3.475e-02 rel=3.232e-01
Poisson_Steady1D/HF_CFNO epoch 0400/1200 train=2.208e-03 val=3.259e-02 rel=3.087e-01
Poisson_Steady1D/HF_CFNO epoch 0500/1200 train=1.086e-03 val=3.288e-02 rel=2.957e-01
Poisson_Steady1D/HF_CFNO epoch 0600/1200 train=7.809e-04 val=3.054e-02 rel=2.900e-01
Poisson_Steady1D/HF_CFNO epoch 0700/1200 train=5.334e-04 val=2.949e-02 rel=2.803e-01
Poisson_Steady1D/HF_CFNO epoch 0800/1200 train=4.370e-04 val=2.855e-02 rel=2.734e-01
Poisson_Steady1D/HF_CFNO epoch 0900/1200 train=3.820e-04 val=2.785e-02 rel=2.698e-01
Poisson_Steady1D/HF_CFNO epoch 1000/1200 train=3.471e-04 val=2.747e-02 rel=2.671e-01
Poisson_Steady1D/HF_CFNO epoch 1100/1200 train=3.299e-04 val=2.725e-02 rel=2.651e-01
Poisson_Steady1D/HF_CFNO epoch 1200/1200 train=3.178e-04 val=2.706e-02 rel=2.642e-01

=== [2/15] Poisson_Steady2D on cuda ===
Poisson_Steady2D/FNO epoch 0001/1200 train=1.311e-01 val=1.166e-01 rel=9.644e-01
Poisson_Steady2D/FNO epoch 0100/1200 train=1.184e-03 val=2.609e-03 rel=1.397e-01
Poisson_Steady2D/FNO epoch 0200/1200 train=4.021e-04 val=1.190e-03 rel=9.292e-02
Poisson_Steady2D/FNO epoch 0300/1200 train=2.444e-04 val=7.978e-04 rel=7.600e-02
Poisson_Steady2D/FNO epoch 0400/1200 train=1.791e-04 val=6.621e-04 rel=6.906e-02
Poisson_Steady2D/FNO epoch 0500/1200 train=1.497e-04 val=5.844e-04 rel=6.481e-02
Poisson_Steady2D/FNO epoch 0600/1200 train=1.323e-04 val=5.457e-04 rel=6.232e-02
Poisson_Steady2D/FNO epoch 0700/1200 train=1.180e-04 val=5.232e-04 rel=6.066e-02
Poisson_Steady2D/FNO epoch 0800/1200 train=1.101e-04 val=5.001e-04 rel=5.914e-02
Poisson_Steady2D/FNO epoch 0900/1200 train=1.041e-04 val=4.806e-04 rel=5.794e-02
Poisson_Steady2D/FNO epoch 1000/1200 train=1.006e-04 val=4.734e-04 rel=5.744e-02
Poisson_Steady2D/FNO epoch 1100/1200 train=9.862e-05 val=4.662e-04 rel=5.700e-02
Poisson_Steady2D/FNO epoch 1200/1200 train=9.731e-05 val=4.640e-04 rel=5.682e-02
Poisson_Steady2D/CFNO epoch 0001/1200 train=1.223e-01 val=1.234e-01 rel=9.892e-01
Poisson_Steady2D/CFNO epoch 0100/1200 train=3.157e-04 val=6.327e-04 rel=6.946e-02
Poisson_Steady2D/CFNO epoch 0200/1200 train=7.093e-05 val=1.067e-04 rel=2.862e-02
Poisson_Steady2D/CFNO epoch 0300/1200 train=1.540e-05 val=5.998e-05 rel=2.111e-02
Poisson_Steady2D/CFNO epoch 0400/1200 train=1.984e-05 val=3.512e-05 rel=1.618e-02
Poisson_Steady2D/CFNO epoch 0500/1200 train=6.605e-06 val=2.663e-05 rel=1.408e-02
Poisson_Steady2D/CFNO epoch 0600/1200 train=5.200e-06 val=2.282e-05 rel=1.296e-02
Poisson_Steady2D/CFNO epoch 0700/1200 train=4.495e-06 val=2.142e-05 rel=1.253e-02
Poisson_Steady2D/CFNO epoch 0800/1200 train=4.069e-06 val=1.939e-05 rel=1.190e-02
Poisson_Steady2D/CFNO epoch 0900/1200 train=3.788e-06 val=1.840e-05 rel=1.157e-02
Poisson_Steady2D/CFNO epoch 1000/1200 train=3.625e-06 val=1.790e-05 rel=1.140e-02
Poisson_Steady2D/CFNO epoch 1100/1200 train=3.531e-06 val=1.757e-05 rel=1.128e-02
Poisson_Steady2D/CFNO epoch 1200/1200 train=3.471e-06 val=1.735e-05 rel=1.121e-02
Poisson_Steady2D/HF_FNO epoch 0001/1200 train=1.309e-01 val=1.188e-01 rel=9.738e-01
Poisson_Steady2D/HF_FNO epoch 0100/1200 train=4.413e-03 val=9.554e-03 rel=2.688e-01
Poisson_Steady2D/HF_FNO epoch 0200/1200 train=6.963e-04 val=1.815e-03 rel=1.143e-01
Poisson_Steady2D/HF_FNO epoch 0300/1200 train=2.662e-04 val=8.664e-04 rel=7.751e-02
Poisson_Steady2D/HF_FNO epoch 0400/1200 train=1.406e-04 val=5.559e-04 rel=6.229e-02
Poisson_Steady2D/HF_FNO epoch 0500/1200 train=9.699e-05 val=4.191e-04 rel=5.416e-02
Poisson_Steady2D/HF_FNO epoch 0600/1200 train=7.366e-05 val=3.377e-04 rel=4.849e-02
Poisson_Steady2D/HF_FNO epoch 0700/1200 train=6.073e-05 val=2.870e-04 rel=4.463e-02
Poisson_Steady2D/HF_FNO epoch 0800/1200 train=5.335e-05 val=2.563e-04 rel=4.223e-02
Poisson_Steady2D/HF_FNO epoch 0900/1200 train=4.868e-05 val=2.381e-04 rel=4.069e-02
Poisson_Steady2D/HF_FNO epoch 1000/1200 train=4.595e-05 val=2.269e-04 rel=3.978e-02
Poisson_Steady2D/HF_FNO epoch 1100/1200 train=4.424e-05 val=2.203e-04 rel=3.919e-02
Poisson_Steady2D/HF_FNO epoch 1200/1200 train=4.323e-05 val=2.160e-04 rel=3.882e-02
Poisson_Steady2D/HF_CFNO epoch 0001/1200 train=1.259e-01 val=1.260e-01 rel=1.002e+00
Poisson_Steady2D/HF_CFNO epoch 0100/1200 train=2.599e-03 val=4.076e-03 rel=1.709e-01
Poisson_Steady2D/HF_CFNO epoch 0200/1200 train=4.418e-04 val=8.226e-04 rel=7.227e-02
Poisson_Steady2D/HF_CFNO epoch 0300/1200 train=2.082e-04 val=4.159e-04 rel=5.144e-02
Poisson_Steady2D/HF_CFNO epoch 0400/1200 train=1.293e-04 val=2.521e-04 rel=4.008e-02
Poisson_Steady2D/HF_CFNO epoch 0500/1200 train=1.066e-04 val=1.763e-04 rel=3.293e-02
Poisson_Steady2D/HF_CFNO epoch 0600/1200 train=6.128e-05 val=1.291e-04 rel=2.875e-02
Poisson_Steady2D/HF_CFNO epoch 0700/1200 train=4.876e-05 val=1.072e-04 rel=2.621e-02
Poisson_Steady2D/HF_CFNO epoch 0800/1200 train=4.289e-05 val=9.184e-05 rel=2.432e-02
Poisson_Steady2D/HF_CFNO epoch 0900/1200 train=3.550e-05 val=8.409e-05 rel=2.308e-02
Poisson_Steady2D/HF_CFNO epoch 1000/1200 train=3.286e-05 val=7.755e-05 rel=2.236e-02
Poisson_Steady2D/HF_CFNO epoch 1100/1200 train=3.103e-05 val=7.478e-05 rel=2.188e-02
Poisson_Steady2D/HF_CFNO epoch 1200/1200 train=2.997e-05 val=7.271e-05 rel=2.162e-02

=== [3/15] Wave_Transient1D on cuda ===
Wave_Transient1D/FNO epoch 0001/1200 train=9.584e-02 val=1.291e-01 rel=1.195e+00
Wave_Transient1D/FNO epoch 0100/1200 train=1.950e-02 val=3.773e-02 rel=6.210e-01
Wave_Transient1D/FNO epoch 0200/1200 train=7.539e-03 val=1.731e-02 rel=4.241e-01
Wave_Transient1D/FNO epoch 0300/1200 train=5.377e-03 val=1.260e-02 rel=3.616e-01
Wave_Transient1D/FNO epoch 0400/1200 train=3.946e-03 val=1.027e-02 rel=3.234e-01
Wave_Transient1D/FNO epoch 0500/1200 train=3.337e-03 val=8.649e-03 rel=2.944e-01
Wave_Transient1D/FNO epoch 0600/1200 train=2.864e-03 val=8.008e-03 rel=2.826e-01
Wave_Transient1D/FNO epoch 0700/1200 train=2.611e-03 val=7.264e-03 rel=2.676e-01
Wave_Transient1D/FNO epoch 0800/1200 train=2.405e-03 val=6.743e-03 rel=2.585e-01
Wave_Transient1D/FNO epoch 0900/1200 train=2.280e-03 val=6.469e-03 rel=2.535e-01
Wave_Transient1D/FNO epoch 1000/1200 train=2.199e-03 val=6.231e-03 rel=2.487e-01
Wave_Transient1D/FNO epoch 1100/1200 train=2.150e-03 val=6.158e-03 rel=2.475e-01
Wave_Transient1D/FNO epoch 1200/1200 train=2.121e-03 val=6.101e-03 rel=2.464e-01
Wave_Transient1D/CFNO epoch 0001/1200 train=9.584e-02 val=1.294e-01 rel=1.196e+00
Wave_Transient1D/CFNO epoch 0100/1200 train=1.273e-02 val=2.080e-02 rel=4.269e-01
Wave_Transient1D/CFNO epoch 0200/1200 train=5.303e-03 val=7.625e-03 rel=2.645e-01
Wave_Transient1D/CFNO epoch 0300/1200 train=4.559e-03 val=7.013e-03 rel=2.545e-01
Wave_Transient1D/CFNO epoch 0400/1200 train=4.026e-03 val=5.961e-03 rel=2.298e-01
Wave_Transient1D/CFNO epoch 0500/1200 train=3.222e-03 val=5.286e-03 rel=2.198e-01
Wave_Transient1D/CFNO epoch 0600/1200 train=2.755e-03 val=4.980e-03 rel=2.150e-01
Wave_Transient1D/CFNO epoch 0700/1200 train=1.989e-03 val=4.735e-03 rel=2.083e-01
Wave_Transient1D/CFNO epoch 0800/1200 train=1.693e-03 val=4.394e-03 rel=1.986e-01
Wave_Transient1D/CFNO epoch 0900/1200 train=1.537e-03 val=4.244e-03 rel=1.943e-01
Wave_Transient1D/CFNO epoch 1000/1200 train=1.436e-03 val=4.065e-03 rel=1.899e-01
Wave_Transient1D/CFNO epoch 1100/1200 train=1.384e-03 val=3.964e-03 rel=1.876e-01
Wave_Transient1D/CFNO epoch 1200/1200 train=1.348e-03 val=3.923e-03 rel=1.865e-01
Wave_Transient1D/HF_FNO epoch 0001/1200 train=9.507e-02 val=1.298e-01 rel=1.198e+00
Wave_Transient1D/HF_FNO epoch 0100/1200 train=2.260e-02 val=3.905e-02 rel=6.463e-01
Wave_Transient1D/HF_FNO epoch 0200/1200 train=4.823e-03 val=1.026e-02 rel=3.209e-01
Wave_Transient1D/HF_FNO epoch 0300/1200 train=2.081e-03 val=4.677e-03 rel=2.120e-01
Wave_Transient1D/HF_FNO epoch 0400/1200 train=1.182e-03 val=2.940e-03 rel=1.660e-01
Wave_Transient1D/HF_FNO epoch 0500/1200 train=7.886e-04 val=2.116e-03 rel=1.403e-01
Wave_Transient1D/HF_FNO epoch 0600/1200 train=5.636e-04 val=1.698e-03 rel=1.260e-01
Wave_Transient1D/HF_FNO epoch 0700/1200 train=4.468e-04 val=1.398e-03 rel=1.136e-01
Wave_Transient1D/HF_FNO epoch 0800/1200 train=3.790e-04 val=1.224e-03 rel=1.063e-01
Wave_Transient1D/HF_FNO epoch 0900/1200 train=3.324e-04 val=1.114e-03 rel=1.013e-01
Wave_Transient1D/HF_FNO epoch 1000/1200 train=3.057e-04 val=1.046e-03 rel=9.815e-02
Wave_Transient1D/HF_FNO epoch 1100/1200 train=2.914e-04 val=1.010e-03 rel=9.627e-02
Wave_Transient1D/HF_FNO epoch 1200/1200 train=2.823e-04 val=9.815e-04 rel=9.490e-02
Wave_Transient1D/HF_CFNO epoch 0001/1200 train=9.761e-02 val=1.333e-01 rel=1.215e+00
Wave_Transient1D/HF_CFNO epoch 0100/1200 train=1.455e-02 val=2.405e-02 rel=4.616e-01
Wave_Transient1D/HF_CFNO epoch 0200/1200 train=2.899e-03 val=4.726e-03 rel=2.056e-01
Wave_Transient1D/HF_CFNO epoch 0300/1200 train=1.555e-03 val=2.719e-03 rel=1.508e-01
Wave_Transient1D/HF_CFNO epoch 0400/1200 train=9.251e-04 val=1.956e-03 rel=1.268e-01
Wave_Transient1D/HF_CFNO epoch 0500/1200 train=5.631e-04 val=1.470e-03 rel=1.098e-01
Wave_Transient1D/HF_CFNO epoch 0600/1200 train=3.624e-04 val=1.139e-03 rel=9.601e-02
Wave_Transient1D/HF_CFNO epoch 0700/1200 train=2.551e-04 val=9.394e-04 rel=8.686e-02
Wave_Transient1D/HF_CFNO epoch 0800/1200 train=1.927e-04 val=8.234e-04 rel=8.117e-02
Wave_Transient1D/HF_CFNO epoch 0900/1200 train=1.621e-04 val=7.484e-04 rel=7.749e-02
Wave_Transient1D/HF_CFNO epoch 1000/1200 train=1.445e-04 val=7.055e-04 rel=7.513e-02
Wave_Transient1D/HF_CFNO epoch 1100/1200 train=1.355e-04 val=6.809e-04 rel=7.376e-02
Wave_Transient1D/HF_CFNO epoch 1200/1200 train=1.295e-04 val=6.640e-04 rel=7.290e-02

=== [4/15] KdV_Steady1D on cuda ===
KdV_Steady1D/FNO epoch 0001/1200 train=3.434e-01 val=4.038e-01 rel=9.869e-01
KdV_Steady1D/FNO epoch 0100/1200 train=6.135e-02 val=1.830e-01 rel=6.663e-01
KdV_Steady1D/FNO epoch 0200/1200 train=2.916e-02 val=1.872e-01 rel=6.765e-01
KdV_Steady1D/FNO epoch 0300/1200 train=1.895e-02 val=1.948e-01 rel=6.682e-01
KdV_Steady1D/FNO epoch 0400/1200 train=1.456e-02 val=2.179e-01 rel=6.920e-01
KdV_Steady1D/FNO epoch 0500/1200 train=1.141e-02 val=2.462e-01 rel=7.315e-01
KdV_Steady1D/FNO epoch 0600/1200 train=9.375e-03 val=2.583e-01 rel=7.399e-01
KdV_Steady1D/FNO epoch 0700/1200 train=8.191e-03 val=2.699e-01 rel=7.536e-01
KdV_Steady1D/FNO epoch 0800/1200 train=7.389e-03 val=2.701e-01 rel=7.564e-01
KdV_Steady1D/FNO epoch 0900/1200 train=6.940e-03 val=2.725e-01 rel=7.591e-01
KdV_Steady1D/FNO epoch 1000/1200 train=6.613e-03 val=2.737e-01 rel=7.593e-01
KdV_Steady1D/FNO epoch 1100/1200 train=6.439e-03 val=2.751e-01 rel=7.604e-01
KdV_Steady1D/FNO epoch 1200/1200 train=6.319e-03 val=2.766e-01 rel=7.621e-01
KdV_Steady1D/CFNO epoch 0001/1200 train=3.259e-01 val=4.011e-01 rel=9.938e-01
KdV_Steady1D/CFNO epoch 0100/1200 train=3.263e-02 val=2.003e-01 rel=6.960e-01
KdV_Steady1D/CFNO epoch 0200/1200 train=1.068e-02 val=2.498e-01 rel=7.478e-01
KdV_Steady1D/CFNO epoch 0300/1200 train=6.282e-03 val=3.087e-01 rel=8.167e-01
KdV_Steady1D/CFNO epoch 0400/1200 train=4.683e-03 val=3.338e-01 rel=8.470e-01
KdV_Steady1D/CFNO epoch 0500/1200 train=2.518e-03 val=3.472e-01 rel=8.675e-01
KdV_Steady1D/CFNO epoch 0600/1200 train=1.648e-03 val=3.691e-01 rel=8.922e-01
KdV_Steady1D/CFNO epoch 0700/1200 train=1.302e-03 val=3.802e-01 rel=9.051e-01
KdV_Steady1D/CFNO epoch 0800/1200 train=1.099e-03 val=3.848e-01 rel=9.114e-01
KdV_Steady1D/CFNO epoch 0900/1200 train=9.865e-04 val=3.899e-01 rel=9.170e-01
KdV_Steady1D/CFNO epoch 1000/1200 train=9.184e-04 val=3.928e-01 rel=9.202e-01
KdV_Steady1D/CFNO epoch 1100/1200 train=8.796e-04 val=3.936e-01 rel=9.211e-01
KdV_Steady1D/CFNO epoch 1200/1200 train=8.545e-04 val=3.948e-01 rel=9.223e-01
KdV_Steady1D/HF_FNO epoch 0001/1200 train=3.200e-01 val=4.041e-01 rel=1.004e+00
KdV_Steady1D/HF_FNO epoch 0100/1200 train=9.996e-02 val=1.687e-01 rel=6.545e-01
KdV_Steady1D/HF_FNO epoch 0200/1200 train=2.198e-02 val=1.849e-01 rel=6.786e-01
KdV_Steady1D/HF_FNO epoch 0300/1200 train=7.954e-03 val=1.861e-01 rel=6.793e-01
KdV_Steady1D/HF_FNO epoch 0400/1200 train=3.944e-03 val=1.882e-01 rel=6.831e-01
KdV_Steady1D/HF_FNO epoch 0500/1200 train=2.445e-03 val=1.912e-01 rel=6.907e-01
KdV_Steady1D/HF_FNO epoch 0600/1200 train=1.742e-03 val=1.947e-01 rel=6.979e-01
KdV_Steady1D/HF_FNO epoch 0700/1200 train=1.337e-03 val=1.979e-01 rel=7.044e-01
KdV_Steady1D/HF_FNO epoch 0800/1200 train=1.114e-03 val=2.000e-01 rel=7.085e-01
KdV_Steady1D/HF_FNO epoch 0900/1200 train=9.799e-04 val=2.016e-01 rel=7.114e-01
KdV_Steady1D/HF_FNO epoch 1000/1200 train=9.036e-04 val=2.026e-01 rel=7.134e-01
KdV_Steady1D/HF_FNO epoch 1100/1200 train=8.597e-04 val=2.032e-01 rel=7.146e-01
KdV_Steady1D/HF_FNO epoch 1200/1200 train=8.315e-04 val=2.037e-01 rel=7.154e-01
KdV_Steady1D/HF_CFNO epoch 0001/1200 train=3.207e-01 val=4.033e-01 rel=1.000e+00
KdV_Steady1D/HF_CFNO epoch 0100/1200 train=9.109e-02 val=1.743e-01 rel=6.773e-01
KdV_Steady1D/HF_CFNO epoch 0200/1200 train=1.304e-02 val=1.688e-01 rel=6.367e-01
KdV_Steady1D/HF_CFNO epoch 0300/1200 train=5.567e-03 val=1.733e-01 rel=6.555e-01
KdV_Steady1D/HF_CFNO epoch 0400/1200 train=3.295e-03 val=1.804e-01 rel=6.652e-01
KdV_Steady1D/HF_CFNO epoch 0500/1200 train=2.089e-03 val=1.910e-01 rel=6.806e-01
KdV_Steady1D/HF_CFNO epoch 0600/1200 train=1.505e-03 val=1.991e-01 rel=6.921e-01
KdV_Steady1D/HF_CFNO epoch 0700/1200 train=1.121e-03 val=2.042e-01 rel=6.988e-01
KdV_Steady1D/HF_CFNO epoch 0800/1200 train=9.092e-04 val=2.075e-01 rel=7.031e-01
KdV_Steady1D/HF_CFNO epoch 0900/1200 train=7.888e-04 val=2.101e-01 rel=7.069e-01
KdV_Steady1D/HF_CFNO epoch 1000/1200 train=7.159e-04 val=2.112e-01 rel=7.081e-01
KdV_Steady1D/HF_CFNO epoch 1100/1200 train=6.739e-04 val=2.120e-01 rel=7.092e-01
KdV_Steady1D/HF_CFNO epoch 1200/1200 train=6.492e-04 val=2.126e-01 rel=7.101e-01

=== [5/15] KdV_Steady2D on cuda ===
KdV_Steady2D/FNO epoch 0001/1200 train=1.120e-01 val=1.158e-01 rel=1.080e+00
KdV_Steady2D/FNO epoch 0100/1200 train=2.465e-02 val=4.990e-02 rel=9.731e-01
KdV_Steady2D/FNO epoch 0200/1200 train=1.504e-02 val=5.319e-02 rel=8.537e-01
KdV_Steady2D/FNO epoch 0300/1200 train=1.094e-02 val=5.842e-02 rel=8.806e-01
KdV_Steady2D/FNO epoch 0400/1200 train=9.015e-03 val=5.839e-02 rel=8.657e-01
KdV_Steady2D/FNO epoch 0500/1200 train=8.059e-03 val=6.067e-02 rel=8.689e-01
KdV_Steady2D/FNO epoch 0600/1200 train=7.373e-03 val=6.084e-02 rel=8.685e-01
KdV_Steady2D/FNO epoch 0700/1200 train=6.885e-03 val=6.108e-02 rel=8.559e-01
KdV_Steady2D/FNO epoch 0800/1200 train=6.582e-03 val=6.167e-02 rel=8.597e-01
KdV_Steady2D/FNO epoch 0900/1200 train=6.405e-03 val=6.165e-02 rel=8.546e-01
KdV_Steady2D/FNO epoch 1000/1200 train=6.298e-03 val=6.181e-02 rel=8.556e-01
KdV_Steady2D/FNO epoch 1100/1200 train=6.229e-03 val=6.176e-02 rel=8.550e-01
KdV_Steady2D/FNO epoch 1200/1200 train=6.199e-03 val=6.156e-02 rel=8.521e-01
KdV_Steady2D/CFNO epoch 0001/1200 train=1.148e-01 val=1.171e-01 rel=1.050e+00
KdV_Steady2D/CFNO epoch 0100/1200 train=2.715e-03 val=2.856e-02 rel=5.428e-01
KdV_Steady2D/CFNO epoch 0200/1200 train=8.850e-04 val=2.124e-02 rel=4.488e-01
KdV_Steady2D/CFNO epoch 0300/1200 train=4.556e-04 val=1.881e-02 rel=4.336e-01
KdV_Steady2D/CFNO epoch 0400/1200 train=3.181e-04 val=1.838e-02 rel=4.306e-01
KdV_Steady2D/CFNO epoch 0500/1200 train=2.241e-04 val=1.784e-02 rel=4.216e-01
KdV_Steady2D/CFNO epoch 0600/1200 train=1.843e-04 val=1.830e-02 rel=4.254e-01
KdV_Steady2D/CFNO epoch 0700/1200 train=1.582e-04 val=1.848e-02 rel=4.254e-01
KdV_Steady2D/CFNO epoch 0800/1200 train=1.409e-04 val=1.866e-02 rel=4.259e-01
KdV_Steady2D/CFNO epoch 0900/1200 train=1.293e-04 val=1.868e-02 rel=4.256e-01
KdV_Steady2D/CFNO epoch 1000/1200 train=1.231e-04 val=1.883e-02 rel=4.265e-01
KdV_Steady2D/CFNO epoch 1100/1200 train=1.191e-04 val=1.887e-02 rel=4.264e-01
KdV_Steady2D/CFNO epoch 1200/1200 train=1.167e-04 val=1.894e-02 rel=4.269e-01
KdV_Steady2D/HF_FNO epoch 0001/1200 train=1.135e-01 val=1.177e-01 rel=1.051e+00
KdV_Steady2D/HF_FNO epoch 0100/1200 train=2.987e-02 val=5.206e-02 rel=1.199e+00
KdV_Steady2D/HF_FNO epoch 0200/1200 train=4.486e-03 val=3.008e-02 rel=8.207e-01
KdV_Steady2D/HF_FNO epoch 0300/1200 train=1.390e-03 val=2.801e-02 rel=6.888e-01
KdV_Steady2D/HF_FNO epoch 0400/1200 train=7.211e-04 val=2.735e-02 rel=6.830e-01
KdV_Steady2D/HF_FNO epoch 0500/1200 train=4.659e-04 val=2.783e-02 rel=6.981e-01
KdV_Steady2D/HF_FNO epoch 0600/1200 train=3.442e-04 val=2.806e-02 rel=7.075e-01
KdV_Steady2D/HF_FNO epoch 0700/1200 train=2.795e-04 val=2.855e-02 rel=7.252e-01
KdV_Steady2D/HF_FNO epoch 0800/1200 train=2.382e-04 val=2.842e-02 rel=7.215e-01
KdV_Steady2D/HF_FNO epoch 0900/1200 train=2.138e-04 val=2.860e-02 rel=7.258e-01
KdV_Steady2D/HF_FNO epoch 1000/1200 train=2.002e-04 val=2.850e-02 rel=7.242e-01
KdV_Steady2D/HF_FNO epoch 1100/1200 train=1.917e-04 val=2.864e-02 rel=7.274e-01
KdV_Steady2D/HF_FNO epoch 1200/1200 train=1.864e-04 val=2.866e-02 rel=7.280e-01
KdV_Steady2D/HF_CFNO epoch 0001/1200 train=1.144e-01 val=1.157e-01 rel=1.027e+00
KdV_Steady2D/HF_CFNO epoch 0100/1200 train=1.430e-02 val=5.014e-02 rel=1.128e+00
KdV_Steady2D/HF_CFNO epoch 0200/1200 train=1.804e-03 val=3.057e-02 rel=6.551e-01
KdV_Steady2D/HF_CFNO epoch 0300/1200 train=7.503e-04 val=2.692e-02 rel=5.919e-01
KdV_Steady2D/HF_CFNO epoch 0400/1200 train=4.609e-04 val=2.633e-02 rel=5.922e-01
KdV_Steady2D/HF_CFNO epoch 0500/1200 train=2.901e-04 val=2.614e-02 rel=5.982e-01
KdV_Steady2D/HF_CFNO epoch 0600/1200 train=2.140e-04 val=2.565e-02 rel=5.876e-01
KdV_Steady2D/HF_CFNO epoch 0700/1200 train=1.851e-04 val=2.563e-02 rel=5.909e-01
KdV_Steady2D/HF_CFNO epoch 0800/1200 train=1.475e-04 val=2.537e-02 rel=5.833e-01
KdV_Steady2D/HF_CFNO epoch 0900/1200 train=1.326e-04 val=2.534e-02 rel=5.836e-01
KdV_Steady2D/HF_CFNO epoch 1000/1200 train=1.228e-04 val=2.531e-02 rel=5.828e-01
KdV_Steady2D/HF_CFNO epoch 1100/1200 train=1.172e-04 val=2.528e-02 rel=5.820e-01
KdV_Steady2D/HF_CFNO epoch 1200/1200 train=1.138e-04 val=2.526e-02 rel=5.812e-01

=== [6/15] KdV_Transient1D on cuda ===
KdV_Transient1D/FNO epoch 0001/1200 train=9.445e-02 val=1.301e-01 rel=1.238e+00
KdV_Transient1D/FNO epoch 0100/1200 train=2.929e-03 val=5.236e-03 rel=2.377e-01
KdV_Transient1D/FNO epoch 0200/1200 train=1.328e-03 val=3.502e-03 rel=1.922e-01
KdV_Transient1D/FNO epoch 0300/1200 train=9.509e-04 val=2.917e-03 rel=1.747e-01
KdV_Transient1D/FNO epoch 0400/1200 train=7.428e-04 val=2.597e-03 rel=1.636e-01
KdV_Transient1D/FNO epoch 0500/1200 train=6.342e-04 val=2.454e-03 rel=1.595e-01
KdV_Transient1D/FNO epoch 0600/1200 train=5.601e-04 val=2.330e-03 rel=1.551e-01
KdV_Transient1D/FNO epoch 0700/1200 train=5.177e-04 val=2.237e-03 rel=1.518e-01
KdV_Transient1D/FNO epoch 0800/1200 train=4.892e-04 val=2.194e-03 rel=1.498e-01
KdV_Transient1D/FNO epoch 0900/1200 train=4.668e-04 val=2.137e-03 rel=1.480e-01
KdV_Transient1D/FNO epoch 1000/1200 train=4.551e-04 val=2.103e-03 rel=1.469e-01
KdV_Transient1D/FNO epoch 1100/1200 train=4.475e-04 val=2.093e-03 rel=1.466e-01
KdV_Transient1D/FNO epoch 1200/1200 train=4.425e-04 val=2.084e-03 rel=1.463e-01
KdV_Transient1D/CFNO epoch 0001/1200 train=9.424e-02 val=1.300e-01 rel=1.238e+00
KdV_Transient1D/CFNO epoch 0100/1200 train=1.228e-03 val=2.077e-03 rel=1.553e-01
KdV_Transient1D/CFNO epoch 0200/1200 train=4.171e-04 val=1.237e-03 rel=1.227e-01
KdV_Transient1D/CFNO epoch 0300/1200 train=1.552e-04 val=5.622e-04 rel=8.110e-02
KdV_Transient1D/CFNO epoch 0400/1200 train=9.954e-05 val=4.255e-04 rel=6.968e-02
KdV_Transient1D/CFNO epoch 0500/1200 train=7.630e-05 val=3.627e-04 rel=6.499e-02
KdV_Transient1D/CFNO epoch 0600/1200 train=7.163e-05 val=3.343e-04 rel=6.205e-02
KdV_Transient1D/CFNO epoch 0700/1200 train=5.139e-05 val=3.082e-04 rel=5.895e-02
KdV_Transient1D/CFNO epoch 0800/1200 train=4.313e-05 val=2.917e-04 rel=5.744e-02
KdV_Transient1D/CFNO epoch 0900/1200 train=3.861e-05 val=2.825e-04 rel=5.628e-02
KdV_Transient1D/CFNO epoch 1000/1200 train=3.695e-05 val=2.761e-04 rel=5.565e-02
KdV_Transient1D/CFNO epoch 1100/1200 train=3.585e-05 val=2.727e-04 rel=5.525e-02
KdV_Transient1D/CFNO epoch 1200/1200 train=3.511e-05 val=2.700e-04 rel=5.495e-02
KdV_Transient1D/HF_FNO epoch 0001/1200 train=9.495e-02 val=1.317e-01 rel=1.246e+00
KdV_Transient1D/HF_FNO epoch 0100/1200 train=3.127e-03 val=4.728e-03 rel=2.155e-01
KdV_Transient1D/HF_FNO epoch 0200/1200 train=1.076e-03 val=2.012e-03 rel=1.422e-01
KdV_Transient1D/HF_FNO epoch 0300/1200 train=5.145e-04 val=1.217e-03 rel=1.096e-01
KdV_Transient1D/HF_FNO epoch 0400/1200 train=2.957e-04 val=8.417e-04 rel=9.111e-02
KdV_Transient1D/HF_FNO epoch 0500/1200 train=1.859e-04 val=6.730e-04 rel=8.223e-02
KdV_Transient1D/HF_FNO epoch 0600/1200 train=1.453e-04 val=5.872e-04 rel=7.746e-02
KdV_Transient1D/HF_FNO epoch 0700/1200 train=1.191e-04 val=5.094e-04 rel=7.250e-02
KdV_Transient1D/HF_FNO epoch 0800/1200 train=1.052e-04 val=4.715e-04 rel=6.992e-02
KdV_Transient1D/HF_FNO epoch 0900/1200 train=9.791e-05 val=4.623e-04 rel=6.974e-02
KdV_Transient1D/HF_FNO epoch 1000/1200 train=9.099e-05 val=4.415e-04 rel=6.813e-02
KdV_Transient1D/HF_FNO epoch 1100/1200 train=8.784e-05 val=4.317e-04 rel=6.747e-02
KdV_Transient1D/HF_FNO epoch 1200/1200 train=8.600e-05 val=4.253e-04 rel=6.704e-02
KdV_Transient1D/HF_CFNO epoch 0001/1200 train=1.046e-01 val=1.409e-01 rel=1.304e+00
KdV_Transient1D/HF_CFNO epoch 0100/1200 train=3.406e-03 val=7.284e-03 rel=2.755e-01
KdV_Transient1D/HF_CFNO epoch 0200/1200 train=9.483e-04 val=3.157e-03 rel=1.841e-01
KdV_Transient1D/HF_CFNO epoch 0300/1200 train=4.124e-04 val=2.418e-03 rel=1.609e-01
KdV_Transient1D/HF_CFNO epoch 0400/1200 train=2.802e-04 val=2.216e-03 rel=1.512e-01
KdV_Transient1D/HF_CFNO epoch 0500/1200 train=1.958e-04 val=2.056e-03 rel=1.460e-01
KdV_Transient1D/HF_CFNO epoch 0600/1200 train=1.151e-04 val=1.956e-03 rel=1.454e-01
KdV_Transient1D/HF_CFNO epoch 0700/1200 train=9.173e-05 val=1.859e-03 rel=1.421e-01
KdV_Transient1D/HF_CFNO epoch 0800/1200 train=7.811e-05 val=1.764e-03 rel=1.384e-01
KdV_Transient1D/HF_CFNO epoch 0900/1200 train=7.082e-05 val=1.721e-03 rel=1.372e-01
KdV_Transient1D/HF_CFNO epoch 1000/1200 train=6.519e-05 val=1.687e-03 rel=1.360e-01
KdV_Transient1D/HF_CFNO epoch 1100/1200 train=6.215e-05 val=1.665e-03 rel=1.352e-01
KdV_Transient1D/HF_CFNO epoch 1200/1200 train=6.037e-05 val=1.649e-03 rel=1.344e-01

=== [7/15] AllenCahn_Steady1D on cuda ===
AllenCahn_Steady1D/FNO epoch 0001/1200 train=2.713e-01 val=2.729e-01 rel=9.900e-01
AllenCahn_Steady1D/FNO epoch 0100/1200 train=5.093e-02 val=2.620e-01 rel=9.104e-01
AllenCahn_Steady1D/FNO epoch 0200/1200 train=1.725e-02 val=2.863e-01 rel=9.471e-01
AllenCahn_Steady1D/FNO epoch 0300/1200 train=9.150e-03 val=2.855e-01 rel=9.573e-01
AllenCahn_Steady1D/FNO epoch 0400/1200 train=6.437e-03 val=2.807e-01 rel=9.496e-01
AllenCahn_Steady1D/FNO epoch 0500/1200 train=4.931e-03 val=2.896e-01 rel=9.708e-01
AllenCahn_Steady1D/FNO epoch 0600/1200 train=3.635e-03 val=2.941e-01 rel=9.757e-01
AllenCahn_Steady1D/FNO epoch 0700/1200 train=3.529e-03 val=2.916e-01 rel=9.771e-01
AllenCahn_Steady1D/FNO epoch 0800/1200 train=2.711e-03 val=2.975e-01 rel=9.845e-01
AllenCahn_Steady1D/FNO epoch 0900/1200 train=2.452e-03 val=3.003e-01 rel=9.883e-01
AllenCahn_Steady1D/FNO epoch 1000/1200 train=2.312e-03 val=3.005e-01 rel=9.882e-01
AllenCahn_Steady1D/FNO epoch 1100/1200 train=2.227e-03 val=3.010e-01 rel=9.888e-01
AllenCahn_Steady1D/FNO epoch 1200/1200 train=2.167e-03 val=3.015e-01 rel=9.896e-01
AllenCahn_Steady1D/CFNO epoch 0001/1200 train=2.660e-01 val=2.612e-01 rel=9.695e-01
AllenCahn_Steady1D/CFNO epoch 0100/1200 train=2.337e-02 val=3.305e-01 rel=1.035e+00
AllenCahn_Steady1D/CFNO epoch 0200/1200 train=4.646e-03 val=3.614e-01 rel=1.075e+00
AllenCahn_Steady1D/CFNO epoch 0300/1200 train=2.574e-03 val=3.575e-01 rel=1.064e+00
AllenCahn_Steady1D/CFNO epoch 0400/1200 train=1.050e-03 val=3.723e-01 rel=1.087e+00
AllenCahn_Steady1D/CFNO epoch 0500/1200 train=1.322e-03 val=3.749e-01 rel=1.092e+00
AllenCahn_Steady1D/CFNO epoch 0600/1200 train=5.810e-04 val=3.825e-01 rel=1.102e+00
AllenCahn_Steady1D/CFNO epoch 0700/1200 train=4.840e-04 val=3.862e-01 rel=1.109e+00
AllenCahn_Steady1D/CFNO epoch 0800/1200 train=4.174e-04 val=3.882e-01 rel=1.112e+00
AllenCahn_Steady1D/CFNO epoch 0900/1200 train=3.756e-04 val=3.895e-01 rel=1.114e+00
AllenCahn_Steady1D/CFNO epoch 1000/1200 train=3.522e-04 val=3.900e-01 rel=1.115e+00
AllenCahn_Steady1D/CFNO epoch 1100/1200 train=3.388e-04 val=3.907e-01 rel=1.116e+00
AllenCahn_Steady1D/CFNO epoch 1200/1200 train=3.300e-04 val=3.909e-01 rel=1.116e+00
AllenCahn_Steady1D/HF_FNO epoch 0001/1200 train=2.694e-01 val=2.757e-01 rel=9.985e-01
AllenCahn_Steady1D/HF_FNO epoch 0100/1200 train=7.104e-02 val=2.459e-01 rel=8.415e-01
AllenCahn_Steady1D/HF_FNO epoch 0200/1200 train=1.102e-02 val=2.800e-01 rel=9.344e-01
AllenCahn_Steady1D/HF_FNO epoch 0300/1200 train=3.186e-03 val=2.897e-01 rel=9.497e-01
AllenCahn_Steady1D/HF_FNO epoch 0400/1200 train=1.516e-03 val=2.901e-01 rel=9.487e-01
AllenCahn_Steady1D/HF_FNO epoch 0500/1200 train=9.153e-04 val=2.881e-01 rel=9.432e-01
AllenCahn_Steady1D/HF_FNO epoch 0600/1200 train=6.573e-04 val=2.882e-01 rel=9.429e-01
AllenCahn_Steady1D/HF_FNO epoch 0700/1200 train=5.246e-04 val=2.874e-01 rel=9.414e-01
AllenCahn_Steady1D/HF_FNO epoch 0800/1200 train=4.412e-04 val=2.879e-01 rel=9.415e-01
AllenCahn_Steady1D/HF_FNO epoch 0900/1200 train=3.938e-04 val=2.878e-01 rel=9.411e-01
AllenCahn_Steady1D/HF_FNO epoch 1000/1200 train=3.660e-04 val=2.880e-01 rel=9.411e-01
AllenCahn_Steady1D/HF_FNO epoch 1100/1200 train=3.498e-04 val=2.880e-01 rel=9.411e-01
AllenCahn_Steady1D/HF_FNO epoch 1200/1200 train=3.393e-04 val=2.881e-01 rel=9.411e-01
AllenCahn_Steady1D/HF_CFNO epoch 0001/1200 train=2.702e-01 val=2.797e-01 rel=1.003e+00
AllenCahn_Steady1D/HF_CFNO epoch 0100/1200 train=4.340e-02 val=2.104e-01 rel=7.654e-01
AllenCahn_Steady1D/HF_CFNO epoch 0200/1200 train=2.153e-03 val=2.062e-01 rel=7.393e-01
AllenCahn_Steady1D/HF_CFNO epoch 0300/1200 train=5.546e-04 val=2.129e-01 rel=7.522e-01
AllenCahn_Steady1D/HF_CFNO epoch 0400/1200 train=3.505e-04 val=2.139e-01 rel=7.523e-01
AllenCahn_Steady1D/HF_CFNO epoch 0500/1200 train=1.914e-04 val=2.145e-01 rel=7.505e-01
AllenCahn_Steady1D/HF_CFNO epoch 0600/1200 train=1.415e-04 val=2.149e-01 rel=7.503e-01
AllenCahn_Steady1D/HF_CFNO epoch 0700/1200 train=1.126e-04 val=2.152e-01 rel=7.504e-01
AllenCahn_Steady1D/HF_CFNO epoch 0800/1200 train=9.535e-05 val=2.153e-01 rel=7.504e-01
AllenCahn_Steady1D/HF_CFNO epoch 0900/1200 train=8.490e-05 val=2.155e-01 rel=7.505e-01
AllenCahn_Steady1D/HF_CFNO epoch 1000/1200 train=7.871e-05 val=2.155e-01 rel=7.505e-01
AllenCahn_Steady1D/HF_CFNO epoch 1100/1200 train=7.512e-05 val=2.156e-01 rel=7.506e-01
AllenCahn_Steady1D/HF_CFNO epoch 1200/1200 train=7.277e-05 val=2.156e-01 rel=7.506e-01

=== [8/15] AllenCahn_Steady2D on cuda ===
AllenCahn_Steady2D/FNO epoch 0001/1200 train=1.136e-01 val=1.382e-01 rel=9.406e-01
AllenCahn_Steady2D/FNO epoch 0100/1200 train=3.865e-03 val=4.474e-02 rel=4.097e-01
AllenCahn_Steady2D/FNO epoch 0200/1200 train=1.568e-03 val=4.132e-02 rel=3.783e-01
AllenCahn_Steady2D/FNO epoch 0300/1200 train=1.013e-03 val=4.206e-02 rel=3.720e-01
AllenCahn_Steady2D/FNO epoch 0400/1200 train=7.897e-04 val=4.093e-02 rel=3.646e-01
AllenCahn_Steady2D/FNO epoch 0500/1200 train=6.587e-04 val=3.987e-02 rel=3.577e-01
AllenCahn_Steady2D/FNO epoch 0600/1200 train=5.908e-04 val=3.822e-02 rel=3.490e-01
AllenCahn_Steady2D/FNO epoch 0700/1200 train=5.451e-04 val=3.803e-02 rel=3.494e-01
AllenCahn_Steady2D/FNO epoch 0800/1200 train=5.153e-04 val=3.759e-02 rel=3.469e-01
AllenCahn_Steady2D/FNO epoch 0900/1200 train=4.986e-04 val=3.740e-02 rel=3.466e-01
AllenCahn_Steady2D/FNO epoch 1000/1200 train=4.862e-04 val=3.721e-02 rel=3.451e-01
AllenCahn_Steady2D/FNO epoch 1100/1200 train=4.798e-04 val=3.714e-02 rel=3.449e-01
AllenCahn_Steady2D/FNO epoch 1200/1200 train=4.752e-04 val=3.715e-02 rel=3.449e-01
AllenCahn_Steady2D/CFNO epoch 0001/1200 train=1.280e-01 val=1.334e-01 rel=9.308e-01
AllenCahn_Steady2D/CFNO epoch 0100/1200 train=6.415e-04 val=1.504e-02 rel=2.300e-01
AllenCahn_Steady2D/CFNO epoch 0200/1200 train=1.611e-04 val=1.743e-02 rel=2.321e-01
AllenCahn_Steady2D/CFNO epoch 0300/1200 train=8.461e-05 val=1.708e-02 rel=2.251e-01
AllenCahn_Steady2D/CFNO epoch 0400/1200 train=5.142e-05 val=1.777e-02 rel=2.245e-01
AllenCahn_Steady2D/CFNO epoch 0500/1200 train=3.827e-05 val=1.773e-02 rel=2.220e-01
AllenCahn_Steady2D/CFNO epoch 0600/1200 train=3.137e-05 val=1.780e-02 rel=2.220e-01
AllenCahn_Steady2D/CFNO epoch 0700/1200 train=2.640e-05 val=1.753e-02 rel=2.196e-01
AllenCahn_Steady2D/CFNO epoch 0800/1200 train=2.365e-05 val=1.748e-02 rel=2.189e-01
AllenCahn_Steady2D/CFNO epoch 0900/1200 train=2.184e-05 val=1.742e-02 rel=2.184e-01
AllenCahn_Steady2D/CFNO epoch 1000/1200 train=2.083e-05 val=1.738e-02 rel=2.180e-01
AllenCahn_Steady2D/CFNO epoch 1100/1200 train=2.018e-05 val=1.734e-02 rel=2.178e-01
AllenCahn_Steady2D/CFNO epoch 1200/1200 train=1.977e-05 val=1.733e-02 rel=2.176e-01
AllenCahn_Steady2D/HF_FNO epoch 0001/1200 train=1.640e-01 val=1.421e-01 rel=9.618e-01
AllenCahn_Steady2D/HF_FNO epoch 0100/1200 train=8.076e-03 val=5.243e-02 rel=4.550e-01
AllenCahn_Steady2D/HF_FNO epoch 0200/1200 train=1.502e-03 val=4.744e-02 rel=3.759e-01
AllenCahn_Steady2D/HF_FNO epoch 0300/1200 train=6.161e-04 val=4.258e-02 rel=3.496e-01
AllenCahn_Steady2D/HF_FNO epoch 0400/1200 train=3.385e-04 val=4.099e-02 rel=3.397e-01
AllenCahn_Steady2D/HF_FNO epoch 0500/1200 train=2.333e-04 val=4.008e-02 rel=3.344e-01
AllenCahn_Steady2D/HF_FNO epoch 0600/1200 train=1.740e-04 val=3.962e-02 rel=3.309e-01
AllenCahn_Steady2D/HF_FNO epoch 0700/1200 train=1.412e-04 val=3.934e-02 rel=3.287e-01
AllenCahn_Steady2D/HF_FNO epoch 0800/1200 train=1.225e-04 val=3.905e-02 rel=3.270e-01
AllenCahn_Steady2D/HF_FNO epoch 0900/1200 train=1.103e-04 val=3.901e-02 rel=3.259e-01
AllenCahn_Steady2D/HF_FNO epoch 1000/1200 train=1.035e-04 val=3.893e-02 rel=3.252e-01
AllenCahn_Steady2D/HF_FNO epoch 1100/1200 train=9.936e-05 val=3.886e-02 rel=3.248e-01
AllenCahn_Steady2D/HF_FNO epoch 1200/1200 train=9.678e-05 val=3.883e-02 rel=3.244e-01
AllenCahn_Steady2D/HF_CFNO epoch 0001/1200 train=1.196e-01 val=1.470e-01 rel=9.793e-01
AllenCahn_Steady2D/HF_CFNO epoch 0100/1200 train=3.893e-03 val=3.135e-02 rel=3.344e-01
AllenCahn_Steady2D/HF_CFNO epoch 0200/1200 train=5.614e-04 val=2.611e-02 rel=2.702e-01
AllenCahn_Steady2D/HF_CFNO epoch 0300/1200 train=2.288e-04 val=2.243e-02 rel=2.492e-01
AllenCahn_Steady2D/HF_CFNO epoch 0400/1200 train=1.209e-04 val=2.058e-02 rel=2.388e-01
AllenCahn_Steady2D/HF_CFNO epoch 0500/1200 train=8.503e-05 val=2.022e-02 rel=2.329e-01
AllenCahn_Steady2D/HF_CFNO epoch 0600/1200 train=5.638e-05 val=1.971e-02 rel=2.295e-01
AllenCahn_Steady2D/HF_CFNO epoch 0700/1200 train=4.696e-05 val=1.947e-02 rel=2.271e-01
AllenCahn_Steady2D/HF_CFNO epoch 0800/1200 train=3.758e-05 val=1.925e-02 rel=2.253e-01
AllenCahn_Steady2D/HF_CFNO epoch 0900/1200 train=3.334e-05 val=1.915e-02 rel=2.241e-01
AllenCahn_Steady2D/HF_CFNO epoch 1000/1200 train=3.090e-05 val=1.912e-02 rel=2.235e-01
AllenCahn_Steady2D/HF_CFNO epoch 1100/1200 train=2.952e-05 val=1.913e-02 rel=2.233e-01
AllenCahn_Steady2D/HF_CFNO epoch 1200/1200 train=2.873e-05 val=1.914e-02 rel=2.231e-01

=== [9/15] AllenCahn_Transient1D on cuda ===
AllenCahn_Transient1D/FNO epoch 0001/1200 train=9.150e-03 val=1.522e-02 rel=3.711e-01
AllenCahn_Transient1D/FNO epoch 0100/1200 train=3.685e-04 val=1.240e-03 rel=9.970e-02
AllenCahn_Transient1D/FNO epoch 0200/1200 train=1.041e-04 val=4.509e-04 rel=5.901e-02
AllenCahn_Transient1D/FNO epoch 0300/1200 train=5.362e-05 val=3.227e-04 rel=5.057e-02
AllenCahn_Transient1D/FNO epoch 0400/1200 train=3.199e-05 val=2.760e-04 rel=4.613e-02
AllenCahn_Transient1D/FNO epoch 0500/1200 train=2.535e-05 val=2.667e-04 rel=4.525e-02
AllenCahn_Transient1D/FNO epoch 0600/1200 train=2.135e-05 val=2.634e-04 rel=4.475e-02
AllenCahn_Transient1D/FNO epoch 0700/1200 train=1.894e-05 val=2.649e-04 rel=4.509e-02
AllenCahn_Transient1D/FNO epoch 0800/1200 train=1.730e-05 val=2.696e-04 rel=4.550e-02
AllenCahn_Transient1D/FNO epoch 0900/1200 train=1.643e-05 val=2.690e-04 rel=4.533e-02
AllenCahn_Transient1D/FNO epoch 1000/1200 train=1.584e-05 val=2.678e-04 rel=4.528e-02
AllenCahn_Transient1D/FNO epoch 1100/1200 train=1.550e-05 val=2.683e-04 rel=4.536e-02
AllenCahn_Transient1D/FNO epoch 1200/1200 train=1.523e-05 val=2.703e-04 rel=4.548e-02
AllenCahn_Transient1D/CFNO epoch 0001/1200 train=9.772e-03 val=1.601e-02 rel=3.826e-01
AllenCahn_Transient1D/CFNO epoch 0100/1200 train=1.408e-04 val=7.580e-04 rel=6.971e-02
AllenCahn_Transient1D/CFNO epoch 0200/1200 train=5.223e-05 val=2.823e-04 rel=4.416e-02
AllenCahn_Transient1D/CFNO epoch 0300/1200 train=1.592e-05 val=2.075e-04 rel=3.842e-02
AllenCahn_Transient1D/CFNO epoch 0400/1200 train=9.547e-06 val=1.767e-04 rel=3.501e-02
AllenCahn_Transient1D/CFNO epoch 0500/1200 train=7.209e-06 val=1.737e-04 rel=3.417e-02
AllenCahn_Transient1D/CFNO epoch 0600/1200 train=6.044e-06 val=1.787e-04 rel=3.436e-02
AllenCahn_Transient1D/CFNO epoch 0700/1200 train=5.394e-06 val=1.854e-04 rel=3.476e-02
AllenCahn_Transient1D/CFNO epoch 0800/1200 train=4.469e-06 val=1.889e-04 rel=3.461e-02
AllenCahn_Transient1D/CFNO epoch 0900/1200 train=4.156e-06 val=1.913e-04 rel=3.475e-02
AllenCahn_Transient1D/CFNO epoch 1000/1200 train=4.011e-06 val=1.934e-04 rel=3.474e-02
AllenCahn_Transient1D/CFNO epoch 1100/1200 train=3.888e-06 val=1.944e-04 rel=3.477e-02
AllenCahn_Transient1D/CFNO epoch 1200/1200 train=3.822e-06 val=1.954e-04 rel=3.481e-02
AllenCahn_Transient1D/HF_FNO epoch 0001/1200 train=9.052e-03 val=1.596e-02 rel=3.818e-01
AllenCahn_Transient1D/HF_FNO epoch 0100/1200 train=1.409e-03 val=5.572e-03 rel=2.048e-01
AllenCahn_Transient1D/HF_FNO epoch 0200/1200 train=4.264e-04 val=3.540e-03 rel=1.610e-01
AllenCahn_Transient1D/HF_FNO epoch 0300/1200 train=2.123e-04 val=2.661e-03 rel=1.383e-01
AllenCahn_Transient1D/HF_FNO epoch 0400/1200 train=1.402e-04 val=2.258e-03 rel=1.271e-01
AllenCahn_Transient1D/HF_FNO epoch 0500/1200 train=9.793e-05 val=2.076e-03 rel=1.210e-01
AllenCahn_Transient1D/HF_FNO epoch 0600/1200 train=7.594e-05 val=1.929e-03 rel=1.163e-01
AllenCahn_Transient1D/HF_FNO epoch 0700/1200 train=6.129e-05 val=1.846e-03 rel=1.133e-01
AllenCahn_Transient1D/HF_FNO epoch 0800/1200 train=5.235e-05 val=1.769e-03 rel=1.104e-01
AllenCahn_Transient1D/HF_FNO epoch 0900/1200 train=4.664e-05 val=1.716e-03 rel=1.084e-01
AllenCahn_Transient1D/HF_FNO epoch 1000/1200 train=4.310e-05 val=1.690e-03 rel=1.075e-01
AllenCahn_Transient1D/HF_FNO epoch 1100/1200 train=4.110e-05 val=1.673e-03 rel=1.069e-01
AllenCahn_Transient1D/HF_FNO epoch 1200/1200 train=3.981e-05 val=1.660e-03 rel=1.064e-01
AllenCahn_Transient1D/HF_CFNO epoch 0001/1200 train=9.278e-03 val=1.576e-02 rel=3.797e-01
AllenCahn_Transient1D/HF_CFNO epoch 0100/1200 train=8.559e-04 val=3.171e-03 rel=1.427e-01
AllenCahn_Transient1D/HF_CFNO epoch 0200/1200 train=3.167e-04 val=1.672e-03 rel=1.061e-01
AllenCahn_Transient1D/HF_CFNO epoch 0300/1200 train=1.328e-04 val=8.858e-04 rel=7.832e-02
AllenCahn_Transient1D/HF_CFNO epoch 0400/1200 train=7.740e-05 val=5.751e-04 rel=6.406e-02
AllenCahn_Transient1D/HF_CFNO epoch 0500/1200 train=4.918e-05 val=4.454e-04 rel=5.686e-02
AllenCahn_Transient1D/HF_CFNO epoch 0600/1200 train=3.365e-05 val=3.604e-04 rel=5.052e-02
AllenCahn_Transient1D/HF_CFNO epoch 0700/1200 train=2.486e-05 val=3.259e-04 rel=4.797e-02
AllenCahn_Transient1D/HF_CFNO epoch 0800/1200 train=2.052e-05 val=3.012e-04 rel=4.597e-02
AllenCahn_Transient1D/HF_CFNO epoch 0900/1200 train=1.769e-05 val=2.919e-04 rel=4.510e-02
AllenCahn_Transient1D/HF_CFNO epoch 1000/1200 train=1.608e-05 val=2.858e-04 rel=4.458e-02
AllenCahn_Transient1D/HF_CFNO epoch 1100/1200 train=1.531e-05 val=2.821e-04 rel=4.431e-02
AllenCahn_Transient1D/HF_CFNO epoch 1200/1200 train=1.479e-05 val=2.800e-04 rel=4.410e-02

=== [10/15] Burgers_Steady1D on cuda ===
Burgers_Steady1D/FNO epoch 0001/1200 train=3.246e-01 val=3.632e-01 rel=1.002e+00
Burgers_Steady1D/FNO epoch 0100/1200 train=5.581e-02 val=2.058e-01 rel=6.753e-01
Burgers_Steady1D/FNO epoch 0200/1200 train=2.487e-02 val=2.230e-01 rel=7.089e-01
Burgers_Steady1D/FNO epoch 0300/1200 train=1.837e-02 val=2.442e-01 rel=7.368e-01
Burgers_Steady1D/FNO epoch 0400/1200 train=1.485e-02 val=2.457e-01 rel=7.392e-01
Burgers_Steady1D/FNO epoch 0500/1200 train=1.139e-02 val=2.531e-01 rel=7.585e-01
Burgers_Steady1D/FNO epoch 0600/1200 train=9.723e-03 val=2.640e-01 rel=7.742e-01
Burgers_Steady1D/FNO epoch 0700/1200 train=8.589e-03 val=2.751e-01 rel=7.880e-01
Burgers_Steady1D/FNO epoch 0800/1200 train=7.647e-03 val=2.818e-01 rel=7.991e-01
Burgers_Steady1D/FNO epoch 0900/1200 train=7.252e-03 val=2.848e-01 rel=8.047e-01
Burgers_Steady1D/FNO epoch 1000/1200 train=6.737e-03 val=2.876e-01 rel=8.110e-01
Burgers_Steady1D/FNO epoch 1100/1200 train=6.511e-03 val=2.887e-01 rel=8.131e-01
Burgers_Steady1D/FNO epoch 1200/1200 train=6.387e-03 val=2.910e-01 rel=8.161e-01
Burgers_Steady1D/CFNO epoch 0001/1200 train=3.244e-01 val=3.671e-01 rel=1.006e+00
Burgers_Steady1D/CFNO epoch 0100/1200 train=3.339e-02 val=3.822e-01 rel=8.367e-01
Burgers_Steady1D/CFNO epoch 0200/1200 train=1.045e-02 val=4.864e-01 rel=9.465e-01
Burgers_Steady1D/CFNO epoch 0300/1200 train=5.520e-03 val=4.901e-01 rel=9.592e-01
Burgers_Steady1D/CFNO epoch 0400/1200 train=4.999e-03 val=5.064e-01 rel=9.808e-01
Burgers_Steady1D/CFNO epoch 0500/1200 train=2.725e-03 val=4.957e-01 rel=9.907e-01
Burgers_Steady1D/CFNO epoch 0600/1200 train=1.792e-03 val=5.100e-01 rel=1.011e+00
Burgers_Steady1D/CFNO epoch 0700/1200 train=1.366e-03 val=5.207e-01 rel=1.027e+00
Burgers_Steady1D/CFNO epoch 0800/1200 train=1.127e-03 val=5.261e-01 rel=1.035e+00
Burgers_Steady1D/CFNO epoch 0900/1200 train=9.920e-04 val=5.292e-01 rel=1.041e+00
Burgers_Steady1D/CFNO epoch 1000/1200 train=9.093e-04 val=5.322e-01 rel=1.046e+00
Burgers_Steady1D/CFNO epoch 1100/1200 train=8.638e-04 val=5.348e-01 rel=1.049e+00
Burgers_Steady1D/CFNO epoch 1200/1200 train=8.362e-04 val=5.364e-01 rel=1.051e+00
Burgers_Steady1D/HF_FNO epoch 0001/1200 train=3.272e-01 val=3.570e-01 rel=9.952e-01
Burgers_Steady1D/HF_FNO epoch 0100/1200 train=8.209e-02 val=2.281e-01 rel=7.418e-01
Burgers_Steady1D/HF_FNO epoch 0200/1200 train=1.296e-02 val=1.384e-01 rel=5.682e-01
Burgers_Steady1D/HF_FNO epoch 0300/1200 train=3.320e-03 val=1.442e-01 rel=5.937e-01
Burgers_Steady1D/HF_FNO epoch 0400/1200 train=1.879e-03 val=1.533e-01 rel=6.176e-01
Burgers_Steady1D/HF_FNO epoch 0500/1200 train=1.809e-03 val=1.605e-01 rel=6.355e-01
Burgers_Steady1D/HF_FNO epoch 0600/1200 train=9.959e-04 val=1.576e-01 rel=6.282e-01
Burgers_Steady1D/HF_FNO epoch 0700/1200 train=8.240e-04 val=1.606e-01 rel=6.340e-01
Burgers_Steady1D/HF_FNO epoch 0800/1200 train=7.136e-04 val=1.626e-01 rel=6.378e-01
Burgers_Steady1D/HF_FNO epoch 0900/1200 train=6.436e-04 val=1.641e-01 rel=6.404e-01
Burgers_Steady1D/HF_FNO epoch 1000/1200 train=6.002e-04 val=1.652e-01 rel=6.422e-01
Burgers_Steady1D/HF_FNO epoch 1100/1200 train=5.744e-04 val=1.658e-01 rel=6.433e-01
Burgers_Steady1D/HF_FNO epoch 1200/1200 train=5.578e-04 val=1.663e-01 rel=6.440e-01
Burgers_Steady1D/HF_CFNO epoch 0001/1200 train=3.285e-01 val=3.849e-01 rel=1.030e+00
Burgers_Steady1D/HF_CFNO epoch 0100/1200 train=6.868e-02 val=2.756e-01 rel=7.996e-01
Burgers_Steady1D/HF_CFNO epoch 0200/1200 train=1.381e-02 val=2.920e-01 rel=8.109e-01
Burgers_Steady1D/HF_CFNO epoch 0300/1200 train=3.638e-03 val=3.018e-01 rel=8.253e-01
Burgers_Steady1D/HF_CFNO epoch 0400/1200 train=1.911e-03 val=3.047e-01 rel=8.302e-01
Burgers_Steady1D/HF_CFNO epoch 0500/1200 train=1.399e-03 val=3.086e-01 rel=8.351e-01
Burgers_Steady1D/HF_CFNO epoch 0600/1200 train=8.685e-04 val=3.045e-01 rel=8.275e-01
Burgers_Steady1D/HF_CFNO epoch 0700/1200 train=6.916e-04 val=3.063e-01 rel=8.308e-01
Burgers_Steady1D/HF_CFNO epoch 0800/1200 train=5.821e-04 val=3.060e-01 rel=8.302e-01
Burgers_Steady1D/HF_CFNO epoch 0900/1200 train=5.157e-04 val=3.062e-01 rel=8.306e-01
Burgers_Steady1D/HF_CFNO epoch 1000/1200 train=4.761e-04 val=3.063e-01 rel=8.307e-01
Burgers_Steady1D/HF_CFNO epoch 1100/1200 train=4.530e-04 val=3.061e-01 rel=8.303e-01
Burgers_Steady1D/HF_CFNO epoch 1200/1200 train=4.380e-04 val=3.061e-01 rel=8.304e-01

=== [11/15] Burgers_Steady2D on cuda ===
Burgers_Steady2D/FNO epoch 0001/1200 train=1.251e-01 val=1.308e-01 rel=1.028e+00
Burgers_Steady2D/FNO epoch 0100/1200 train=1.290e-02 val=2.779e-02 rel=4.260e-01
Burgers_Steady2D/FNO epoch 0200/1200 train=6.981e-03 val=2.860e-02 rel=4.225e-01
Burgers_Steady2D/FNO epoch 0300/1200 train=4.507e-03 val=2.879e-02 rel=4.216e-01
Burgers_Steady2D/FNO epoch 0400/1200 train=4.056e-03 val=2.862e-02 rel=4.229e-01
Burgers_Steady2D/FNO epoch 0500/1200 train=3.149e-03 val=2.932e-02 rel=4.279e-01
Burgers_Steady2D/FNO epoch 0600/1200 train=2.841e-03 val=2.959e-02 rel=4.297e-01
Burgers_Steady2D/FNO epoch 0700/1200 train=2.593e-03 val=2.983e-02 rel=4.285e-01
Burgers_Steady2D/FNO epoch 0800/1200 train=2.441e-03 val=3.040e-02 rel=4.309e-01
Burgers_Steady2D/FNO epoch 0900/1200 train=2.349e-03 val=3.042e-02 rel=4.304e-01
Burgers_Steady2D/FNO epoch 1000/1200 train=2.292e-03 val=3.061e-02 rel=4.310e-01
Burgers_Steady2D/FNO epoch 1100/1200 train=2.255e-03 val=3.070e-02 rel=4.311e-01
Burgers_Steady2D/FNO epoch 1200/1200 train=2.233e-03 val=3.082e-02 rel=4.317e-01
Burgers_Steady2D/CFNO epoch 0001/1200 train=1.232e-01 val=1.275e-01 rel=9.962e-01
Burgers_Steady2D/CFNO epoch 0100/1200 train=4.698e-03 val=2.667e-02 rel=3.999e-01
Burgers_Steady2D/CFNO epoch 0200/1200 train=1.647e-03 val=2.492e-02 rel=3.394e-01
Burgers_Steady2D/CFNO epoch 0300/1200 train=3.515e-03 val=2.812e-02 rel=4.261e-01
Burgers_Steady2D/CFNO epoch 0400/1200 train=5.848e-04 val=2.308e-02 rel=3.119e-01
Burgers_Steady2D/CFNO epoch 0500/1200 train=6.340e-04 val=2.271e-02 rel=3.146e-01
Burgers_Steady2D/CFNO epoch 0600/1200 train=3.483e-04 val=2.281e-02 rel=3.106e-01
Burgers_Steady2D/CFNO epoch 0700/1200 train=2.959e-04 val=2.269e-02 rel=3.109e-01
Burgers_Steady2D/CFNO epoch 0800/1200 train=2.620e-04 val=2.260e-02 rel=3.109e-01
Burgers_Steady2D/CFNO epoch 0900/1200 train=2.409e-04 val=2.260e-02 rel=3.114e-01
Burgers_Steady2D/CFNO epoch 1000/1200 train=2.280e-04 val=2.256e-02 rel=3.120e-01
Burgers_Steady2D/CFNO epoch 1100/1200 train=2.204e-04 val=2.258e-02 rel=3.122e-01
Burgers_Steady2D/CFNO epoch 1200/1200 train=2.156e-04 val=2.256e-02 rel=3.124e-01
Burgers_Steady2D/HF_FNO epoch 0001/1200 train=1.284e-01 val=1.258e-01 rel=9.112e-01
Burgers_Steady2D/HF_FNO epoch 0100/1200 train=1.751e-02 val=8.919e-02 rel=8.356e-01
Burgers_Steady2D/HF_FNO epoch 0200/1200 train=2.788e-03 val=6.349e-02 rel=7.094e-01
Burgers_Steady2D/HF_FNO epoch 0300/1200 train=1.145e-03 val=5.739e-02 rel=6.680e-01
Burgers_Steady2D/HF_FNO epoch 0400/1200 train=6.183e-04 val=5.398e-02 rel=6.548e-01
Burgers_Steady2D/HF_FNO epoch 0500/1200 train=3.981e-04 val=5.241e-02 rel=6.466e-01
Burgers_Steady2D/HF_FNO epoch 0600/1200 train=2.968e-04 val=5.133e-02 rel=6.420e-01
Burgers_Steady2D/HF_FNO epoch 0700/1200 train=2.419e-04 val=5.052e-02 rel=6.383e-01
Burgers_Steady2D/HF_FNO epoch 0800/1200 train=2.083e-04 val=4.999e-02 rel=6.359e-01
Burgers_Steady2D/HF_FNO epoch 0900/1200 train=1.878e-04 val=4.958e-02 rel=6.339e-01
Burgers_Steady2D/HF_FNO epoch 1000/1200 train=1.757e-04 val=4.935e-02 rel=6.328e-01
Burgers_Steady2D/HF_FNO epoch 1100/1200 train=1.685e-04 val=4.919e-02 rel=6.320e-01
Burgers_Steady2D/HF_FNO epoch 1200/1200 train=1.640e-04 val=4.909e-02 rel=6.317e-01
Burgers_Steady2D/HF_CFNO epoch 0001/1200 train=1.306e-01 val=1.426e-01 rel=1.116e+00
Burgers_Steady2D/HF_CFNO epoch 0100/1200 train=7.460e-03 val=3.777e-02 rel=5.614e-01
Burgers_Steady2D/HF_CFNO epoch 0200/1200 train=1.187e-03 val=2.653e-02 rel=4.532e-01
Burgers_Steady2D/HF_CFNO epoch 0300/1200 train=4.723e-04 val=2.309e-02 rel=4.117e-01
Burgers_Steady2D/HF_CFNO epoch 0400/1200 train=2.402e-04 val=2.176e-02 rel=3.936e-01
Burgers_Steady2D/HF_CFNO epoch 0500/1200 train=1.501e-04 val=2.077e-02 rel=3.815e-01
Burgers_Steady2D/HF_CFNO epoch 0600/1200 train=1.038e-04 val=2.025e-02 rel=3.747e-01
Burgers_Steady2D/HF_CFNO epoch 0700/1200 train=8.037e-05 val=1.988e-02 rel=3.704e-01
Burgers_Steady2D/HF_CFNO epoch 0800/1200 train=6.642e-05 val=1.961e-02 rel=3.671e-01
Burgers_Steady2D/HF_CFNO epoch 0900/1200 train=5.855e-05 val=1.945e-02 rel=3.651e-01
Burgers_Steady2D/HF_CFNO epoch 1000/1200 train=5.383e-05 val=1.935e-02 rel=3.637e-01
Burgers_Steady2D/HF_CFNO epoch 1100/1200 train=5.117e-05 val=1.928e-02 rel=3.628e-01
Burgers_Steady2D/HF_CFNO epoch 1200/1200 train=4.943e-05 val=1.923e-02 rel=3.621e-01

=== [12/15] Burgers_Transient1D on cuda ===
Burgers_Transient1D/FNO epoch 0001/1200 train=2.230e-02 val=2.778e-02 rel=4.544e-01
Burgers_Transient1D/FNO epoch 0100/1200 train=2.700e-04 val=4.624e-04 rel=5.569e-02
Burgers_Transient1D/FNO epoch 0200/1200 train=9.881e-05 val=2.426e-04 rel=3.965e-02
Burgers_Transient1D/FNO epoch 0300/1200 train=5.915e-05 val=2.007e-04 rel=3.648e-02
Burgers_Transient1D/FNO epoch 0400/1200 train=3.993e-05 val=1.798e-04 rel=3.441e-02
Burgers_Transient1D/FNO epoch 0500/1200 train=3.219e-05 val=1.632e-04 rel=3.294e-02
Burgers_Transient1D/FNO epoch 0600/1200 train=2.675e-05 val=1.595e-04 rel=3.220e-02
Burgers_Transient1D/FNO epoch 0700/1200 train=2.433e-05 val=1.526e-04 rel=3.165e-02
Burgers_Transient1D/FNO epoch 0800/1200 train=2.219e-05 val=1.474e-04 rel=3.107e-02
Burgers_Transient1D/FNO epoch 0900/1200 train=2.107e-05 val=1.435e-04 rel=3.064e-02
Burgers_Transient1D/FNO epoch 1000/1200 train=2.032e-05 val=1.423e-04 rel=3.049e-02
Burgers_Transient1D/FNO epoch 1100/1200 train=1.991e-05 val=1.416e-04 rel=3.041e-02
Burgers_Transient1D/FNO epoch 1200/1200 train=1.963e-05 val=1.416e-04 rel=3.039e-02
Burgers_Transient1D/CFNO epoch 0001/1200 train=2.068e-02 val=2.480e-02 rel=4.241e-01
Burgers_Transient1D/CFNO epoch 0100/1200 train=2.112e-04 val=6.740e-04 rel=6.446e-02
Burgers_Transient1D/CFNO epoch 0200/1200 train=3.791e-05 val=3.994e-04 rel=4.662e-02
Burgers_Transient1D/CFNO epoch 0300/1200 train=1.717e-05 val=3.411e-04 rel=4.265e-02
Burgers_Transient1D/CFNO epoch 0400/1200 train=1.110e-05 val=3.285e-04 rel=4.116e-02
Burgers_Transient1D/CFNO epoch 0500/1200 train=7.858e-06 val=3.150e-04 rel=4.054e-02
Burgers_Transient1D/CFNO epoch 0600/1200 train=1.531e-05 val=3.123e-04 rel=4.044e-02
Burgers_Transient1D/CFNO epoch 0700/1200 train=5.294e-06 val=3.052e-04 rel=3.967e-02
Burgers_Transient1D/CFNO epoch 0800/1200 train=4.781e-06 val=3.063e-04 rel=3.963e-02
Burgers_Transient1D/CFNO epoch 0900/1200 train=4.417e-06 val=3.069e-04 rel=3.963e-02
Burgers_Transient1D/CFNO epoch 1000/1200 train=4.201e-06 val=3.073e-04 rel=3.965e-02
Burgers_Transient1D/CFNO epoch 1100/1200 train=4.076e-06 val=3.076e-04 rel=3.964e-02
Burgers_Transient1D/CFNO epoch 1200/1200 train=3.998e-06 val=3.082e-04 rel=3.966e-02
Burgers_Transient1D/HF_FNO epoch 0001/1200 train=2.442e-02 val=3.347e-02 rel=5.028e-01
Burgers_Transient1D/HF_FNO epoch 0100/1200 train=2.338e-03 val=6.557e-03 rel=2.085e-01
Burgers_Transient1D/HF_FNO epoch 0200/1200 train=3.648e-04 val=1.390e-03 rel=9.939e-02
Burgers_Transient1D/HF_FNO epoch 0300/1200 train=1.328e-04 val=8.417e-04 rel=7.332e-02
Burgers_Transient1D/HF_FNO epoch 0400/1200 train=8.194e-05 val=5.929e-04 rel=6.037e-02
Burgers_Transient1D/HF_FNO epoch 0500/1200 train=5.251e-05 val=5.086e-04 rel=5.467e-02
Burgers_Transient1D/HF_FNO epoch 0600/1200 train=4.193e-05 val=4.637e-04 rel=5.180e-02
Burgers_Transient1D/HF_FNO epoch 0700/1200 train=3.498e-05 val=4.326e-04 rel=4.994e-02
Burgers_Transient1D/HF_FNO epoch 0800/1200 train=2.994e-05 val=4.126e-04 rel=4.866e-02
Burgers_Transient1D/HF_FNO epoch 0900/1200 train=2.718e-05 val=4.003e-04 rel=4.801e-02
Burgers_Transient1D/HF_FNO epoch 1000/1200 train=2.559e-05 val=3.925e-04 rel=4.748e-02
Burgers_Transient1D/HF_FNO epoch 1100/1200 train=2.468e-05 val=3.882e-04 rel=4.720e-02
Burgers_Transient1D/HF_FNO epoch 1200/1200 train=2.410e-05 val=3.852e-04 rel=4.704e-02
Burgers_Transient1D/HF_CFNO epoch 0001/1200 train=2.131e-02 val=2.733e-02 rel=4.479e-01
Burgers_Transient1D/HF_CFNO epoch 0100/1200 train=1.828e-03 val=2.631e-03 rel=1.270e-01
Burgers_Transient1D/HF_CFNO epoch 0200/1200 train=2.614e-04 val=7.661e-04 rel=6.696e-02
Burgers_Transient1D/HF_CFNO epoch 0300/1200 train=1.160e-04 val=4.669e-04 rel=5.073e-02
Burgers_Transient1D/HF_CFNO epoch 0400/1200 train=5.529e-05 val=3.925e-04 rel=4.591e-02
Burgers_Transient1D/HF_CFNO epoch 0500/1200 train=3.462e-05 val=3.491e-04 rel=4.273e-02
Burgers_Transient1D/HF_CFNO epoch 0600/1200 train=2.589e-05 val=3.241e-04 rel=4.092e-02
Burgers_Transient1D/HF_CFNO epoch 0700/1200 train=2.107e-05 val=3.004e-04 rel=3.933e-02
Burgers_Transient1D/HF_CFNO epoch 0800/1200 train=1.799e-05 val=2.835e-04 rel=3.841e-02
Burgers_Transient1D/HF_CFNO epoch 0900/1200 train=1.638e-05 val=2.750e-04 rel=3.775e-02
Burgers_Transient1D/HF_CFNO epoch 1000/1200 train=1.520e-05 val=2.700e-04 rel=3.743e-02
Burgers_Transient1D/HF_CFNO epoch 1100/1200 train=1.457e-05 val=2.662e-04 rel=3.720e-02
Burgers_Transient1D/HF_CFNO epoch 1200/1200 train=1.417e-05 val=2.626e-04 rel=3.694e-02

=== [13/15] ReactionDiffusion_Steady1D on cuda ===
ReactionDiffusion_Steady1D/FNO epoch 0001/1200 train=3.327e-01 val=2.708e-01 rel=9.963e-01
ReactionDiffusion_Steady1D/FNO epoch 0100/1200 train=4.355e-02 val=1.777e-01 rel=7.751e-01
ReactionDiffusion_Steady1D/FNO epoch 0200/1200 train=2.096e-02 val=2.188e-01 rel=8.837e-01
ReactionDiffusion_Steady1D/FNO epoch 0300/1200 train=1.272e-02 val=2.362e-01 rel=9.311e-01
ReactionDiffusion_Steady1D/FNO epoch 0400/1200 train=9.187e-03 val=2.484e-01 rel=9.517e-01
ReactionDiffusion_Steady1D/FNO epoch 0500/1200 train=7.301e-03 val=2.570e-01 rel=9.887e-01
ReactionDiffusion_Steady1D/FNO epoch 0600/1200 train=5.762e-03 val=2.631e-01 rel=1.011e+00
ReactionDiffusion_Steady1D/FNO epoch 0700/1200 train=5.631e-03 val=2.698e-01 rel=1.030e+00
ReactionDiffusion_Steady1D/FNO epoch 0800/1200 train=4.644e-03 val=2.738e-01 rel=1.045e+00
ReactionDiffusion_Steady1D/FNO epoch 0900/1200 train=4.202e-03 val=2.757e-01 rel=1.052e+00
ReactionDiffusion_Steady1D/FNO epoch 1000/1200 train=3.988e-03 val=2.768e-01 rel=1.057e+00
ReactionDiffusion_Steady1D/FNO epoch 1100/1200 train=3.876e-03 val=2.771e-01 rel=1.057e+00
ReactionDiffusion_Steady1D/FNO epoch 1200/1200 train=3.808e-03 val=2.778e-01 rel=1.059e+00
ReactionDiffusion_Steady1D/CFNO epoch 0001/1200 train=3.422e-01 val=2.800e-01 rel=1.038e+00
ReactionDiffusion_Steady1D/CFNO epoch 0100/1200 train=3.275e-02 val=1.397e-01 rel=7.513e-01
ReactionDiffusion_Steady1D/CFNO epoch 0200/1200 train=8.676e-03 val=1.603e-01 rel=8.250e-01
ReactionDiffusion_Steady1D/CFNO epoch 0300/1200 train=3.904e-03 val=1.703e-01 rel=8.491e-01
ReactionDiffusion_Steady1D/CFNO epoch 0400/1200 train=3.218e-03 val=1.738e-01 rel=8.672e-01
ReactionDiffusion_Steady1D/CFNO epoch 0500/1200 train=1.708e-03 val=1.730e-01 rel=8.681e-01
ReactionDiffusion_Steady1D/CFNO epoch 0600/1200 train=1.718e-03 val=1.726e-01 rel=8.735e-01
ReactionDiffusion_Steady1D/CFNO epoch 0700/1200 train=1.113e-03 val=1.732e-01 rel=8.739e-01
ReactionDiffusion_Steady1D/CFNO epoch 0800/1200 train=9.624e-04 val=1.742e-01 rel=8.780e-01
ReactionDiffusion_Steady1D/CFNO epoch 0900/1200 train=8.786e-04 val=1.748e-01 rel=8.796e-01
ReactionDiffusion_Steady1D/CFNO epoch 1000/1200 train=8.227e-04 val=1.751e-01 rel=8.807e-01
ReactionDiffusion_Steady1D/CFNO epoch 1100/1200 train=7.909e-04 val=1.753e-01 rel=8.811e-01
ReactionDiffusion_Steady1D/CFNO epoch 1200/1200 train=7.708e-04 val=1.753e-01 rel=8.811e-01
ReactionDiffusion_Steady1D/HF_FNO epoch 0001/1200 train=3.308e-01 val=2.734e-01 rel=1.004e+00
ReactionDiffusion_Steady1D/HF_FNO epoch 0100/1200 train=6.090e-02 val=1.829e-01 rel=8.143e-01
ReactionDiffusion_Steady1D/HF_FNO epoch 0200/1200 train=1.660e-02 val=2.190e-01 rel=9.325e-01
ReactionDiffusion_Steady1D/HF_FNO epoch 0300/1200 train=5.816e-03 val=2.609e-01 rel=1.045e+00
ReactionDiffusion_Steady1D/HF_FNO epoch 0400/1200 train=3.064e-03 val=2.627e-01 rel=1.059e+00
ReactionDiffusion_Steady1D/HF_FNO epoch 0500/1200 train=1.845e-03 val=2.594e-01 rel=1.058e+00
ReactionDiffusion_Steady1D/HF_FNO epoch 0600/1200 train=1.239e-03 val=2.556e-01 rel=1.055e+00
ReactionDiffusion_Steady1D/HF_FNO epoch 0700/1200 train=8.921e-04 val=2.534e-01 rel=1.054e+00
ReactionDiffusion_Steady1D/HF_FNO epoch 0800/1200 train=6.989e-04 val=2.519e-01 rel=1.053e+00
ReactionDiffusion_Steady1D/HF_FNO epoch 0900/1200 train=5.914e-04 val=2.513e-01 rel=1.053e+00
ReactionDiffusion_Steady1D/HF_FNO epoch 1000/1200 train=5.303e-04 val=2.504e-01 rel=1.052e+00
ReactionDiffusion_Steady1D/HF_FNO epoch 1100/1200 train=4.951e-04 val=2.502e-01 rel=1.052e+00
ReactionDiffusion_Steady1D/HF_FNO epoch 1200/1200 train=4.736e-04 val=2.501e-01 rel=1.052e+00
ReactionDiffusion_Steady1D/HF_CFNO epoch 0001/1200 train=3.392e-01 val=2.755e-01 rel=9.697e-01
ReactionDiffusion_Steady1D/HF_CFNO epoch 0100/1200 train=5.902e-02 val=1.820e-01 rel=8.480e-01
ReactionDiffusion_Steady1D/HF_CFNO epoch 0200/1200 train=1.012e-02 val=2.200e-01 rel=9.557e-01
ReactionDiffusion_Steady1D/HF_CFNO epoch 0300/1200 train=2.284e-03 val=2.263e-01 rel=9.970e-01
ReactionDiffusion_Steady1D/HF_CFNO epoch 0400/1200 train=9.798e-04 val=2.265e-01 rel=1.003e+00
ReactionDiffusion_Steady1D/HF_CFNO epoch 0500/1200 train=5.382e-04 val=2.268e-01 rel=1.005e+00
ReactionDiffusion_Steady1D/HF_CFNO epoch 0600/1200 train=3.585e-04 val=2.272e-01 rel=1.008e+00
ReactionDiffusion_Steady1D/HF_CFNO epoch 0700/1200 train=2.669e-04 val=2.274e-01 rel=1.009e+00
ReactionDiffusion_Steady1D/HF_CFNO epoch 0800/1200 train=2.161e-04 val=2.276e-01 rel=1.010e+00
ReactionDiffusion_Steady1D/HF_CFNO epoch 0900/1200 train=1.870e-04 val=2.277e-01 rel=1.010e+00
ReactionDiffusion_Steady1D/HF_CFNO epoch 1000/1200 train=1.705e-04 val=2.278e-01 rel=1.010e+00
ReactionDiffusion_Steady1D/HF_CFNO epoch 1100/1200 train=1.610e-04 val=2.278e-01 rel=1.010e+00
ReactionDiffusion_Steady1D/HF_CFNO epoch 1200/1200 train=1.550e-04 val=2.278e-01 rel=1.011e+00

=== [14/15] ReactionDiffusion_Steady2D on cuda ===
ReactionDiffusion_Steady2D/FNO epoch 0001/1200 train=9.858e-02 val=1.348e-01 rel=9.647e-01
ReactionDiffusion_Steady2D/FNO epoch 0100/1200 train=7.863e-03 val=7.458e-02 rel=6.374e-01
ReactionDiffusion_Steady2D/FNO epoch 0200/1200 train=3.933e-03 val=7.358e-02 rel=6.193e-01
ReactionDiffusion_Steady2D/FNO epoch 0300/1200 train=3.051e-03 val=7.171e-02 rel=6.186e-01
ReactionDiffusion_Steady2D/FNO epoch 0400/1200 train=2.339e-03 val=7.202e-02 rel=6.106e-01
ReactionDiffusion_Steady2D/FNO epoch 0500/1200 train=2.035e-03 val=7.207e-02 rel=6.081e-01
ReactionDiffusion_Steady2D/FNO epoch 0600/1200 train=1.848e-03 val=7.168e-02 rel=6.050e-01
ReactionDiffusion_Steady2D/FNO epoch 0700/1200 train=1.719e-03 val=7.259e-02 rel=6.054e-01
ReactionDiffusion_Steady2D/FNO epoch 0800/1200 train=1.634e-03 val=7.252e-02 rel=6.049e-01
ReactionDiffusion_Steady2D/FNO epoch 0900/1200 train=1.580e-03 val=7.233e-02 rel=6.043e-01
ReactionDiffusion_Steady2D/FNO epoch 1000/1200 train=1.548e-03 val=7.233e-02 rel=6.043e-01
ReactionDiffusion_Steady2D/FNO epoch 1100/1200 train=1.527e-03 val=7.226e-02 rel=6.042e-01
ReactionDiffusion_Steady2D/FNO epoch 1200/1200 train=1.515e-03 val=7.240e-02 rel=6.046e-01
ReactionDiffusion_Steady2D/CFNO epoch 0001/1200 train=9.691e-02 val=1.342e-01 rel=9.664e-01
ReactionDiffusion_Steady2D/CFNO epoch 0100/1200 train=1.973e-03 val=1.691e-02 rel=3.052e-01
ReactionDiffusion_Steady2D/CFNO epoch 0200/1200 train=5.449e-04 val=1.117e-02 rel=2.444e-01
ReactionDiffusion_Steady2D/CFNO epoch 0300/1200 train=2.497e-04 val=9.676e-03 rel=2.264e-01
ReactionDiffusion_Steady2D/CFNO epoch 0400/1200 train=1.746e-04 val=9.171e-03 rel=2.190e-01
ReactionDiffusion_Steady2D/CFNO epoch 0500/1200 train=1.232e-04 val=9.176e-03 rel=2.183e-01
ReactionDiffusion_Steady2D/CFNO epoch 0600/1200 train=9.798e-05 val=9.001e-03 rel=2.150e-01
ReactionDiffusion_Steady2D/CFNO epoch 0700/1200 train=8.239e-05 val=8.866e-03 rel=2.130e-01
ReactionDiffusion_Steady2D/CFNO epoch 0800/1200 train=7.249e-05 val=8.755e-03 rel=2.111e-01
ReactionDiffusion_Steady2D/CFNO epoch 0900/1200 train=6.652e-05 val=8.694e-03 rel=2.102e-01
ReactionDiffusion_Steady2D/CFNO epoch 1000/1200 train=6.289e-05 val=8.648e-03 rel=2.095e-01
ReactionDiffusion_Steady2D/CFNO epoch 1100/1200 train=6.074e-05 val=8.618e-03 rel=2.091e-01
ReactionDiffusion_Steady2D/CFNO epoch 1200/1200 train=5.933e-05 val=8.595e-03 rel=2.088e-01
ReactionDiffusion_Steady2D/HF_FNO epoch 0001/1200 train=9.837e-02 val=1.432e-01 rel=1.001e+00
ReactionDiffusion_Steady2D/HF_FNO epoch 0100/1200 train=9.024e-03 val=4.938e-02 rel=5.659e-01
ReactionDiffusion_Steady2D/HF_FNO epoch 0200/1200 train=1.602e-03 val=2.843e-02 rel=4.159e-01
ReactionDiffusion_Steady2D/HF_FNO epoch 0300/1200 train=6.466e-04 val=2.383e-02 rel=3.689e-01
ReactionDiffusion_Steady2D/HF_FNO epoch 0400/1200 train=3.603e-04 val=2.258e-02 rel=3.510e-01
ReactionDiffusion_Steady2D/HF_FNO epoch 0500/1200 train=2.370e-04 val=2.234e-02 rel=3.443e-01
ReactionDiffusion_Steady2D/HF_FNO epoch 0600/1200 train=1.763e-04 val=2.251e-02 rel=3.421e-01
ReactionDiffusion_Steady2D/HF_FNO epoch 0700/1200 train=1.426e-04 val=2.252e-02 rel=3.406e-01
ReactionDiffusion_Steady2D/HF_FNO epoch 0800/1200 train=1.229e-04 val=2.259e-02 rel=3.398e-01
ReactionDiffusion_Steady2D/HF_FNO epoch 0900/1200 train=1.111e-04 val=2.262e-02 rel=3.393e-01
ReactionDiffusion_Steady2D/HF_FNO epoch 1000/1200 train=1.039e-04 val=2.264e-02 rel=3.391e-01
ReactionDiffusion_Steady2D/HF_FNO epoch 1100/1200 train=9.983e-05 val=2.265e-02 rel=3.389e-01
ReactionDiffusion_Steady2D/HF_FNO epoch 1200/1200 train=9.717e-05 val=2.267e-02 rel=3.389e-01
ReactionDiffusion_Steady2D/HF_CFNO epoch 0001/1200 train=9.903e-02 val=1.437e-01 rel=9.992e-01
ReactionDiffusion_Steady2D/HF_CFNO epoch 0100/1200 train=4.896e-03 val=3.780e-02 rel=4.854e-01
ReactionDiffusion_Steady2D/HF_CFNO epoch 0200/1200 train=4.932e-04 val=1.671e-02 rel=3.145e-01
ReactionDiffusion_Steady2D/HF_CFNO epoch 0300/1200 train=1.634e-04 val=1.087e-02 rel=2.510e-01
ReactionDiffusion_Steady2D/HF_CFNO epoch 0400/1200 train=8.255e-05 val=9.232e-03 rel=2.296e-01
ReactionDiffusion_Steady2D/HF_CFNO epoch 0500/1200 train=4.843e-05 val=8.344e-03 rel=2.173e-01
ReactionDiffusion_Steady2D/HF_CFNO epoch 0600/1200 train=3.609e-05 val=7.771e-03 rel=2.099e-01
ReactionDiffusion_Steady2D/HF_CFNO epoch 0700/1200 train=2.759e-05 val=7.397e-03 rel=2.047e-01
ReactionDiffusion_Steady2D/HF_CFNO epoch 0800/1200 train=2.333e-05 val=7.179e-03 rel=2.016e-01
ReactionDiffusion_Steady2D/HF_CFNO epoch 0900/1200 train=2.061e-05 val=7.013e-03 rel=1.993e-01
ReactionDiffusion_Steady2D/HF_CFNO epoch 1000/1200 train=1.912e-05 val=6.911e-03 rel=1.979e-01
ReactionDiffusion_Steady2D/HF_CFNO epoch 1100/1200 train=1.820e-05 val=6.860e-03 rel=1.971e-01
ReactionDiffusion_Steady2D/HF_CFNO epoch 1200/1200 train=1.769e-05 val=6.812e-03 rel=1.964e-01

=== [15/15] ReactionDiffusion_Transient1D on cuda ===
ReactionDiffusion_Transient1D/FNO epoch 0001/1200 train=1.997e-02 val=2.250e-02 rel=4.160e-01
ReactionDiffusion_Transient1D/FNO epoch 0100/1200 train=1.976e-04 val=4.457e-04 rel=5.674e-02
ReactionDiffusion_Transient1D/FNO epoch 0200/1200 train=4.844e-05 val=1.359e-04 rel=3.199e-02
ReactionDiffusion_Transient1D/FNO epoch 0300/1200 train=2.426e-05 val=7.699e-05 rel=2.404e-02
ReactionDiffusion_Transient1D/FNO epoch 0400/1200 train=2.148e-05 val=4.900e-05 rel=1.921e-02
ReactionDiffusion_Transient1D/FNO epoch 0500/1200 train=1.381e-05 val=4.553e-05 rel=1.848e-02
ReactionDiffusion_Transient1D/FNO epoch 0600/1200 train=1.020e-05 val=3.872e-05 rel=1.714e-02
ReactionDiffusion_Transient1D/FNO epoch 0700/1200 train=8.772e-06 val=3.685e-05 rel=1.675e-02
ReactionDiffusion_Transient1D/FNO epoch 0800/1200 train=8.186e-06 val=3.539e-05 rel=1.641e-02
ReactionDiffusion_Transient1D/FNO epoch 0900/1200 train=7.727e-06 val=3.485e-05 rel=1.629e-02
ReactionDiffusion_Transient1D/FNO epoch 1000/1200 train=7.473e-06 val=3.440e-05 rel=1.620e-02
ReactionDiffusion_Transient1D/FNO epoch 1100/1200 train=7.325e-06 val=3.417e-05 rel=1.616e-02
ReactionDiffusion_Transient1D/FNO epoch 1200/1200 train=7.231e-06 val=3.403e-05 rel=1.612e-02
ReactionDiffusion_Transient1D/CFNO epoch 0001/1200 train=2.006e-02 val=2.340e-02 rel=4.251e-01
ReactionDiffusion_Transient1D/CFNO epoch 0100/1200 train=3.964e-04 val=1.150e-03 rel=9.618e-02
ReactionDiffusion_Transient1D/CFNO epoch 0200/1200 train=4.886e-05 val=1.942e-04 rel=3.551e-02
ReactionDiffusion_Transient1D/CFNO epoch 0300/1200 train=2.304e-05 val=1.206e-04 rel=2.847e-02
ReactionDiffusion_Transient1D/CFNO epoch 0400/1200 train=1.392e-05 val=8.279e-05 rel=2.446e-02
ReactionDiffusion_Transient1D/CFNO epoch 0500/1200 train=5.733e-06 val=7.015e-05 rel=2.234e-02
ReactionDiffusion_Transient1D/CFNO epoch 0600/1200 train=4.530e-06 val=6.124e-05 rel=2.111e-02
ReactionDiffusion_Transient1D/CFNO epoch 0700/1200 train=3.804e-06 val=5.946e-05 rel=2.060e-02
ReactionDiffusion_Transient1D/CFNO epoch 0800/1200 train=3.258e-06 val=5.527e-05 rel=2.001e-02
ReactionDiffusion_Transient1D/CFNO epoch 0900/1200 train=3.012e-06 val=5.353e-05 rel=1.972e-02
ReactionDiffusion_Transient1D/CFNO epoch 1000/1200 train=2.856e-06 val=5.255e-05 rel=1.958e-02
ReactionDiffusion_Transient1D/CFNO epoch 1100/1200 train=2.776e-06 val=5.199e-05 rel=1.947e-02
ReactionDiffusion_Transient1D/CFNO epoch 1200/1200 train=2.712e-06 val=5.174e-05 rel=1.942e-02
ReactionDiffusion_Transient1D/HF_FNO epoch 0001/1200 train=2.207e-02 val=2.483e-02 rel=4.412e-01
ReactionDiffusion_Transient1D/HF_FNO epoch 0100/1200 train=3.056e-03 val=5.071e-03 rel=1.902e-01
ReactionDiffusion_Transient1D/HF_FNO epoch 0200/1200 train=1.670e-04 val=4.255e-04 rel=5.610e-02
ReactionDiffusion_Transient1D/HF_FNO epoch 0300/1200 train=7.885e-05 val=2.444e-04 rel=4.159e-02
ReactionDiffusion_Transient1D/HF_FNO epoch 0400/1200 train=5.191e-05 val=1.755e-04 rel=3.482e-02
ReactionDiffusion_Transient1D/HF_FNO epoch 0500/1200 train=3.598e-05 val=1.214e-04 rel=2.886e-02
ReactionDiffusion_Transient1D/HF_FNO epoch 0600/1200 train=2.514e-05 val=1.088e-04 rel=2.709e-02
ReactionDiffusion_Transient1D/HF_FNO epoch 0700/1200 train=2.062e-05 val=9.364e-05 rel=2.526e-02
ReactionDiffusion_Transient1D/HF_FNO epoch 0800/1200 train=1.826e-05 val=8.499e-05 rel=2.412e-02
ReactionDiffusion_Transient1D/HF_FNO epoch 0900/1200 train=1.659e-05 val=7.846e-05 rel=2.309e-02
ReactionDiffusion_Transient1D/HF_FNO epoch 1000/1200 train=1.565e-05 val=7.561e-05 rel=2.271e-02
ReactionDiffusion_Transient1D/HF_FNO epoch 1100/1200 train=1.510e-05 val=7.401e-05 rel=2.243e-02
ReactionDiffusion_Transient1D/HF_FNO epoch 1200/1200 train=1.475e-05 val=7.302e-05 rel=2.229e-02
ReactionDiffusion_Transient1D/HF_CFNO epoch 0001/1200 train=2.032e-02 val=2.439e-02 rel=4.356e-01
ReactionDiffusion_Transient1D/HF_CFNO epoch 0100/1200 train=9.682e-04 val=1.763e-03 rel=1.150e-01
ReactionDiffusion_Transient1D/HF_CFNO epoch 0200/1200 train=1.197e-04 val=2.905e-04 rel=4.523e-02
ReactionDiffusion_Transient1D/HF_CFNO epoch 0300/1200 train=5.008e-05 val=1.366e-04 rel=3.233e-02
ReactionDiffusion_Transient1D/HF_CFNO epoch 0400/1200 train=2.673e-05 val=8.734e-05 rel=2.578e-02
ReactionDiffusion_Transient1D/HF_CFNO epoch 0500/1200 train=2.001e-05 val=8.302e-05 rel=2.516e-02
ReactionDiffusion_Transient1D/HF_CFNO epoch 0600/1200 train=1.355e-05 val=6.145e-05 rel=2.135e-02
ReactionDiffusion_Transient1D/HF_CFNO epoch 0700/1200 train=1.234e-05 val=5.264e-05 rel=2.021e-02
ReactionDiffusion_Transient1D/HF_CFNO epoch 0800/1200 train=9.502e-06 val=4.517e-05 rel=1.863e-02
ReactionDiffusion_Transient1D/HF_CFNO epoch 0900/1200 train=8.654e-06 val=4.438e-05 rel=1.833e-02
ReactionDiffusion_Transient1D/HF_CFNO epoch 1000/1200 train=8.038e-06 val=4.248e-05 rel=1.796e-02
ReactionDiffusion_Transient1D/HF_CFNO epoch 1100/1200 train=7.689e-06 val=4.132e-05 rel=1.771e-02
ReactionDiffusion_Transient1D/HF_CFNO epoch 1200/1200 train=7.514e-06 val=4.059e-05 rel=1.756e-02

Benchmark complete: D:\Ansys\SymPhONIC\OtherPDEs\LegacyHF_PDE_Benchmark_Normalized_20260705
